#
# There is insufficient memory for the Java Runtime Environment to continue.
# Native memory allocation (mmap) failed to map 27262976 bytes for Failed to commit area from 0x000000008ac00000 to 0x000000008c600000 of length 27262976.
# Possible reasons:
#   The system is out of physical RAM or swap space
#   The process is running with CompressedOops enabled, and the Java Heap may be blocking the growth of the native heap
# Possible solutions:
#   Reduce memory load on the system
#   Increase physical memory or swap space
#   Check if swap backing store is full
#   Decrease Java heap size (-Xmx/-Xms)
#   Decrease number of Java threads
#   Decrease Java thread stack sizes (-Xss)
#   Set larger code cache with -XX:ReservedCodeCacheSize=
#   JVM is running with Unscaled Compressed Oops mode in which the Java heap is
#     placed in the first 4GB address space. The Java Heap base address is the
#     maximum limit for the native heap growth. Please use -XX:HeapBaseMinAddress
#     to set the Java Heap base and to place the Java Heap above 4GB virtual address.
# This output file may be truncated or incomplete.
#
#  Out of Memory Error (os_windows.cpp:3391), pid=5292, tid=19648
#
# JRE version: OpenJDK Runtime Environment Corretto-11.0.30.7.1 (11.0.30+7) (build 11.0.30+7-LTS)
# Java VM: OpenJDK 64-Bit Server VM Corretto-11.0.30.7.1 (11.0.30+7-LTS, mixed mode, tiered, compressed oops, g1 gc, windows-amd64)
# No core dump will be written. Minidumps are not enabled by default on client versions of Windows
#

---------------  S U M M A R Y ------------

Command Line: -Dclassworlds.conf=C:\Program Files\JetBrains\IntelliJ IDEA Community Edition 2025.2.6.1\plugins\maven\lib\maven3\bin\m2.conf -Dmaven.home=C:\Program Files\JetBrains\IntelliJ IDEA Community Edition 2025.2.6.1\plugins\maven\lib\maven3 -Dlibrary.jansi.path=C:\Program Files\JetBrains\IntelliJ IDEA Community Edition 2025.2.6.1\plugins\maven\lib\maven3\lib\jansi-native -Dmaven.multiModuleProjectDirectory=C:\Users\VAR\IdeaProjects\Sprint_7 org.codehaus.plexus.classworlds.launcher.Launcher -Didea.version=2025.2.6.1 -Dmaven.ext.class.path=C:\Program Files\JetBrains\IntelliJ IDEA Community Edition 2025.2.6.1\plugins\maven\lib\maven-event-listener.jar -Djansi.passthrough=true -Dstyle.color=always -Dmaven.repo.local=C:\Users\VAR\.m2\repository test -f pom.xml

Host: Intel(R) Core(TM) i3-8145U CPU @ 2.10GHz, 4 cores, 7G,  Windows 11 , 64 bit Build 26100 (10.0.26100.8328)
Time: Wed May 13 00:06:33 2026 RTZ 2 (s 11 , 64 bit Build 26100 (10.0.26100.8328) elapsed time: 5.660089 seconds (0d 0h 0m 5s)

---------------  T H R E A D  ---------------

Current thread (0x0000020d1bc27800):  VMThread "VM Thread" [stack: 0x0000001592400000,0x0000001592500000] [id=19648]

Stack: [0x0000001592400000,0x0000001592500000]
[error occurred during error reporting (printing stack bounds), id 0xc0000005, EXCEPTION_ACCESS_VIOLATION (0xc0000005) at pc=0x0000020d086f112d]

Native frames: (J=compiled Java code, j=interpreted, Vv=VM code, C=native code)
V  [jvm.dll+0x64667a]
V  [jvm.dll+0x7da009]
V  [jvm.dll+0x7db709]
V  [jvm.dll+0x7dbd55]
V  [jvm.dll+0x7dbd0b]
V  [jvm.dll+0x645985]
V  [jvm.dll+0x646088]
C  [ntdll.dll+0x1663df]
C  [ntdll.dll+0x19497]
C  [ntdll.dll+0x165d1e]
C  0x0000020d086f112d

VM_Operation (0x0000001591efbe90): G1CollectForAllocation, mode: safepoint, requested by thread 0x0000020d7b30e000


---------------  P R O C E S S  ---------------

Threads class SMR info:
_java_thread_list=0x0000020d1db2fd80, length=12, elements={
0x0000020d7b30e000, 0x0000020d1bc4d000, 0x0000020d1bc58800, 0x0000020d1bc70800,
0x0000020d1bc71000, 0x0000020d1bc72000, 0x0000020d1bc75800, 0x0000020d1c604800,
0x0000020d1c65b000, 0x0000020d1c769000, 0x0000020d1d88f800, 0x0000020d1df8d800
}

Java Threads: ( => current thread )
  0x0000020d7b30e000 JavaThread "main" [_thread_blocked, id=2456, stack(0x0000001591e00000,0x0000001591f00000)]
  0x0000020d1bc4d000 JavaThread "Reference Handler" daemon [_thread_blocked, id=12072, stack(0x0000001592500000,0x0000001592600000)]
  0x0000020d1bc58800 JavaThread "Finalizer" daemon [_thread_blocked, id=20332, stack(0x0000001592600000,0x0000001592700000)]
  0x0000020d1bc70800 JavaThread "Signal Dispatcher" daemon [_thread_blocked, id=8880, stack(0x0000001592700000,0x0000001592800000)]
  0x0000020d1bc71000 JavaThread "Attach Listener" daemon [_thread_blocked, id=9532, stack(0x0000001592800000,0x0000001592900000)]
  0x0000020d1bc72000 JavaThread "Service Thread" daemon [_thread_blocked, id=12556, stack(0x0000001592900000,0x0000001592a00000)]
  0x0000020d1bc75800 JavaThread "C2 CompilerThread0" daemon [_thread_blocked, id=16472, stack(0x0000001592a00000,0x0000001592b00000)]
  0x0000020d1c604800 JavaThread "C1 CompilerThread0" daemon [_thread_blocked, id=2204, stack(0x0000001592b00000,0x0000001592c00000)]
  0x0000020d1c65b000 JavaThread "Sweeper thread" daemon [_thread_blocked, id=19468, stack(0x0000001592c00000,0x0000001592d00000)]
  0x0000020d1c769000 JavaThread "Common-Cleaner" daemon [_thread_blocked, id=6464, stack(0x0000001592e00000,0x0000001592f00000)]
  0x0000020d1d88f800 JavaThread "Thread-1" daemon [_thread_blocked, id=11040, stack(0x0000001592f00000,0x0000001593000000)]
  0x0000020d1df8d800 JavaThread "C2 CompilerThread1" daemon [_thread_blocked, id=5116, stack(0x0000001593200000,0x0000001593300000)]

Other Threads:
=>0x0000020d1bc27800 VMThread "VM Thread" [stack: 0x0000001592400000,0x0000001592500000] [id=19648]
  0x0000020d1c756800 WatcherThread [stack: 0x0000001592d00000,0x0000001592e00000] [id=12132]
  0x0000020d7b7c8000 GCTaskThread "GC Thread#0" [stack: 0x0000001591f00000,0x0000001592000000] [id=17752]
  0x0000020d1d6e8800 GCTaskThread "GC Thread#1" [stack: 0x0000001593000000,0x0000001593100000] [id=8096]
  0x0000020d1d99f000 GCTaskThread "GC Thread#2" [stack: 0x0000001593100000,0x0000001593200000] [id=14752]
  0x0000020d7b7f9800 ConcurrentGCThread "G1 Main Marker" [stack: 0x0000001592000000,0x0000001592100000] [id=18848]
  0x0000020d7b7fb800 ConcurrentGCThread "G1 Conc#0" [stack: 0x0000001592100000,0x0000001592200000] [id=11304]
  0x0000020d1ba90800 ConcurrentGCThread "G1 Refine#0" [stack: 0x0000001592200000,0x0000001592300000] [id=12584]
  0x0000020d1ba91000 ConcurrentGCThread "G1 Young RemSet Sampling" [stack: 0x0000001592300000,0x0000001592400000] [id=2480]

Threads with active compile tasks:
C2 CompilerThread0     5735 4037       4       org.eclipse.sisu.inject.LocatedBeans$Itr::hasNext (169 bytes)
C2 CompilerThread1     5735 4027       4       org.apache.maven.model.Dependency::getManagementKey (94 bytes)

VM state:at safepoint (normal execution)

VM Mutex/Monitor currently owned by a thread:  ([mutex/lock_event])
[0x0000020d7b30bbb0] Threads_lock - owner thread: 0x0000020d1bc27800
[0x0000020d7b30bb20] Heap_lock - owner thread: 0x0000020d7b30e000

Heap address: 0x0000000082e00000, size: 2002 MB, Compressed Oops mode: 32-bit
Narrow klass base: 0x0000000000000000, Narrow klass shift: 3
Compressed class space size: 1073741824 Address: 0x0000000100000000

Heap:
 garbage-first heap   total 155648K, used 10829K [0x0000000082e00000, 0x0000000100000000)
  region size 1024K, 8 young (8192K), 8 survivors (8192K)
 Metaspace       used 25949K, capacity 26603K, committed 26752K, reserved 1073152K
  class space    used 2753K, capacity 2937K, committed 2944K, reserved 1048576K
Heap Regions: E=young(eden), S=young(survivor), O=old, HS=humongous(starts), HC=humongous(continues), CS=collection set, F=free, A=archive, TAMS=top-at-mark-start (previous, next)
|   0|0x0000000082e00000, 0x0000000082f00000, 0x0000000082f00000|100%| O|  |TAMS 0x0000000082f00000, 0x0000000082e00000| Untracked 
|   1|0x0000000082f00000, 0x0000000083000000, 0x0000000083000000|100%| O|  |TAMS 0x0000000083000000, 0x0000000082f00000| Untracked 
|   2|0x0000000083000000, 0x0000000083100000, 0x0000000083100000|100%| O|  |TAMS 0x0000000083100000, 0x0000000083000000| Untracked 
|   3|0x0000000083100000, 0x000000008310e400, 0x0000000083200000|  5%| O|  |TAMS 0x000000008310e400, 0x0000000083100000| Untracked 
|   4|0x0000000083200000, 0x0000000083200000, 0x0000000083300000|  0%| F|  |TAMS 0x0000000083200000, 0x0000000083200000| Untracked 
|   5|0x0000000083300000, 0x0000000083300000, 0x0000000083400000|  0%| F|  |TAMS 0x0000000083300000, 0x0000000083300000| Untracked 
|   6|0x0000000083400000, 0x0000000083400000, 0x0000000083500000|  0%| F|  |TAMS 0x0000000083400000, 0x0000000083400000| Untracked 
|   7|0x0000000083500000, 0x0000000083500000, 0x0000000083600000|  0%| F|  |TAMS 0x0000000083500000, 0x0000000083500000| Untracked 
|   8|0x0000000083600000, 0x0000000083600000, 0x0000000083700000|  0%| F|  |TAMS 0x0000000083600000, 0x0000000083600000| Untracked 
|   9|0x0000000083700000, 0x0000000083700000, 0x0000000083800000|  0%| F|  |TAMS 0x0000000083700000, 0x0000000083700000| Untracked 
|  10|0x0000000083800000, 0x0000000083800000, 0x0000000083900000|  0%| F|  |TAMS 0x0000000083800000, 0x0000000083800000| Untracked 
|  11|0x0000000083900000, 0x0000000083900000, 0x0000000083a00000|  0%| F|  |TAMS 0x0000000083900000, 0x0000000083900000| Untracked 
|  12|0x0000000083a00000, 0x0000000083a00000, 0x0000000083b00000|  0%| F|  |TAMS 0x0000000083a00000, 0x0000000083a00000| Untracked 
|  13|0x0000000083b00000, 0x0000000083b00000, 0x0000000083c00000|  0%| F|  |TAMS 0x0000000083b00000, 0x0000000083b00000| Untracked 
|  14|0x0000000083c00000, 0x0000000083c00000, 0x0000000083d00000|  0%| F|  |TAMS 0x0000000083c00000, 0x0000000083c00000| Untracked 
|  15|0x0000000083d00000, 0x0000000083d00000, 0x0000000083e00000|  0%| F|  |TAMS 0x0000000083d00000, 0x0000000083d00000| Untracked 
|  16|0x0000000083e00000, 0x0000000083e00000, 0x0000000083f00000|  0%| F|  |TAMS 0x0000000083e00000, 0x0000000083e00000| Untracked 
|  17|0x0000000083f00000, 0x0000000083f00000, 0x0000000084000000|  0%| F|  |TAMS 0x0000000083f00000, 0x0000000083f00000| Untracked 
|  18|0x0000000084000000, 0x0000000084000000, 0x0000000084100000|  0%| F|  |TAMS 0x0000000084000000, 0x0000000084000000| Untracked 
|  19|0x0000000084100000, 0x0000000084100000, 0x0000000084200000|  0%| F|  |TAMS 0x0000000084100000, 0x0000000084100000| Untracked 
|  20|0x0000000084200000, 0x0000000084200000, 0x0000000084300000|  0%| F|  |TAMS 0x0000000084200000, 0x0000000084200000| Untracked 
|  21|0x0000000084300000, 0x0000000084300000, 0x0000000084400000|  0%| F|  |TAMS 0x0000000084300000, 0x0000000084300000| Untracked 
|  22|0x0000000084400000, 0x0000000084400000, 0x0000000084500000|  0%| F|  |TAMS 0x0000000084400000, 0x0000000084400000| Untracked 
|  23|0x0000000084500000, 0x0000000084500000, 0x0000000084600000|  0%| F|  |TAMS 0x0000000084500000, 0x0000000084500000| Untracked 
|  24|0x0000000084600000, 0x0000000084600000, 0x0000000084700000|  0%| F|  |TAMS 0x0000000084600000, 0x0000000084600000| Untracked 
|  25|0x0000000084700000, 0x0000000084700000, 0x0000000084800000|  0%| F|  |TAMS 0x0000000084700000, 0x0000000084700000| Untracked 
|  26|0x0000000084800000, 0x0000000084800000, 0x0000000084900000|  0%| F|  |TAMS 0x0000000084800000, 0x0000000084800000| Untracked 
|  27|0x0000000084900000, 0x0000000084900000, 0x0000000084a00000|  0%| F|  |TAMS 0x0000000084900000, 0x0000000084900000| Untracked 
|  28|0x0000000084a00000, 0x0000000084a00000, 0x0000000084b00000|  0%| F|  |TAMS 0x0000000084a00000, 0x0000000084a00000| Untracked 
|  29|0x0000000084b00000, 0x0000000084b00000, 0x0000000084c00000|  0%| F|  |TAMS 0x0000000084b00000, 0x0000000084b00000| Untracked 
|  30|0x0000000084c00000, 0x0000000084c00000, 0x0000000084d00000|  0%| F|  |TAMS 0x0000000084c00000, 0x0000000084c00000| Untracked 
|  31|0x0000000084d00000, 0x0000000084d00000, 0x0000000084e00000|  0%| F|  |TAMS 0x0000000084d00000, 0x0000000084d00000| Untracked 
|  32|0x0000000084e00000, 0x0000000084e00000, 0x0000000084f00000|  0%| F|  |TAMS 0x0000000084e00000, 0x0000000084e00000| Untracked 
|  33|0x0000000084f00000, 0x0000000084f00000, 0x0000000085000000|  0%| F|  |TAMS 0x0000000084f00000, 0x0000000084f00000| Untracked 
|  34|0x0000000085000000, 0x0000000085000000, 0x0000000085100000|  0%| F|  |TAMS 0x0000000085000000, 0x0000000085000000| Untracked 
|  35|0x0000000085100000, 0x0000000085100000, 0x0000000085200000|  0%| F|  |TAMS 0x0000000085100000, 0x0000000085100000| Untracked 
|  36|0x0000000085200000, 0x0000000085200000, 0x0000000085300000|  0%| F|  |TAMS 0x0000000085200000, 0x0000000085200000| Untracked 
|  37|0x0000000085300000, 0x0000000085300000, 0x0000000085400000|  0%| F|  |TAMS 0x0000000085300000, 0x0000000085300000| Untracked 
|  38|0x0000000085400000, 0x0000000085400000, 0x0000000085500000|  0%| F|  |TAMS 0x0000000085400000, 0x0000000085400000| Untracked 
|  39|0x0000000085500000, 0x0000000085500000, 0x0000000085600000|  0%| F|  |TAMS 0x0000000085500000, 0x0000000085500000| Untracked 
|  40|0x0000000085600000, 0x0000000085600000, 0x0000000085700000|  0%| F|  |TAMS 0x0000000085600000, 0x0000000085600000| Untracked 
|  41|0x0000000085700000, 0x0000000085700000, 0x0000000085800000|  0%| F|  |TAMS 0x0000000085700000, 0x0000000085700000| Untracked 
|  42|0x0000000085800000, 0x0000000085800000, 0x0000000085900000|  0%| F|  |TAMS 0x0000000085800000, 0x0000000085800000| Untracked 
|  43|0x0000000085900000, 0x0000000085985260, 0x0000000085a00000| 52%| S|CS|TAMS 0x0000000085900000, 0x0000000085900000| Complete 
|  44|0x0000000085a00000, 0x0000000085b00000, 0x0000000085b00000|100%| S|CS|TAMS 0x0000000085a00000, 0x0000000085a00000| Complete 
|  45|0x0000000085b00000, 0x0000000085c00000, 0x0000000085c00000|100%| S|CS|TAMS 0x0000000085b00000, 0x0000000085b00000| Complete 
|  46|0x0000000085c00000, 0x0000000085d00000, 0x0000000085d00000|100%| S|CS|TAMS 0x0000000085c00000, 0x0000000085c00000| Complete 
|  47|0x0000000085d00000, 0x0000000085e00000, 0x0000000085e00000|100%| S|CS|TAMS 0x0000000085d00000, 0x0000000085d00000| Complete 
|  48|0x0000000085e00000, 0x0000000085f00000, 0x0000000085f00000|100%| S|CS|TAMS 0x0000000085e00000, 0x0000000085e00000| Complete 
|  49|0x0000000085f00000, 0x0000000086000000, 0x0000000086000000|100%| S|CS|TAMS 0x0000000085f00000, 0x0000000085f00000| Complete 
|  50|0x0000000086000000, 0x0000000086100000, 0x0000000086100000|100%| S|CS|TAMS 0x0000000086000000, 0x0000000086000000| Complete 
|  51|0x0000000086100000, 0x0000000086100000, 0x0000000086200000|  0%| F|  |TAMS 0x0000000086100000, 0x0000000086100000| Untracked 
|  52|0x0000000086200000, 0x0000000086200000, 0x0000000086300000|  0%| F|  |TAMS 0x0000000086200000, 0x0000000086200000| Untracked 
|  53|0x0000000086300000, 0x0000000086300000, 0x0000000086400000|  0%| F|  |TAMS 0x0000000086300000, 0x0000000086300000| Untracked 
|  54|0x0000000086400000, 0x0000000086400000, 0x0000000086500000|  0%| F|  |TAMS 0x0000000086400000, 0x0000000086400000| Untracked 
|  55|0x0000000086500000, 0x0000000086500000, 0x0000000086600000|  0%| F|  |TAMS 0x0000000086500000, 0x0000000086500000| Untracked 
|  56|0x0000000086600000, 0x0000000086600000, 0x0000000086700000|  0%| F|  |TAMS 0x0000000086600000, 0x0000000086600000| Untracked 
|  57|0x0000000086700000, 0x0000000086700000, 0x0000000086800000|  0%| F|  |TAMS 0x0000000086700000, 0x0000000086700000| Untracked 
|  58|0x0000000086800000, 0x0000000086800000, 0x0000000086900000|  0%| F|  |TAMS 0x0000000086800000, 0x0000000086800000| Untracked 
|  59|0x0000000086900000, 0x0000000086900000, 0x0000000086a00000|  0%| F|  |TAMS 0x0000000086900000, 0x0000000086900000| Untracked 
|  60|0x0000000086a00000, 0x0000000086a00000, 0x0000000086b00000|  0%| F|  |TAMS 0x0000000086a00000, 0x0000000086a00000| Untracked 
|  61|0x0000000086b00000, 0x0000000086b00000, 0x0000000086c00000|  0%| F|  |TAMS 0x0000000086b00000, 0x0000000086b00000| Untracked 
|  62|0x0000000086c00000, 0x0000000086c00000, 0x0000000086d00000|  0%| F|  |TAMS 0x0000000086c00000, 0x0000000086c00000| Untracked 
|  63|0x0000000086d00000, 0x0000000086d00000, 0x0000000086e00000|  0%| F|  |TAMS 0x0000000086d00000, 0x0000000086d00000| Untracked 
|  64|0x0000000086e00000, 0x0000000086e00000, 0x0000000086f00000|  0%| F|  |TAMS 0x0000000086e00000, 0x0000000086e00000| Untracked 
|  65|0x0000000086f00000, 0x0000000086f00000, 0x0000000087000000|  0%| F|  |TAMS 0x0000000086f00000, 0x0000000086f00000| Untracked 
|  66|0x0000000087000000, 0x0000000087000000, 0x0000000087100000|  0%| F|  |TAMS 0x0000000087000000, 0x0000000087000000| Untracked 
|  67|0x0000000087100000, 0x0000000087100000, 0x0000000087200000|  0%| F|  |TAMS 0x0000000087100000, 0x0000000087100000| Untracked 
|  68|0x0000000087200000, 0x0000000087200000, 0x0000000087300000|  0%| F|  |TAMS 0x0000000087200000, 0x0000000087200000| Untracked 
|  69|0x0000000087300000, 0x0000000087300000, 0x0000000087400000|  0%| F|  |TAMS 0x0000000087300000, 0x0000000087300000| Untracked 
|  70|0x0000000087400000, 0x0000000087400000, 0x0000000087500000|  0%| F|  |TAMS 0x0000000087400000, 0x0000000087400000| Untracked 
|  71|0x0000000087500000, 0x0000000087500000, 0x0000000087600000|  0%| F|  |TAMS 0x0000000087500000, 0x0000000087500000| Untracked 
|  72|0x0000000087600000, 0x0000000087600000, 0x0000000087700000|  0%| F|  |TAMS 0x0000000087600000, 0x0000000087600000| Untracked 
|  73|0x0000000087700000, 0x0000000087700000, 0x0000000087800000|  0%| F|  |TAMS 0x0000000087700000, 0x0000000087700000| Untracked 
|  74|0x0000000087800000, 0x0000000087800000, 0x0000000087900000|  0%| F|  |TAMS 0x0000000087800000, 0x0000000087800000| Untracked 
|  75|0x0000000087900000, 0x0000000087900000, 0x0000000087a00000|  0%| F|  |TAMS 0x0000000087900000, 0x0000000087900000| Untracked 
|  76|0x0000000087a00000, 0x0000000087a00000, 0x0000000087b00000|  0%| F|  |TAMS 0x0000000087a00000, 0x0000000087a00000| Untracked 
|  77|0x0000000087b00000, 0x0000000087b00000, 0x0000000087c00000|  0%| F|  |TAMS 0x0000000087b00000, 0x0000000087b00000| Untracked 
|  78|0x0000000087c00000, 0x0000000087c00000, 0x0000000087d00000|  0%| F|  |TAMS 0x0000000087c00000, 0x0000000087c00000| Untracked 
|  79|0x0000000087d00000, 0x0000000087d00000, 0x0000000087e00000|  0%| F|  |TAMS 0x0000000087d00000, 0x0000000087d00000| Untracked 
|  80|0x0000000087e00000, 0x0000000087e00000, 0x0000000087f00000|  0%| F|  |TAMS 0x0000000087e00000, 0x0000000087e00000| Untracked 
|  81|0x0000000087f00000, 0x0000000087f00000, 0x0000000088000000|  0%| F|  |TAMS 0x0000000087f00000, 0x0000000087f00000| Untracked 
|  82|0x0000000088000000, 0x0000000088000000, 0x0000000088100000|  0%| F|  |TAMS 0x0000000088000000, 0x0000000088000000| Untracked 
|  83|0x0000000088100000, 0x0000000088100000, 0x0000000088200000|  0%| F|  |TAMS 0x0000000088100000, 0x0000000088100000| Untracked 
|  84|0x0000000088200000, 0x0000000088200000, 0x0000000088300000|  0%| F|  |TAMS 0x0000000088200000, 0x0000000088200000| Untracked 
|  85|0x0000000088300000, 0x0000000088300000, 0x0000000088400000|  0%| F|  |TAMS 0x0000000088300000, 0x0000000088300000| Untracked 
|  86|0x0000000088400000, 0x0000000088400000, 0x0000000088500000|  0%| F|  |TAMS 0x0000000088400000, 0x0000000088400000| Untracked 
|  87|0x0000000088500000, 0x0000000088500000, 0x0000000088600000|  0%| F|  |TAMS 0x0000000088500000, 0x0000000088500000| Untracked 
|  88|0x0000000088600000, 0x0000000088600000, 0x0000000088700000|  0%| F|  |TAMS 0x0000000088600000, 0x0000000088600000| Untracked 
|  89|0x0000000088700000, 0x0000000088700000, 0x0000000088800000|  0%| F|  |TAMS 0x0000000088700000, 0x0000000088700000| Untracked 
|  90|0x0000000088800000, 0x0000000088800000, 0x0000000088900000|  0%| F|  |TAMS 0x0000000088800000, 0x0000000088800000| Untracked 
|  91|0x0000000088900000, 0x0000000088900000, 0x0000000088a00000|  0%| F|  |TAMS 0x0000000088900000, 0x0000000088900000| Untracked 
|  92|0x0000000088a00000, 0x0000000088a00000, 0x0000000088b00000|  0%| F|  |TAMS 0x0000000088a00000, 0x0000000088a00000| Untracked 
|  93|0x0000000088b00000, 0x0000000088b00000, 0x0000000088c00000|  0%| F|  |TAMS 0x0000000088b00000, 0x0000000088b00000| Untracked 
|  94|0x0000000088c00000, 0x0000000088c00000, 0x0000000088d00000|  0%| F|  |TAMS 0x0000000088c00000, 0x0000000088c00000| Untracked 
|  95|0x0000000088d00000, 0x0000000088d00000, 0x0000000088e00000|  0%| F|  |TAMS 0x0000000088d00000, 0x0000000088d00000| Untracked 
|  96|0x0000000088e00000, 0x0000000088e00000, 0x0000000088f00000|  0%| F|  |TAMS 0x0000000088e00000, 0x0000000088e00000| Untracked 
|  97|0x0000000088f00000, 0x0000000088f00000, 0x0000000089000000|  0%| F|  |TAMS 0x0000000088f00000, 0x0000000088f00000| Untracked 
|  98|0x0000000089000000, 0x0000000089000000, 0x0000000089100000|  0%| F|  |TAMS 0x0000000089000000, 0x0000000089000000| Untracked 
|  99|0x0000000089100000, 0x0000000089100000, 0x0000000089200000|  0%| F|  |TAMS 0x0000000089100000, 0x0000000089100000| Untracked 
| 100|0x0000000089200000, 0x0000000089200000, 0x0000000089300000|  0%| F|  |TAMS 0x0000000089200000, 0x0000000089200000| Untracked 
| 101|0x0000000089300000, 0x0000000089300000, 0x0000000089400000|  0%| F|  |TAMS 0x0000000089300000, 0x0000000089300000| Untracked 
| 102|0x0000000089400000, 0x0000000089400000, 0x0000000089500000|  0%| F|  |TAMS 0x0000000089400000, 0x0000000089400000| Untracked 
| 103|0x0000000089500000, 0x0000000089500000, 0x0000000089600000|  0%| F|  |TAMS 0x0000000089500000, 0x0000000089500000| Untracked 
| 104|0x0000000089600000, 0x0000000089600000, 0x0000000089700000|  0%| F|  |TAMS 0x0000000089600000, 0x0000000089600000| Untracked 
| 105|0x0000000089700000, 0x0000000089700000, 0x0000000089800000|  0%| F|  |TAMS 0x0000000089700000, 0x0000000089700000| Untracked 
| 106|0x0000000089800000, 0x0000000089800000, 0x0000000089900000|  0%| F|  |TAMS 0x0000000089800000, 0x0000000089800000| Untracked 
| 107|0x0000000089900000, 0x0000000089900000, 0x0000000089a00000|  0%| F|  |TAMS 0x0000000089900000, 0x0000000089900000| Untracked 
| 108|0x0000000089a00000, 0x0000000089a00000, 0x0000000089b00000|  0%| F|  |TAMS 0x0000000089a00000, 0x0000000089a00000| Untracked 
| 109|0x0000000089b00000, 0x0000000089b00000, 0x0000000089c00000|  0%| F|  |TAMS 0x0000000089b00000, 0x0000000089b00000| Untracked 
| 110|0x0000000089c00000, 0x0000000089c00000, 0x0000000089d00000|  0%| F|  |TAMS 0x0000000089c00000, 0x0000000089c00000| Untracked 
| 111|0x0000000089d00000, 0x0000000089d00000, 0x0000000089e00000|  0%| F|  |TAMS 0x0000000089d00000, 0x0000000089d00000| Untracked 
| 112|0x0000000089e00000, 0x0000000089e00000, 0x0000000089f00000|  0%| F|  |TAMS 0x0000000089e00000, 0x0000000089e00000| Untracked 
| 113|0x0000000089f00000, 0x0000000089f00000, 0x000000008a000000|  0%| F|  |TAMS 0x0000000089f00000, 0x0000000089f00000| Untracked 
| 114|0x000000008a000000, 0x000000008a000000, 0x000000008a100000|  0%| F|  |TAMS 0x000000008a000000, 0x000000008a000000| Untracked 
| 115|0x000000008a100000, 0x000000008a100000, 0x000000008a200000|  0%| F|  |TAMS 0x000000008a100000, 0x000000008a100000| Untracked 
| 116|0x000000008a200000, 0x000000008a200000, 0x000000008a300000|  0%| F|  |TAMS 0x000000008a200000, 0x000000008a200000| Untracked 
| 117|0x000000008a300000, 0x000000008a300000, 0x000000008a400000|  0%| F|  |TAMS 0x000000008a300000, 0x000000008a300000| Untracked 
| 118|0x000000008a400000, 0x000000008a400000, 0x000000008a500000|  0%| F|  |TAMS 0x000000008a400000, 0x000000008a400000| Untracked 
| 119|0x000000008a500000, 0x000000008a500000, 0x000000008a600000|  0%| F|  |TAMS 0x000000008a500000, 0x000000008a500000| Untracked 
| 120|0x000000008a600000, 0x000000008a600000, 0x000000008a700000|  0%| F|  |TAMS 0x000000008a600000, 0x000000008a600000| Untracked 
| 121|0x000000008a700000, 0x000000008a700000, 0x000000008a800000|  0%| F|  |TAMS 0x000000008a700000, 0x000000008a700000| Untracked 
| 122|0x000000008a800000, 0x000000008a800000, 0x000000008a900000|  0%| F|  |TAMS 0x000000008a800000, 0x000000008a800000| Untracked 
| 123|0x000000008a900000, 0x000000008a900000, 0x000000008aa00000|  0%| F|  |TAMS 0x000000008a900000, 0x000000008a900000| Untracked 
| 124|0x000000008aa00000, 0x000000008aa00000, 0x000000008ab00000|  0%| F|  |TAMS 0x000000008aa00000, 0x000000008aa00000| Untracked 
| 125|0x000000008ab00000, 0x000000008ab00000, 0x000000008ac00000|  0%| F|  |TAMS 0x000000008ab00000, 0x000000008ab00000| Untracked 

Card table byte_map: [0x0000020d7d860000,0x0000020d7dc50000] _byte_map_base: 0x0000020d7d449000

Marking Bits (Prev, Next): (CMBitMap*) 0x0000020d7b7f0ca0, (CMBitMap*) 0x0000020d7b7f0c68
 Prev Bits: [0x0000020d176f0000, 0x0000020d19638000)
 Next Bits: [0x0000020d7e040000, 0x0000020d7ff88000)

Polling page: 0x0000020d7b4c0000

Metaspace:

Usage:
  Non-class:     23.11 MB capacity,    22.65 MB ( 98%) used,   422.43 KB (  2%) free+waste,    48.12 KB ( <1%) overhead. 
      Class:      2.87 MB capacity,     2.69 MB ( 94%) used,   162.52 KB (  6%) free+waste,    20.69 KB ( <1%) overhead. 
       Both:     25.98 MB capacity,    25.34 MB ( 98%) used,   584.95 KB (  2%) free+waste,    68.81 KB ( <1%) overhead. 

Virtual space:
  Non-class space:       24.00 MB reserved,      23.25 MB ( 97%) committed 
      Class space:        1.00 GB reserved,       2.88 MB ( <1%) committed 
             Both:        1.02 GB reserved,      26.12 MB (  2%) committed 

Chunk freelists:
   Non-Class:  14.00 KB
       Class:  7.00 KB
        Both:  21.00 KB

MaxMetaspaceSize: 17179869184.00 GB
CompressedClassSpaceSize: 1.00 GB
Initial GC threshold: 20.80 MB
Current GC threshold: 35.20 MB
CDS: off

CodeHeap 'non-profiled nmethods': size=120064Kb used=1978Kb max_used=1978Kb free=118085Kb
 bounds [0x0000020d101b0000, 0x0000020d10420000, 0x0000020d176f0000]
CodeHeap 'profiled nmethods': size=120000Kb used=8873Kb max_used=8873Kb free=111126Kb
 bounds [0x0000020d08c80000, 0x0000020d09530000, 0x0000020d101b0000]
CodeHeap 'non-nmethods': size=5696Kb used=1182Kb max_used=1206Kb free=4513Kb
 bounds [0x0000020d086f0000, 0x0000020d08960000, 0x0000020d08c80000]
 total_blobs=4503 nmethods=4059 adapters=356
 compilation: enabled
              stopped_count=0, restarted_count=0
 full_count=0

Compilation events (20 events):
Event: 5.527 Thread 0x0000020d1c604800 4054       3       java.util.concurrent.ConcurrentHashMap::<init> (16 bytes)
Event: 5.527 Thread 0x0000020d1c604800 nmethod 4054 0x0000020d0951af90 code [0x0000020d0951b160, 0x0000020d0951b368]
Event: 5.527 Thread 0x0000020d1c604800 4055       3       org.apache.maven.model.DeploymentRepository::<init> (10 bytes)
Event: 5.527 Thread 0x0000020d1c604800 nmethod 4055 0x0000020d0951b490 code [0x0000020d0951b660, 0x0000020d0951b8f8]
Event: 5.528 Thread 0x0000020d1c604800 4056       3       org.eclipse.aether.util.graph.selector.OptionalDependencySelector::selectDependency (28 bytes)
Event: 5.528 Thread 0x0000020d1c604800 nmethod 4056 0x0000020d0951ba10 code [0x0000020d0951bc00, 0x0000020d0951c188]
Event: 5.531 Thread 0x0000020d1c604800 4057       3       java.io.File::getAbsolutePath (8 bytes)
Event: 5.531 Thread 0x0000020d1c604800 nmethod 4057 0x0000020d0951c310 code [0x0000020d0951c4c0, 0x0000020d0951c608]
Event: 5.531 Thread 0x0000020d1c604800 4058       3       org.apache.maven.model.building.DefaultModelProblemCollector::setSource (11 bytes)
Event: 5.532 Thread 0x0000020d1c604800 nmethod 4058 0x0000020d0951c690 code [0x0000020d0951c840, 0x0000020d0951c9b8]
Event: 5.532 Thread 0x0000020d1c604800 4059       3       org.apache.maven.model.Model::setPomFile (17 bytes)
Event: 5.533 Thread 0x0000020d1c604800 nmethod 4059 0x0000020d0951ca90 code [0x0000020d0951cc60, 0x0000020d0951ce68]
Event: 5.535 Thread 0x0000020d1c604800 4060       3       org.eclipse.aether.resolution.VersionRequest::setTrace (7 bytes)
Event: 5.535 Thread 0x0000020d1c604800 nmethod 4060 0x0000020d0951cf90 code [0x0000020d0951d140, 0x0000020d0951d298]
Event: 5.535 Thread 0x0000020d1c604800 4061       3       org.apache.maven.repository.internal.DefaultVersionResolver::resolveVersion (953 bytes)
Event: 5.543 Thread 0x0000020d1c604800 nmethod 4061 0x0000020d0951d310 code [0x0000020d0951dea0, 0x0000020d09524fc8]
Event: 5.543 Thread 0x0000020d1c604800 4063       3       org.apache.maven.repository.internal.DefaultVersionResolver$Key::<init> (336 bytes)
Event: 5.545 Thread 0x0000020d1c604800 nmethod 4063 0x0000020d09527a90 code [0x0000020d09527e40, 0x0000020d09529678]
Event: 5.545 Thread 0x0000020d1c604800 4062       3       org.eclipse.aether.resolution.VersionResult::<init> (25 bytes)
Event: 5.545 Thread 0x0000020d1c604800 nmethod 4062 0x0000020d09529e90 code [0x0000020d0952a080, 0x0000020d0952a468]

GC Heap History (9 events):
Event: 0.813 GC heap before
{Heap before GC invocations=0 (full 0):
 garbage-first heap   total 129024K, used 14336K [0x0000000082e00000, 0x0000000100000000)
  region size 1024K, 14 young (14336K), 0 survivors (0K)
 Metaspace       used 10939K, capacity 11097K, committed 11392K, reserved 1058816K
  class space    used 1022K, capacity 1106K, committed 1152K, reserved 1048576K
}
Event: 0.819 GC heap after
{Heap after GC invocations=1 (full 0):
 garbage-first heap   total 129024K, used 3017K [0x0000000082e00000, 0x0000000100000000)
  region size 1024K, 2 young (2048K), 2 survivors (2048K)
 Metaspace       used 10939K, capacity 11097K, committed 11392K, reserved 1058816K
  class space    used 1022K, capacity 1106K, committed 1152K, reserved 1048576K
}
Event: 1.041 GC heap before
{Heap before GC invocations=1 (full 0):
 garbage-first heap   total 129024K, used 11209K [0x0000000082e00000, 0x0000000100000000)
  region size 1024K, 10 young (10240K), 2 survivors (2048K)
 Metaspace       used 13108K, capacity 13373K, committed 13568K, reserved 1060864K
  class space    used 1315K, capacity 1418K, committed 1536K, reserved 1048576K
}
Event: 1.044 GC heap after
{Heap after GC invocations=2 (full 0):
 garbage-first heap   total 129024K, used 3534K [0x0000000082e00000, 0x0000000100000000)
  region size 1024K, 1 young (1024K), 1 survivors (1024K)
 Metaspace       used 13108K, capacity 13373K, committed 13568K, reserved 1060864K
  class space    used 1315K, capacity 1418K, committed 1536K, reserved 1048576K
}
Event: 1.470 GC heap before
{Heap before GC invocations=2 (full 0):
 garbage-first heap   total 129024K, used 31182K [0x0000000082e00000, 0x0000000100000000)
  region size 1024K, 28 young (28672K), 1 survivors (1024K)
 Metaspace       used 15011K, capacity 15241K, committed 15488K, reserved 1062912K
  class space    used 1544K, capacity 1651K, committed 1664K, reserved 1048576K
}
Event: 1.475 GC heap after
{Heap after GC invocations=3 (full 0):
 garbage-first heap   total 129024K, used 4371K [0x0000000082e00000, 0x0000000100000000)
  region size 1024K, 2 young (2048K), 2 survivors (2048K)
 Metaspace       used 15011K, capacity 15241K, committed 15488K, reserved 1062912K
  class space    used 1544K, capacity 1651K, committed 1664K, reserved 1048576K
}
Event: 2.630 GC heap before
{Heap before GC invocations=3 (full 0):
 garbage-first heap   total 129024K, used 43283K [0x0000000082e00000, 0x0000000100000000)
  region size 1024K, 41 young (41984K), 2 survivors (2048K)
 Metaspace       used 20840K, capacity 21240K, committed 21296K, reserved 1069056K
  class space    used 2290K, capacity 2430K, committed 2432K, reserved 1048576K
}
Event: 2.661 GC heap after
{Heap after GC invocations=4 (full 0):
 garbage-first heap   total 129024K, used 6562K [0x0000000082e00000, 0x0000000100000000)
  region size 1024K, 4 young (4096K), 4 survivors (4096K)
 Metaspace       used 20840K, capacity 21240K, committed 21296K, reserved 1069056K
  class space    used 2290K, capacity 2430K, committed 2432K, reserved 1048576K
}
Event: 5.553 GC heap before
{Heap before GC invocations=5 (full 0):
 garbage-first heap   total 129024K, used 79266K [0x0000000082e00000, 0x0000000100000000)
  region size 1024K, 75 young (76800K), 4 survivors (4096K)
 Metaspace       used 25949K, capacity 26603K, committed 26752K, reserved 1073152K
  class space    used 2753K, capacity 2937K, committed 2944K, reserved 1048576K
}

Deoptimization events (20 events):
Event: 5.353 Thread 0x0000020d7b30e000 Uncommon trap: trap_request=0xffffffbe fr.pc=0x0000020d1034ed60 relative=0x0000000000000500
Event: 5.353 Thread 0x0000020d7b30e000 Uncommon trap: reason=profile_predicate action=maybe_recompile pc=0x0000020d1034ed60 method=sun.nio.cs.ISO_8859_1$Decoder.decodeArrayLoop(Ljava/nio/ByteBuffer;Ljava/nio/CharBuffer;)Ljava/nio/charset/CoderResult; @ 133 c2
Event: 5.353 Thread 0x0000020d7b30e000 DEOPT PACKING pc=0x0000020d1034ed60 sp=0x0000001591efbea0
Event: 5.353 Thread 0x0000020d7b30e000 DEOPT UNPACKING pc=0x0000020d0873a1af sp=0x0000001591efbe10 mode 2
Event: 5.353 Thread 0x0000020d7b30e000 Uncommon trap: trap_request=0xffffffbe fr.pc=0x0000020d1034ed60 relative=0x0000000000000500
Event: 5.353 Thread 0x0000020d7b30e000 Uncommon trap: reason=profile_predicate action=maybe_recompile pc=0x0000020d1034ed60 method=sun.nio.cs.ISO_8859_1$Decoder.decodeArrayLoop(Ljava/nio/ByteBuffer;Ljava/nio/CharBuffer;)Ljava/nio/charset/CoderResult; @ 133 c2
Event: 5.353 Thread 0x0000020d7b30e000 DEOPT PACKING pc=0x0000020d1034ed60 sp=0x0000001591efbd20
Event: 5.353 Thread 0x0000020d7b30e000 DEOPT UNPACKING pc=0x0000020d0873a1af sp=0x0000001591efbc90 mode 2
Event: 5.353 Thread 0x0000020d7b30e000 Uncommon trap: trap_request=0xffffffbe fr.pc=0x0000020d1034ed60 relative=0x0000000000000500
Event: 5.353 Thread 0x0000020d7b30e000 Uncommon trap: reason=profile_predicate action=maybe_recompile pc=0x0000020d1034ed60 method=sun.nio.cs.ISO_8859_1$Decoder.decodeArrayLoop(Ljava/nio/ByteBuffer;Ljava/nio/CharBuffer;)Ljava/nio/charset/CoderResult; @ 133 c2
Event: 5.353 Thread 0x0000020d7b30e000 DEOPT PACKING pc=0x0000020d1034ed60 sp=0x0000001591efbc40
Event: 5.353 Thread 0x0000020d7b30e000 DEOPT UNPACKING pc=0x0000020d0873a1af sp=0x0000001591efbbb0 mode 2
Event: 5.353 Thread 0x0000020d7b30e000 Uncommon trap: trap_request=0xffffffbe fr.pc=0x0000020d1034ed60 relative=0x0000000000000500
Event: 5.353 Thread 0x0000020d7b30e000 Uncommon trap: reason=profile_predicate action=maybe_recompile pc=0x0000020d1034ed60 method=sun.nio.cs.ISO_8859_1$Decoder.decodeArrayLoop(Ljava/nio/ByteBuffer;Ljava/nio/CharBuffer;)Ljava/nio/charset/CoderResult; @ 133 c2
Event: 5.353 Thread 0x0000020d7b30e000 DEOPT PACKING pc=0x0000020d1034ed60 sp=0x0000001591efbe00
Event: 5.353 Thread 0x0000020d7b30e000 DEOPT UNPACKING pc=0x0000020d0873a1af sp=0x0000001591efbd70 mode 2
Event: 5.456 Thread 0x0000020d7b30e000 Uncommon trap: trap_request=0xffffff4d fr.pc=0x0000020d101d1598 relative=0x0000000000000558
Event: 5.456 Thread 0x0000020d7b30e000 Uncommon trap: reason=unstable_if action=reinterpret pc=0x0000020d101d1598 method=java.lang.AbstractStringBuilder.append(Ljava/lang/String;)Ljava/lang/AbstractStringBuilder; @ 1 c2
Event: 5.456 Thread 0x0000020d7b30e000 DEOPT PACKING pc=0x0000020d101d1598 sp=0x0000001591efc060
Event: 5.456 Thread 0x0000020d7b30e000 DEOPT UNPACKING pc=0x0000020d0873a1af sp=0x0000001591efbfe0 mode 2

Classes redefined (0 events):
No events

Internal exceptions (20 events):
Event: 2.179 Thread 0x0000020d7b30e000 Exception <a 'java/lang/NoSuchMethodError'{0x00000000894cbf18}: 'void java.lang.invoke.DirectMethodHandle$Holder.invokeStaticInit(java.lang.Object, java.lang.Object, java.lang.Object)'> (0x00000000894cbf18) thrown at [s\src\hotspot\share\interpreter\linkResolver.cpp, line 773]
Event: 2.221 Thread 0x0000020d7b30e000 Implicit null exception at 0x0000020d1023b66f to 0x0000020d1023b7dc
Event: 2.221 Thread 0x0000020d7b30e000 Exception <a 'java/lang/NoSuchMethodError'{0x0000000089220458}: 'java.lang.Object java.lang.invoke.DirectMethodHandle$Holder.newInvokeSpecial(java.lang.Object, int)'> (0x0000000089220458) thrown at [s\src\hotspot\share\interpreter\linkResolver.cpp, line 773]
Event: 2.224 Thread 0x0000020d7b30e000 Exception <a 'java/lang/NoSuchMethodError'{0x000000008922ec98}: 'java.lang.Object java.lang.invoke.Invokers$Holder.invokeExact_MT(java.lang.Object, int, java.lang.Object)'> (0x000000008922ec98) thrown at [s\src\hotspot\share\interpreter\linkResolver.cpp, line 773]
Event: 2.238 Thread 0x0000020d7b30e000 Exception <a 'java/lang/NoSuchMethodError'{0x00000000892af920}: 'int java.lang.invoke.DirectMethodHandle$Holder.invokeSpecial(java.lang.Object, java.lang.Object, java.lang.Object, java.lang.Object)'> (0x00000000892af920) thrown at [s\src\hotspot\share\interpreter\linkResolver.cpp, line 773]
Event: 2.533 Thread 0x0000020d7b30e000 Exception <a 'java/lang/NoClassDefFoundError'{0x0000000088614150}: com/google/inject/servlet/ServletModuleTargetVisitor> (0x0000000088614150) thrown at [s\src\hotspot\share\classfile\systemDictionary.cpp, line 219]
Event: 2.533 Thread 0x0000020d7b30e000 Exception <a 'java/lang/NoClassDefFoundError'{0x0000000088614150}> (0x0000000088614150) thrown at [s\src\hotspot\share\prims\jvm.cpp, line 1310]
Event: 2.596 Thread 0x0000020d7b30e000 Exception <a 'java/lang/NoSuchMethodError'{0x00000000884d6318}: 'void java.lang.invoke.DirectMethodHandle$Holder.invokeVirtual(java.lang.Object, java.lang.Object)'> (0x00000000884d6318) thrown at [s\src\hotspot\share\interpreter\linkResolver.cpp, line 773]
Event: 2.730 Thread 0x0000020d7b30e000 Exception <a 'java/lang/NoSuchMethodError'{0x000000008ab39ae8}: 'java.lang.Object java.lang.invoke.DirectMethodHandle$Holder.invokeStaticInit(java.lang.Object, int, int, int, int)'> (0x000000008ab39ae8) thrown at [s\src\hotspot\share\interpreter\linkResolver.cpp, line 773]
Event: 2.803 Thread 0x0000020d7b30e000 Exception <a 'java/lang/NoSuchMethodError'{0x000000008a9f39d0}: 'void java.lang.invoke.DirectMethodHandle$Holder.invokeSpecial(java.lang.Object, java.lang.Object)'> (0x000000008a9f39d0) thrown at [s\src\hotspot\share\interpreter\linkResolver.cpp, line 773]
Event: 2.832 Thread 0x0000020d7b30e000 Implicit null exception at 0x0000020d1029336c to 0x0000020d1029666c
Event: 2.883 Thread 0x0000020d7b30e000 Exception <a 'java/lang/NoSuchMethodError'{0x000000008a5937b8}: 'void java.lang.invoke.DirectMethodHandle$Holder.invokeSpecial(java.lang.Object, java.lang.Object, java.lang.Object, java.lang.Object, java.lang.Object)'> (0x000000008a5937b8) thrown at [s\src\hotspot\share\interpreter\linkResolver.cpp, line 773]
Event: 2.918 Thread 0x0000020d7b30e000 Exception <a 'java/lang/NoSuchMethodError'{0x000000008a5b0e08}: 'java.lang.Object java.lang.invoke.DirectMethodHandle$Holder.invokeVirtual(java.lang.Object, java.lang.Object, java.lang.Object)'> (0x000000008a5b0e08) thrown at [s\src\hotspot\share\interpreter\linkResolver.cpp, line 773]
Event: 2.989 Thread 0x0000020d7b30e000 Exception <a 'java/lang/NoSuchMethodError'{0x000000008a5c4550}: 'void java.lang.invoke.DirectMethodHandle$Holder.invokeSpecial(java.lang.Object, java.lang.Object, java.lang.Object, java.lang.Object, java.lang.Object, java.lang.Object)'> (0x000000008a5c4550) thrown at [s\src\hotspot\share\interpreter\linkResolver.cpp, line 773]
Event: 4.688 Thread 0x0000020d7b30e000 Implicit null exception at 0x0000020d102303f5 to 0x0000020d102305bc
Event: 4.689 Thread 0x0000020d7b30e000 Implicit null exception at 0x0000020d1022faaf to 0x0000020d1022fb1d
Event: 4.750 Thread 0x0000020d7b30e000 Exception <a 'java/lang/NoSuchMethodError'{0x0000000088849ce8}: 'java.lang.Object java.lang.invoke.Invokers$Holder.linkToTargetMethod(java.lang.Object, java.lang.Object, java.lang.Object, java.lang.Object, java.lang.Object, java.lang.Object, java.lang.Object)'> (0x0000000088849ce8) thrown at [s\src\hotspot\share\interpreter\linkResolver.cpp, line 773]
Event: 4.985 Thread 0x0000020d7b30e000 Exception <a 'java/lang/NoSuchMethodError'{0x0000000087be9580}: 'int java.lang.invoke.DirectMethodHandle$Holder.invokeVirtual(java.lang.Object, java.lang.Object)'> (0x0000000087be9580) thrown at [s\src\hotspot\share\interpreter\linkResolver.cpp, line 773]
Event: 5.006 Thread 0x0000020d7b30e000 Implicit null exception at 0x0000020d102003f8 to 0x0000020d1020048a
Event: 5.456 Thread 0x0000020d7b30e000 Implicit null exception at 0x0000020d101d1074 to 0x0000020d101d1580

Events (20 events):
Event: 5.037 loading class org/apache/maven/plugin/logging/Log
Event: 5.037 loading class org/apache/maven/plugin/logging/Log done
Event: 5.037 loading class org/apache/maven/plugin/logging/Log
Event: 5.037 loading class org/apache/maven/plugin/logging/Log done
Event: 5.037 loading class org/apache/maven/artifact/resolver/filter/CumulativeScopeArtifactFilter
Event: 5.037 loading class org/apache/maven/artifact/resolver/filter/CumulativeScopeArtifactFilter done
Event: 5.038 loading class org/apache/maven/artifact/resolver/filter/AbstractScopeArtifactFilter
Event: 5.038 loading class org/apache/maven/artifact/resolver/filter/AbstractScopeArtifactFilter done
Event: 5.095 loading class org/eclipse/aether/util/graph/selector/ExclusionDependencySelector$ExclusionComparator
Event: 5.095 loading class org/eclipse/aether/util/graph/selector/ExclusionDependencySelector$ExclusionComparator done
Event: 5.162 Executing VM operation: RevokeBias
Event: 5.162 Executing VM operation: RevokeBias done
Event: 5.217 Loaded shared library C:\Program Files\Amazon Corretto\jdk11.0.30_7\bin\java.dll
Event: 5.245 Executing VM operation: RevokeBias
Event: 5.246 Executing VM operation: RevokeBias done
Event: 5.458 Executing VM operation: RevokeBias
Event: 5.458 Executing VM operation: RevokeBias done
Event: 5.459 Executing VM operation: RevokeBias
Event: 5.459 Executing VM operation: RevokeBias done
Event: 5.553 Executing VM operation: G1CollectForAllocation


Dynamic libraries:
0x00007ff603190000 - 0x00007ff60319e000 	C:\Program Files\Amazon Corretto\jdk11.0.30_7\bin\java.exe
0x00007ffc2c280000 - 0x00007ffc2c4e7000 	C:\WINDOWS\SYSTEM32\ntdll.dll
0x00007ffc2a680000 - 0x00007ffc2a749000 	C:\WINDOWS\System32\KERNEL32.DLL
0x00007ffc29b50000 - 0x00007ffc29f47000 	C:\WINDOWS\System32\KERNELBASE.dll
0x00007ffc29a00000 - 0x00007ffc29b4b000 	C:\WINDOWS\System32\ucrtbase.dll
0x00007ffc12b50000 - 0x00007ffc12b67000 	C:\Program Files\Amazon Corretto\jdk11.0.30_7\bin\jli.dll
0x00007ffc2ae30000 - 0x00007ffc2aff6000 	C:\WINDOWS\System32\USER32.dll
0x00007ffc29010000 - 0x00007ffc29037000 	C:\WINDOWS\System32\win32u.dll
0x00007ffc2a640000 - 0x00007ffc2a66b000 	C:\WINDOWS\System32\GDI32.dll
0x00007ffc28cb0000 - 0x00007ffc28ddc000 	C:\WINDOWS\System32\gdi32full.dll
0x00007ffc121b0000 - 0x00007ffc121cb000 	C:\Program Files\Amazon Corretto\jdk11.0.30_7\bin\VCRUNTIME140.dll
0x00007ffc28f60000 - 0x00007ffc29003000 	C:\WINDOWS\System32\msvcp_win.dll
0x00007ffc117d0000 - 0x00007ffc11a62000 	C:\WINDOWS\WinSxS\amd64_microsoft.windows.common-controls_6595b64144ccf1df_6.0.26100.8328_none_3e08182ce334b678\COMCTL32.dll
0x00007ffc2ad00000 - 0x00007ffc2ada9000 	C:\WINDOWS\System32\msvcrt.dll
0x00007ffc2b820000 - 0x00007ffc2b852000 	C:\WINDOWS\System32\IMM32.DLL
0x00007ffc22ef0000 - 0x00007ffc22efc000 	C:\Program Files\Amazon Corretto\jdk11.0.30_7\bin\vcruntime140_1.dll
0x00007ffbfbad0000 - 0x00007ffbfbb5d000 	C:\Program Files\Amazon Corretto\jdk11.0.30_7\bin\msvcp140.dll
0x00007ffbe4570000 - 0x00007ffbe5134000 	C:\Program Files\Amazon Corretto\jdk11.0.30_7\bin\server\jvm.dll
0x00007ffc2a980000 - 0x00007ffc2aa36000 	C:\WINDOWS\System32\ADVAPI32.dll
0x00007ffc2a100000 - 0x00007ffc2a1a7000 	C:\WINDOWS\System32\sechost.dll
0x00007ffc2c0c0000 - 0x00007ffc2c1d8000 	C:\WINDOWS\System32\RPCRT4.dll
0x00007ffc2a8f0000 - 0x00007ffc2a970000 	C:\WINDOWS\System32\WS2_32.dll
0x00007ffc2ac80000 - 0x00007ffc2ac88000 	C:\WINDOWS\System32\PSAPI.DLL
0x00007ffc19c00000 - 0x00007ffc19c0b000 	C:\WINDOWS\SYSTEM32\VERSION.dll
0x00007ffc18a10000 - 0x00007ffc18a46000 	C:\WINDOWS\SYSTEM32\WINMM.dll
0x00007ffc27a40000 - 0x00007ffc27a5b000 	C:\WINDOWS\SYSTEM32\kernel.appcore.dll
0x00007ffc1a640000 - 0x00007ffc1a650000 	C:\Program Files\Amazon Corretto\jdk11.0.30_7\bin\verify.dll
0x00007ffc23d90000 - 0x00007ffc23fd2000 	C:\WINDOWS\SYSTEM32\DBGHELP.DLL
0x00007ffc2b490000 - 0x00007ffc2b813000 	C:\WINDOWS\System32\combase.dll
0x00007ffc2b330000 - 0x00007ffc2b409000 	C:\WINDOWS\System32\OLEAUT32.dll
0x00007ffc02e20000 - 0x00007ffc02e5b000 	C:\WINDOWS\SYSTEM32\dbgcore.DLL
0x00007ffc29f50000 - 0x00007ffc29ff8000 	C:\WINDOWS\System32\bcryptPrimitives.dll
0x00007ffc12120000 - 0x00007ffc12148000 	C:\Program Files\Amazon Corretto\jdk11.0.30_7\bin\java.dll
0x00007ffc14940000 - 0x00007ffc1494a000 	C:\Program Files\Amazon Corretto\jdk11.0.30_7\bin\jimage.dll
0x00007ffc11b10000 - 0x00007ffc11b28000 	C:\Program Files\Amazon Corretto\jdk11.0.30_7\bin\zip.dll
0x00007ffc2b880000 - 0x00007ffc2bfee000 	C:\WINDOWS\System32\SHELL32.dll
0x00007ffc29040000 - 0x00007ffc298ac000 	C:\WINDOWS\System32\windows.storage.dll
0x00007ffc2b0d0000 - 0x00007ffc2b1c6000 	C:\WINDOWS\System32\SHCORE.dll
0x00007ffc2ac90000 - 0x00007ffc2acf6000 	C:\WINDOWS\System32\shlwapi.dll
0x00007ffc28bd0000 - 0x00007ffc28bf9000 	C:\WINDOWS\SYSTEM32\profapi.dll
0x00007ffc11af0000 - 0x00007ffc11b09000 	C:\Program Files\Amazon Corretto\jdk11.0.30_7\bin\net.dll
0x00007ffc1a1b0000 - 0x00007ffc1a2d9000 	C:\WINDOWS\SYSTEM32\WINHTTP.dll
0x00007ffc27fb0000 - 0x00007ffc2801c000 	C:\WINDOWS\system32\mswsock.dll
0x00007ffc0ee30000 - 0x00007ffc0ee42000 	C:\Program Files\Amazon Corretto\jdk11.0.30_7\bin\nio.dll
0x00007ffc0ea60000 - 0x00007ffc0ea84000 	C:\Program Files\JetBrains\IntelliJ IDEA Community Edition 2025.2.6.1\plugins\maven\lib\maven3\lib\jansi-native\Windows\x86_64\jansi.dll

dbghelp: loaded successfully - version: 4.0.5 - missing functions: none
symbol engine: initialized successfully - sym options: 0x614 - pdb path: .;C:\Program Files\Amazon Corretto\jdk11.0.30_7\bin;C:\WINDOWS\SYSTEM32;C:\WINDOWS\WinSxS\amd64_microsoft.windows.common-controls_6595b64144ccf1df_6.0.26100.8328_none_3e08182ce334b678;C:\Program Files\Amazon Corretto\jdk11.0.30_7\bin\server;C:\Program Files\JetBrains\IntelliJ IDEA Community Edition 2025.2.6.1\plugins\maven\lib\maven3\lib\jansi-native\Windows\x86_64

VM Arguments:
jvm_args: -Dclassworlds.conf=C:\Program Files\JetBrains\IntelliJ IDEA Community Edition 2025.2.6.1\plugins\maven\lib\maven3\bin\m2.conf -Dmaven.home=C:\Program Files\JetBrains\IntelliJ IDEA Community Edition 2025.2.6.1\plugins\maven\lib\maven3 -Dlibrary.jansi.path=C:\Program Files\JetBrains\IntelliJ IDEA Community Edition 2025.2.6.1\plugins\maven\lib\maven3\lib\jansi-native -Dmaven.multiModuleProjectDirectory=C:\Users\VAR\IdeaProjects\Sprint_7 
java_command: org.codehaus.plexus.classworlds.launcher.Launcher -Didea.version=2025.2.6.1 -Dmaven.ext.class.path=C:\Program Files\JetBrains\IntelliJ IDEA Community Edition 2025.2.6.1\plugins\maven\lib\maven-event-listener.jar -Djansi.passthrough=true -Dstyle.color=always -Dmaven.repo.local=C:\Users\VAR\.m2\repository test -f pom.xml
java_class_path (initial): C:\Program Files\JetBrains\IntelliJ IDEA Community Edition 2025.2.6.1\plugins\maven\lib\maven3\boot\plexus-classworlds-2.8.0.jar
Launcher Type: SUN_STANDARD

[Global flags]
     intx CICompilerCount                          = 3                                         {product} {ergonomic}
     uint ConcGCThreads                            = 1                                         {product} {ergonomic}
     uint G1ConcRefinementThreads                  = 4                                         {product} {ergonomic}
   size_t G1HeapRegionSize                         = 1048576                                   {product} {ergonomic}
    uintx GCDrainStackTargetSize                   = 64                                        {product} {ergonomic}
   size_t InitialHeapSize                          = 132120576                                 {product} {ergonomic}
   size_t MarkStackSize                            = 4194304                                   {product} {ergonomic}
   size_t MaxHeapSize                              = 2099249152                                {product} {ergonomic}
   size_t MaxNewSize                               = 1259339776                                {product} {ergonomic}
   size_t MinHeapDeltaBytes                        = 1048576                                   {product} {ergonomic}
    uintx NonNMethodCodeHeapSize                   = 5830732                                {pd product} {ergonomic}
    uintx NonProfiledCodeHeapSize                  = 122913754                              {pd product} {ergonomic}
    uintx ProfiledCodeHeapSize                     = 122913754                              {pd product} {ergonomic}
    uintx ReservedCodeCacheSize                    = 251658240                              {pd product} {ergonomic}
     bool SegmentedCodeCache                       = true                                      {product} {ergonomic}
     bool UseCompressedClassPointers               = true                                 {lp64_product} {ergonomic}
     bool UseCompressedOops                        = true                                 {lp64_product} {ergonomic}
     bool UseG1GC                                  = true                                      {product} {ergonomic}
     bool UseLargePagesIndividualAllocation        = false                                  {pd product} {ergonomic}

Logging:
Log output configuration:
 #0: stdout all=warning uptime,level,tags
 #1: stderr all=off uptime,level,tags

Environment Variables:
JAVA_HOME=C:\Program Files\Amazon Corretto\jdk11.0.30_7
PATH=C:\Program Files\apache-maven-3.9.12\bin\bin;%MAVEN_HOME%\bin;C:\Program Files\Amazon Corretto\jdk11.0.30_7\bin;C:\WINDOWS\system32;C:\WINDOWS;C:\WINDOWS\System32\Wbem;C:\WINDOWS\System32\WindowsPowerShell\v1.0\;C:\WINDOWS\System32\OpenSSH\;C:\Program Files\dotnet\;C:\Program Files\apache-maven-3.9.12\bin;C:\Program Files\Git\cmd;C:\Program Files\Git\mingw64\bin;C:\Program Files\Git\usr\bin;C:\Users\VAR\AppData\Local\Microsoft\WindowsApps;C:\Program Files\Apache\maven;C:\Program Files (x86)\allure-2.40.0\bin;
USERNAME=VAR
OS=Windows_NT
PROCESSOR_IDENTIFIER=Intel64 Family 6 Model 142 Stepping 11, GenuineIntel
TMP=C:\Users\VAR\AppData\Local\Temp
TEMP=C:\Users\VAR\AppData\Local\Temp



---------------  S Y S T E M  ---------------

OS: Windows 11 , 64 bit Build 26100 (10.0.26100.8328)
OS uptime: 6 days 4:38 hours

CPU:total 4 (initial active 4) (2 cores per cpu, 2 threads per core) family 6 model 142 stepping 11 microcode 0xde, cmov, cx8, fxsr, mmx, sse, sse2, sse3, ssse3, sse4.1, sse4.2, popcnt, avx, avx2, aes, clmul, erms, 3dnowpref, lzcnt, ht, tsc, tscinvbit, bmi1, bmi2, adx, fma

Memory: 4k page, system-wide physical 8007M (1287M free)
TotalPageFile size 10507M (AvailPageFile size 30M)
current process WorkingSet (physical memory assigned to process): 173M, peak: 176M
current process commit charge ("private bytes"): 243M, peak: 273M

vm_info: OpenJDK 64-Bit Server VM (11.0.30+7-LTS) for windows-amd64 JRE (11.0.30+7-LTS), built on Jan 15 2026 19:16:40 by "Administrator" with MS VC++ 16.10 / 16.11 (VS2019)

END.
