#
# There is insufficient memory for the Java Runtime Environment to continue.
# Native memory allocation (malloc) failed to allocate 954496 bytes for Chunk::new
# Possible reasons:
#   The system is out of physical RAM or swap space
#   The process is running with CompressedOops enabled, and the Java Heap may be blocking the growth of the native heap
# Possible solutions:
#   Reduce memory load on the system
#   Increase physical memory or swap space
#   Check if swap backing store is full
#   Decrease Java heap size (-Xmx/-Xms)
#   Decrease number of Java threads
#   Decrease Java thread stack sizes (-Xss)
#   Set larger code cache with -XX:ReservedCodeCacheSize=
#   JVM is running with Unscaled Compressed Oops mode in which the Java heap is
#     placed in the first 4GB address space. The Java Heap base address is the
#     maximum limit for the native heap growth. Please use -XX:HeapBaseMinAddress
#     to set the Java Heap base and to place the Java Heap above 4GB virtual address.
# This output file may be truncated or incomplete.
#
#  Out of Memory Error (arena.cpp:197), pid=10440, tid=15124
#
# JRE version: OpenJDK Runtime Environment Corretto-11.0.30.7.1 (11.0.30+7) (build 11.0.30+7-LTS)
# Java VM: OpenJDK 64-Bit Server VM Corretto-11.0.30.7.1 (11.0.30+7-LTS, mixed mode, tiered, compressed oops, g1 gc, windows-amd64)
# No core dump will be written. Minidumps are not enabled by default on client versions of Windows
#

---------------  S U M M A R Y ------------

Command Line: -javaagent:C:\Users\VAR\AppData\Local\JetBrains\IdeaIC2025.2\captureAgent\debugger-agent.jar=file:///C:/Users/VAR/AppData/Local/Temp/capture5134602622808086054.props -ea -Dallure.results.directory=C:\Users\VAR\IdeaProjects\Sprint_7\target/allure-results -javaagent:C:\Users\VAR\.m2\repository/org/aspectj/aspectjweaver/1.9.7/aspectjweaver-1.9.7.jar -Didea.test.cyclic.buffer.size=1048576 -javaagent:C:\Program Files\JetBrains\IntelliJ IDEA Community Edition 2025.2.6.1\lib\idea_rt.jar=60620 -Dkotlinx.coroutines.debug.enable.creation.stack.trace=false -Ddebugger.agent.enable.coroutines=true -Dkotlinx.coroutines.debug.enable.flows.stack.trace=true -Dkotlinx.coroutines.debug.enable.mutable.state.flows.stack.trace=true -Dfile.encoding=UTF-8 com.intellij.rt.junit.JUnitStarter -ideVersion5 @w@C:\Users\VAR\AppData\Local\Temp\idea_working_dirs_junit.tmp @C:\Users\VAR\AppData\Local\Temp\idea_junit.tmp -socket60619

Host: Intel(R) Core(TM) i3-8145U CPU @ 2.10GHz, 4 cores, 7G,  Windows 11 , 64 bit Build 26100 (10.0.26100.8328)
Time: Tue May 12 17:32:47 2026 RTZ 2 (s 11 , 64 bit Build 26100 (10.0.26100.8328) elapsed time: 2.700548 seconds (0d 0h 0m 2s)

---------------  T H R E A D  ---------------

Current thread (0x000001daff68e000):  JavaThread "C2 CompilerThread0" daemon [_thread_in_native, id=15124, stack(0x000000d4e1d00000,0x000000d4e1e00000)]


Current CompileTask:
C2:   2700 1036       4       org.aspectj.apache.bcel.classfile.Attribute::readAttribute (568 bytes)

Stack: [0x000000d4e1d00000,0x000000d4e1e00000]
Native frames: (J=compiled Java code, j=interpreted, Vv=VM code, C=native code)
V  [jvm.dll+0x64667a]
V  [jvm.dll+0x7da009]
V  [jvm.dll+0x7db709]
V  [jvm.dll+0x7dbdf3]
V  [jvm.dll+0x269e15]
V  [jvm.dll+0xc21dc]
V  [jvm.dll+0xc278c]
V  [jvm.dll+0x2dc1d2]
V  [jvm.dll+0x55149b]
V  [jvm.dll+0x22162b]
V  [jvm.dll+0x223b4c]
V  [jvm.dll+0x220d64]
V  [jvm.dll+0x19ea61]
V  [jvm.dll+0x230d29]
V  [jvm.dll+0x22ee9f]
V  [jvm.dll+0x79c191]
V  [jvm.dll+0x794e64]
V  [jvm.dll+0x645435]
C  [ucrtbase.dll+0x37b0]
C  [KERNEL32.DLL+0x2e957]
C  [ntdll.dll+0x427c]


---------------  P R O C E S S  ---------------

Threads class SMR info:
_java_thread_list=0x000001da9c1f8410, length=13, elements={
0x000001daf9ea6000, 0x000001dafed08800, 0x000001dafed09000, 0x000001daff689000,
0x000001daff68c000, 0x000001daff68d000, 0x000001daff68e000, 0x000001daff6e8000,
0x000001daff6f5000, 0x000001daff7fe800, 0x000001daff8df000, 0x000001da9c2a3800,
0x000001da9c32f800
}

Java Threads: ( => current thread )
  0x000001daf9ea6000 JavaThread "main" [_thread_in_Java, id=8672, stack(0x000000d4e1100000,0x000000d4e1200000)]
  0x000001dafed08800 JavaThread "Reference Handler" daemon [_thread_blocked, id=14304, stack(0x000000d4e1800000,0x000000d4e1900000)]
  0x000001dafed09000 JavaThread "Finalizer" daemon [_thread_blocked, id=1676, stack(0x000000d4e1900000,0x000000d4e1a00000)]
  0x000001daff689000 JavaThread "Signal Dispatcher" daemon [_thread_blocked, id=10764, stack(0x000000d4e1a00000,0x000000d4e1b00000)]
  0x000001daff68c000 JavaThread "Attach Listener" daemon [_thread_blocked, id=7392, stack(0x000000d4e1b00000,0x000000d4e1c00000)]
  0x000001daff68d000 JavaThread "Service Thread" daemon [_thread_blocked, id=8904, stack(0x000000d4e1c00000,0x000000d4e1d00000)]
=>0x000001daff68e000 JavaThread "C2 CompilerThread0" daemon [_thread_in_native, id=15124, stack(0x000000d4e1d00000,0x000000d4e1e00000)]
  0x000001daff6e8000 JavaThread "C1 CompilerThread0" daemon [_thread_in_native, id=2332, stack(0x000000d4e1e00000,0x000000d4e1f00000)]
  0x000001daff6f5000 JavaThread "Sweeper thread" daemon [_thread_blocked, id=3644, stack(0x000000d4e1f00000,0x000000d4e2000000)]
  0x000001daff7fe800 JavaThread "Common-Cleaner" daemon [_thread_blocked, id=18796, stack(0x000000d4e2000000,0x000000d4e2100000)]
  0x000001daff8df000 JavaThread "IntelliJ Suspend Helper" daemon [_thread_blocked, id=10076, stack(0x000000d4e2100000,0x000000d4e2200000)]
  0x000001da9c2a3800 JavaThread "Monitor Ctrl-Break" daemon [_thread_in_native, id=8020, stack(0x000000d4e2400000,0x000000d4e2500000)]
  0x000001da9c32f800 JavaThread "C2 CompilerThread1" daemon [_thread_in_native, id=1780, stack(0x000000d4e2600000,0x000000d4e2700000)]

Other Threads:
  0x000001dafecd2800 VMThread "VM Thread" [stack: 0x000000d4e1700000,0x000000d4e1800000] [id=6152]
  0x000001da9c285000 WatcherThread [stack: 0x000000d4e2500000,0x000000d4e2600000] [id=1360]
  0x000001daf9ec1800 GCTaskThread "GC Thread#0" [stack: 0x000000d4e1200000,0x000000d4e1300000] [id=10700]
  0x000001da9bfc0800 GCTaskThread "GC Thread#1" [stack: 0x000000d4e2200000,0x000000d4e2300000] [id=14928]
  0x000001da9bc8d800 GCTaskThread "GC Thread#2" [stack: 0x000000d4e2300000,0x000000d4e2400000] [id=304]
  0x000001daf9a5e000 ConcurrentGCThread "G1 Main Marker" [stack: 0x000000d4e1300000,0x000000d4e1400000] [id=9224]
  0x000001daf9ef0000 ConcurrentGCThread "G1 Conc#0" [stack: 0x000000d4e1400000,0x000000d4e1500000] [id=13736]
  0x000001dafeb30800 ConcurrentGCThread "G1 Refine#0" [stack: 0x000000d4e1500000,0x000000d4e1600000] [id=7864]
  0x000001dafeb33000 ConcurrentGCThread "G1 Young RemSet Sampling" [stack: 0x000000d4e1600000,0x000000d4e1700000] [id=18672]

Threads with active compile tasks:
C2 CompilerThread0     2853 1036       4       org.aspectj.apache.bcel.classfile.Attribute::readAttribute (568 bytes)
C1 CompilerThread0     2853 1221       3       org.aspectj.weaver.bcel.BcelClassWeaver::match (373 bytes)
C2 CompilerThread1     2853 1169       4       java.io.DataInputStream::readUTF (501 bytes)

VM state:not at safepoint (normal execution)

VM Mutex/Monitor currently owned by a thread: None

Heap address: 0x0000000082e00000, size: 2002 MB, Compressed Oops mode: 32-bit
Narrow klass base: 0x0000000000000000, Narrow klass shift: 3
Compressed class space size: 1073741824 Address: 0x0000000100000000

Heap:
 garbage-first heap   total 129024K, used 13590K [0x0000000082e00000, 0x0000000100000000)
  region size 1024K, 12 young (12288K), 1 survivors (1024K)
 Metaspace       used 14416K, capacity 14629K, committed 14720K, reserved 1062912K
  class space    used 1311K, capacity 1406K, committed 1408K, reserved 1048576K
Heap Regions: E=young(eden), S=young(survivor), O=old, HS=humongous(starts), HC=humongous(continues), CS=collection set, F=free, A=archive, TAMS=top-at-mark-start (previous, next)
|   0|0x0000000082e00000, 0x0000000082f00000, 0x0000000082f00000|100%| O|  |TAMS 0x0000000082e00000, 0x0000000082e00000| Untracked 
|   1|0x0000000082f00000, 0x0000000083000000, 0x0000000083000000|100%| O|  |TAMS 0x0000000082f00000, 0x0000000082f00000| Untracked 
|   2|0x0000000083000000, 0x00000000830f0400, 0x0000000083100000| 93%| O|  |TAMS 0x0000000083000000, 0x0000000083000000| Untracked 
|   3|0x0000000083100000, 0x0000000083100000, 0x0000000083200000|  0%| F|  |TAMS 0x0000000083100000, 0x0000000083100000| Untracked 
|   4|0x0000000083200000, 0x0000000083200000, 0x0000000083300000|  0%| F|  |TAMS 0x0000000083200000, 0x0000000083200000| Untracked 
|   5|0x0000000083300000, 0x0000000083300000, 0x0000000083400000|  0%| F|  |TAMS 0x0000000083300000, 0x0000000083300000| Untracked 
|   6|0x0000000083400000, 0x0000000083400000, 0x0000000083500000|  0%| F|  |TAMS 0x0000000083400000, 0x0000000083400000| Untracked 
|   7|0x0000000083500000, 0x0000000083500000, 0x0000000083600000|  0%| F|  |TAMS 0x0000000083500000, 0x0000000083500000| Untracked 
|   8|0x0000000083600000, 0x0000000083600000, 0x0000000083700000|  0%| F|  |TAMS 0x0000000083600000, 0x0000000083600000| Untracked 
|   9|0x0000000083700000, 0x0000000083700000, 0x0000000083800000|  0%| F|  |TAMS 0x0000000083700000, 0x0000000083700000| Untracked 
|  10|0x0000000083800000, 0x0000000083800000, 0x0000000083900000|  0%| F|  |TAMS 0x0000000083800000, 0x0000000083800000| Untracked 
|  11|0x0000000083900000, 0x0000000083900000, 0x0000000083a00000|  0%| F|  |TAMS 0x0000000083900000, 0x0000000083900000| Untracked 
|  12|0x0000000083a00000, 0x0000000083a00000, 0x0000000083b00000|  0%| F|  |TAMS 0x0000000083a00000, 0x0000000083a00000| Untracked 
|  13|0x0000000083b00000, 0x0000000083b00000, 0x0000000083c00000|  0%| F|  |TAMS 0x0000000083b00000, 0x0000000083b00000| Untracked 
|  14|0x0000000083c00000, 0x0000000083c00000, 0x0000000083d00000|  0%| F|  |TAMS 0x0000000083c00000, 0x0000000083c00000| Untracked 
|  15|0x0000000083d00000, 0x0000000083d00000, 0x0000000083e00000|  0%| F|  |TAMS 0x0000000083d00000, 0x0000000083d00000| Untracked 
|  16|0x0000000083e00000, 0x0000000083e00000, 0x0000000083f00000|  0%| F|  |TAMS 0x0000000083e00000, 0x0000000083e00000| Untracked 
|  17|0x0000000083f00000, 0x0000000083f00000, 0x0000000084000000|  0%| F|  |TAMS 0x0000000083f00000, 0x0000000083f00000| Untracked 
|  18|0x0000000084000000, 0x0000000084000000, 0x0000000084100000|  0%| F|  |TAMS 0x0000000084000000, 0x0000000084000000| Untracked 
|  19|0x0000000084100000, 0x0000000084100000, 0x0000000084200000|  0%| F|  |TAMS 0x0000000084100000, 0x0000000084100000| Untracked 
|  20|0x0000000084200000, 0x0000000084200000, 0x0000000084300000|  0%| F|  |TAMS 0x0000000084200000, 0x0000000084200000| Untracked 
|  21|0x0000000084300000, 0x0000000084300000, 0x0000000084400000|  0%| F|  |TAMS 0x0000000084300000, 0x0000000084300000| Untracked 
|  22|0x0000000084400000, 0x0000000084400000, 0x0000000084500000|  0%| F|  |TAMS 0x0000000084400000, 0x0000000084400000| Untracked 
|  23|0x0000000084500000, 0x0000000084500000, 0x0000000084600000|  0%| F|  |TAMS 0x0000000084500000, 0x0000000084500000| Untracked 
|  24|0x0000000084600000, 0x0000000084600000, 0x0000000084700000|  0%| F|  |TAMS 0x0000000084600000, 0x0000000084600000| Untracked 
|  25|0x0000000084700000, 0x0000000084700000, 0x0000000084800000|  0%| F|  |TAMS 0x0000000084700000, 0x0000000084700000| Untracked 
|  26|0x0000000084800000, 0x0000000084800000, 0x0000000084900000|  0%| F|  |TAMS 0x0000000084800000, 0x0000000084800000| Untracked 
|  27|0x0000000084900000, 0x0000000084900000, 0x0000000084a00000|  0%| F|  |TAMS 0x0000000084900000, 0x0000000084900000| Untracked 
|  28|0x0000000084a00000, 0x0000000084a00000, 0x0000000084b00000|  0%| F|  |TAMS 0x0000000084a00000, 0x0000000084a00000| Untracked 
|  29|0x0000000084b00000, 0x0000000084b00000, 0x0000000084c00000|  0%| F|  |TAMS 0x0000000084b00000, 0x0000000084b00000| Untracked 
|  30|0x0000000084c00000, 0x0000000084c00000, 0x0000000084d00000|  0%| F|  |TAMS 0x0000000084c00000, 0x0000000084c00000| Untracked 
|  31|0x0000000084d00000, 0x0000000084d00000, 0x0000000084e00000|  0%| F|  |TAMS 0x0000000084d00000, 0x0000000084d00000| Untracked 
|  32|0x0000000084e00000, 0x0000000084e00000, 0x0000000084f00000|  0%| F|  |TAMS 0x0000000084e00000, 0x0000000084e00000| Untracked 
|  33|0x0000000084f00000, 0x0000000084f00000, 0x0000000085000000|  0%| F|  |TAMS 0x0000000084f00000, 0x0000000084f00000| Untracked 
|  34|0x0000000085000000, 0x0000000085000000, 0x0000000085100000|  0%| F|  |TAMS 0x0000000085000000, 0x0000000085000000| Untracked 
|  35|0x0000000085100000, 0x0000000085100000, 0x0000000085200000|  0%| F|  |TAMS 0x0000000085100000, 0x0000000085100000| Untracked 
|  36|0x0000000085200000, 0x0000000085200000, 0x0000000085300000|  0%| F|  |TAMS 0x0000000085200000, 0x0000000085200000| Untracked 
|  37|0x0000000085300000, 0x0000000085300000, 0x0000000085400000|  0%| F|  |TAMS 0x0000000085300000, 0x0000000085300000| Untracked 
|  38|0x0000000085400000, 0x0000000085400000, 0x0000000085500000|  0%| F|  |TAMS 0x0000000085400000, 0x0000000085400000| Untracked 
|  39|0x0000000085500000, 0x0000000085500000, 0x0000000085600000|  0%| F|  |TAMS 0x0000000085500000, 0x0000000085500000| Untracked 
|  40|0x0000000085600000, 0x0000000085600000, 0x0000000085700000|  0%| F|  |TAMS 0x0000000085600000, 0x0000000085600000| Untracked 
|  41|0x0000000085700000, 0x0000000085700000, 0x0000000085800000|  0%| F|  |TAMS 0x0000000085700000, 0x0000000085700000| Untracked 
|  42|0x0000000085800000, 0x0000000085800000, 0x0000000085900000|  0%| F|  |TAMS 0x0000000085800000, 0x0000000085800000| Untracked 
|  43|0x0000000085900000, 0x0000000085900000, 0x0000000085a00000|  0%| F|  |TAMS 0x0000000085900000, 0x0000000085900000| Untracked 
|  44|0x0000000085a00000, 0x0000000085a00000, 0x0000000085b00000|  0%| F|  |TAMS 0x0000000085a00000, 0x0000000085a00000| Untracked 
|  45|0x0000000085b00000, 0x0000000085b00000, 0x0000000085c00000|  0%| F|  |TAMS 0x0000000085b00000, 0x0000000085b00000| Untracked 
|  46|0x0000000085c00000, 0x0000000085c00000, 0x0000000085d00000|  0%| F|  |TAMS 0x0000000085c00000, 0x0000000085c00000| Untracked 
|  47|0x0000000085d00000, 0x0000000085d00000, 0x0000000085e00000|  0%| F|  |TAMS 0x0000000085d00000, 0x0000000085d00000| Untracked 
|  48|0x0000000085e00000, 0x0000000085e00000, 0x0000000085f00000|  0%| F|  |TAMS 0x0000000085e00000, 0x0000000085e00000| Untracked 
|  49|0x0000000085f00000, 0x0000000085f00000, 0x0000000086000000|  0%| F|  |TAMS 0x0000000085f00000, 0x0000000085f00000| Untracked 
|  50|0x0000000086000000, 0x0000000086000000, 0x0000000086100000|  0%| F|  |TAMS 0x0000000086000000, 0x0000000086000000| Untracked 
|  51|0x0000000086100000, 0x0000000086100000, 0x0000000086200000|  0%| F|  |TAMS 0x0000000086100000, 0x0000000086100000| Untracked 
|  52|0x0000000086200000, 0x0000000086200000, 0x0000000086300000|  0%| F|  |TAMS 0x0000000086200000, 0x0000000086200000| Untracked 
|  53|0x0000000086300000, 0x0000000086300000, 0x0000000086400000|  0%| F|  |TAMS 0x0000000086300000, 0x0000000086300000| Untracked 
|  54|0x0000000086400000, 0x0000000086400000, 0x0000000086500000|  0%| F|  |TAMS 0x0000000086400000, 0x0000000086400000| Untracked 
|  55|0x0000000086500000, 0x0000000086500000, 0x0000000086600000|  0%| F|  |TAMS 0x0000000086500000, 0x0000000086500000| Untracked 
|  56|0x0000000086600000, 0x0000000086600000, 0x0000000086700000|  0%| F|  |TAMS 0x0000000086600000, 0x0000000086600000| Untracked 
|  57|0x0000000086700000, 0x0000000086700000, 0x0000000086800000|  0%| F|  |TAMS 0x0000000086700000, 0x0000000086700000| Untracked 
|  58|0x0000000086800000, 0x0000000086800000, 0x0000000086900000|  0%| F|  |TAMS 0x0000000086800000, 0x0000000086800000| Untracked 
|  59|0x0000000086900000, 0x0000000086900000, 0x0000000086a00000|  0%| F|  |TAMS 0x0000000086900000, 0x0000000086900000| Untracked 
|  60|0x0000000086a00000, 0x0000000086a00000, 0x0000000086b00000|  0%| F|  |TAMS 0x0000000086a00000, 0x0000000086a00000| Untracked 
|  61|0x0000000086b00000, 0x0000000086b00000, 0x0000000086c00000|  0%| F|  |TAMS 0x0000000086b00000, 0x0000000086b00000| Untracked 
|  62|0x0000000086c00000, 0x0000000086c00000, 0x0000000086d00000|  0%| F|  |TAMS 0x0000000086c00000, 0x0000000086c00000| Untracked 
|  63|0x0000000086d00000, 0x0000000086d00000, 0x0000000086e00000|  0%| F|  |TAMS 0x0000000086d00000, 0x0000000086d00000| Untracked 
|  64|0x0000000086e00000, 0x0000000086e00000, 0x0000000086f00000|  0%| F|  |TAMS 0x0000000086e00000, 0x0000000086e00000| Untracked 
|  65|0x0000000086f00000, 0x0000000086f00000, 0x0000000087000000|  0%| F|  |TAMS 0x0000000086f00000, 0x0000000086f00000| Untracked 
|  66|0x0000000087000000, 0x0000000087000000, 0x0000000087100000|  0%| F|  |TAMS 0x0000000087000000, 0x0000000087000000| Untracked 
|  67|0x0000000087100000, 0x0000000087100000, 0x0000000087200000|  0%| F|  |TAMS 0x0000000087100000, 0x0000000087100000| Untracked 
|  68|0x0000000087200000, 0x0000000087200000, 0x0000000087300000|  0%| F|  |TAMS 0x0000000087200000, 0x0000000087200000| Untracked 
|  69|0x0000000087300000, 0x0000000087300000, 0x0000000087400000|  0%| F|  |TAMS 0x0000000087300000, 0x0000000087300000| Untracked 
|  70|0x0000000087400000, 0x0000000087400000, 0x0000000087500000|  0%| F|  |TAMS 0x0000000087400000, 0x0000000087400000| Untracked 
|  71|0x0000000087500000, 0x0000000087500000, 0x0000000087600000|  0%| F|  |TAMS 0x0000000087500000, 0x0000000087500000| Untracked 
|  72|0x0000000087600000, 0x0000000087600000, 0x0000000087700000|  0%| F|  |TAMS 0x0000000087600000, 0x0000000087600000| Untracked 
|  73|0x0000000087700000, 0x0000000087700000, 0x0000000087800000|  0%| F|  |TAMS 0x0000000087700000, 0x0000000087700000| Untracked 
|  74|0x0000000087800000, 0x0000000087800000, 0x0000000087900000|  0%| F|  |TAMS 0x0000000087800000, 0x0000000087800000| Untracked 
|  75|0x0000000087900000, 0x0000000087900000, 0x0000000087a00000|  0%| F|  |TAMS 0x0000000087900000, 0x0000000087900000| Untracked 
|  76|0x0000000087a00000, 0x0000000087a00000, 0x0000000087b00000|  0%| F|  |TAMS 0x0000000087a00000, 0x0000000087a00000| Untracked 
|  77|0x0000000087b00000, 0x0000000087b00000, 0x0000000087c00000|  0%| F|  |TAMS 0x0000000087b00000, 0x0000000087b00000| Untracked 
|  78|0x0000000087c00000, 0x0000000087c00000, 0x0000000087d00000|  0%| F|  |TAMS 0x0000000087c00000, 0x0000000087c00000| Untracked 
|  79|0x0000000087d00000, 0x0000000087d00000, 0x0000000087e00000|  0%| F|  |TAMS 0x0000000087d00000, 0x0000000087d00000| Untracked 
|  80|0x0000000087e00000, 0x0000000087e00000, 0x0000000087f00000|  0%| F|  |TAMS 0x0000000087e00000, 0x0000000087e00000| Untracked 
|  81|0x0000000087f00000, 0x0000000087f00000, 0x0000000088000000|  0%| F|  |TAMS 0x0000000087f00000, 0x0000000087f00000| Untracked 
|  82|0x0000000088000000, 0x0000000088000000, 0x0000000088100000|  0%| F|  |TAMS 0x0000000088000000, 0x0000000088000000| Untracked 
|  83|0x0000000088100000, 0x0000000088100000, 0x0000000088200000|  0%| F|  |TAMS 0x0000000088100000, 0x0000000088100000| Untracked 
|  84|0x0000000088200000, 0x0000000088200000, 0x0000000088300000|  0%| F|  |TAMS 0x0000000088200000, 0x0000000088200000| Untracked 
|  85|0x0000000088300000, 0x0000000088300000, 0x0000000088400000|  0%| F|  |TAMS 0x0000000088300000, 0x0000000088300000| Untracked 
|  86|0x0000000088400000, 0x0000000088400000, 0x0000000088500000|  0%| F|  |TAMS 0x0000000088400000, 0x0000000088400000| Untracked 
|  87|0x0000000088500000, 0x0000000088500000, 0x0000000088600000|  0%| F|  |TAMS 0x0000000088500000, 0x0000000088500000| Untracked 
|  88|0x0000000088600000, 0x0000000088600000, 0x0000000088700000|  0%| F|  |TAMS 0x0000000088600000, 0x0000000088600000| Untracked 
|  89|0x0000000088700000, 0x0000000088700000, 0x0000000088800000|  0%| F|  |TAMS 0x0000000088700000, 0x0000000088700000| Untracked 
|  90|0x0000000088800000, 0x0000000088800000, 0x0000000088900000|  0%| F|  |TAMS 0x0000000088800000, 0x0000000088800000| Untracked 
|  91|0x0000000088900000, 0x0000000088900000, 0x0000000088a00000|  0%| F|  |TAMS 0x0000000088900000, 0x0000000088900000| Untracked 
|  92|0x0000000088a00000, 0x0000000088a00000, 0x0000000088b00000|  0%| F|  |TAMS 0x0000000088a00000, 0x0000000088a00000| Untracked 
|  93|0x0000000088b00000, 0x0000000088b00000, 0x0000000088c00000|  0%| F|  |TAMS 0x0000000088b00000, 0x0000000088b00000| Untracked 
|  94|0x0000000088c00000, 0x0000000088c00000, 0x0000000088d00000|  0%| F|  |TAMS 0x0000000088c00000, 0x0000000088c00000| Untracked 
|  95|0x0000000088d00000, 0x0000000088d00000, 0x0000000088e00000|  0%| F|  |TAMS 0x0000000088d00000, 0x0000000088d00000| Untracked 
|  96|0x0000000088e00000, 0x0000000088e00000, 0x0000000088f00000|  0%| F|  |TAMS 0x0000000088e00000, 0x0000000088e00000| Untracked 
|  97|0x0000000088f00000, 0x0000000088f00000, 0x0000000089000000|  0%| F|  |TAMS 0x0000000088f00000, 0x0000000088f00000| Untracked 
|  98|0x0000000089000000, 0x0000000089000000, 0x0000000089100000|  0%| F|  |TAMS 0x0000000089000000, 0x0000000089000000| Untracked 
|  99|0x0000000089100000, 0x0000000089100000, 0x0000000089200000|  0%| F|  |TAMS 0x0000000089100000, 0x0000000089100000| Untracked 
| 100|0x0000000089200000, 0x0000000089200000, 0x0000000089300000|  0%| F|  |TAMS 0x0000000089200000, 0x0000000089200000| Untracked 
| 101|0x0000000089300000, 0x0000000089300000, 0x0000000089400000|  0%| F|  |TAMS 0x0000000089300000, 0x0000000089300000| Untracked 
| 102|0x0000000089400000, 0x0000000089400000, 0x0000000089500000|  0%| F|  |TAMS 0x0000000089400000, 0x0000000089400000| Untracked 
| 103|0x0000000089500000, 0x0000000089500000, 0x0000000089600000|  0%| F|  |TAMS 0x0000000089500000, 0x0000000089500000| Untracked 
| 104|0x0000000089600000, 0x0000000089600000, 0x0000000089700000|  0%| F|  |TAMS 0x0000000089600000, 0x0000000089600000| Untracked 
| 105|0x0000000089700000, 0x0000000089700000, 0x0000000089800000|  0%| F|  |TAMS 0x0000000089700000, 0x0000000089700000| Untracked 
| 106|0x0000000089800000, 0x0000000089800000, 0x0000000089900000|  0%| F|  |TAMS 0x0000000089800000, 0x0000000089800000| Untracked 
| 107|0x0000000089900000, 0x0000000089900000, 0x0000000089a00000|  0%| F|  |TAMS 0x0000000089900000, 0x0000000089900000| Untracked 
| 108|0x0000000089a00000, 0x0000000089a00000, 0x0000000089b00000|  0%| F|  |TAMS 0x0000000089a00000, 0x0000000089a00000| Untracked 
| 109|0x0000000089b00000, 0x0000000089b00000, 0x0000000089c00000|  0%| F|  |TAMS 0x0000000089b00000, 0x0000000089b00000| Untracked 
| 110|0x0000000089c00000, 0x0000000089c00000, 0x0000000089d00000|  0%| F|  |TAMS 0x0000000089c00000, 0x0000000089c00000| Untracked 
| 111|0x0000000089d00000, 0x0000000089d00000, 0x0000000089e00000|  0%| F|  |TAMS 0x0000000089d00000, 0x0000000089d00000| Untracked 
| 112|0x0000000089e00000, 0x0000000089e00000, 0x0000000089f00000|  0%| F|  |TAMS 0x0000000089e00000, 0x0000000089e00000| Untracked 
| 113|0x0000000089f00000, 0x0000000089f00000, 0x000000008a000000|  0%| F|  |TAMS 0x0000000089f00000, 0x0000000089f00000| Untracked 
| 114|0x000000008a000000, 0x000000008a055408, 0x000000008a100000| 33%| S|CS|TAMS 0x000000008a000000, 0x000000008a000000| Complete 
| 115|0x000000008a100000, 0x000000008a200000, 0x000000008a200000|100%| E|  |TAMS 0x000000008a100000, 0x000000008a100000| Complete 
| 116|0x000000008a200000, 0x000000008a300000, 0x000000008a300000|100%| E|CS|TAMS 0x000000008a200000, 0x000000008a200000| Complete 
| 117|0x000000008a300000, 0x000000008a400000, 0x000000008a400000|100%| E|CS|TAMS 0x000000008a300000, 0x000000008a300000| Complete 
| 118|0x000000008a400000, 0x000000008a500000, 0x000000008a500000|100%| E|CS|TAMS 0x000000008a400000, 0x000000008a400000| Complete 
| 119|0x000000008a500000, 0x000000008a600000, 0x000000008a600000|100%| E|CS|TAMS 0x000000008a500000, 0x000000008a500000| Complete 
| 120|0x000000008a600000, 0x000000008a700000, 0x000000008a700000|100%| E|CS|TAMS 0x000000008a600000, 0x000000008a600000| Complete 
| 121|0x000000008a700000, 0x000000008a800000, 0x000000008a800000|100%| E|CS|TAMS 0x000000008a700000, 0x000000008a700000| Complete 
| 122|0x000000008a800000, 0x000000008a900000, 0x000000008a900000|100%| E|CS|TAMS 0x000000008a800000, 0x000000008a800000| Complete 
| 123|0x000000008a900000, 0x000000008aa00000, 0x000000008aa00000|100%| E|CS|TAMS 0x000000008a900000, 0x000000008a900000| Complete 
| 124|0x000000008aa00000, 0x000000008ab00000, 0x000000008ab00000|100%| E|CS|TAMS 0x000000008aa00000, 0x000000008aa00000| Complete 
| 125|0x000000008ab00000, 0x000000008ac00000, 0x000000008ac00000|100%| E|CS|TAMS 0x000000008ab00000, 0x000000008ab00000| Complete 

Card table byte_map: [0x000001dafbf50000,0x000001dafc340000] _byte_map_base: 0x000001dafbb39000

Marking Bits (Prev, Next): (CMBitMap*) 0x000001daf9ee9878, (CMBitMap*) 0x000001daf9ee98b0
 Prev Bits: [0x000001dafc730000, 0x000001dafe678000)
 Next Bits: [0x000001da976f0000, 0x000001da99638000)

Polling page: 0x000001daf9c40000

Metaspace:

Usage:
  Non-class:     12.91 MB capacity,    12.80 MB (>99%) used,    93.34 KB ( <1%) free+waste,    17.38 KB ( <1%) overhead. 
      Class:      1.37 MB capacity,     1.28 MB ( 93%) used,    85.33 KB (  6%) free+waste,     7.19 KB ( <1%) overhead. 
       Both:     14.29 MB capacity,    14.09 MB ( 99%) used,   178.66 KB (  1%) free+waste,    24.56 KB ( <1%) overhead. 

Virtual space:
  Non-class space:       14.00 MB reserved,      13.00 MB ( 93%) committed 
      Class space:        1.00 GB reserved,       1.38 MB ( <1%) committed 
             Both:        1.01 GB reserved,      14.38 MB (  1%) committed 

Chunk freelists:
   Non-Class:  25.00 KB
       Class:  2.00 KB
        Both:  27.00 KB

MaxMetaspaceSize: 17179869184.00 GB
CompressedClassSpaceSize: 1.00 GB
Initial GC threshold: 20.80 MB
Current GC threshold: 20.80 MB
CDS: off

CodeHeap 'non-profiled nmethods': size=120064Kb used=435Kb max_used=435Kb free=119628Kb
 bounds [0x000001da901b0000, 0x000001da90420000, 0x000001da976f0000]
CodeHeap 'profiled nmethods': size=120000Kb used=2612Kb max_used=2612Kb free=117387Kb
 bounds [0x000001da88c80000, 0x000001da88f10000, 0x000001da901b0000]
CodeHeap 'non-nmethods': size=5696Kb used=1145Kb max_used=1164Kb free=4550Kb
 bounds [0x000001da886f0000, 0x000001da88960000, 0x000001da88c80000]
 total_blobs=1627 nmethods=1225 adapters=315
 compilation: enabled
              stopped_count=0, restarted_count=0
 full_count=0

Compilation events (20 events):
Event: 2.638 Thread 0x000001da9c32f800 nmethod 1160 0x000001da90219710 code [0x000001da902198a0, 0x000001da90219b98]
Event: 2.638 Thread 0x000001daff6e8000 nmethod 1181 0x000001da90219c90 code [0x000001da90219e40, 0x000001da90219ef8]
Event: 2.639 Thread 0x000001da9c32f800 1169       4       java.io.DataInputStream::readUTF (501 bytes)
Event: 2.639 Thread 0x000001daff6e8000 1182       3       java.io.ByteArrayInputStream::<init> (26 bytes)
Event: 2.640 Thread 0x000001daff6e8000 nmethod 1182 0x000001da88ed8590 code [0x000001da88ed8760, 0x000001da88ed8998]
Event: 2.640 Thread 0x000001daff6e8000 1183       3       org.aspectj.apache.bcel.classfile.CodeException::<init> (37 bytes)
Event: 2.640 Thread 0x000001daff6e8000 nmethod 1183 0x000001da88ed8a90 code [0x000001da88ed8c80, 0x000001da88ed8ed8]
Event: 2.640 Thread 0x000001daff6e8000 1184       1       org.aspectj.apache.bcel.classfile.InnerClass::getInnerClassIndex (5 bytes)
Event: 2.641 Thread 0x000001daff6e8000 nmethod 1184 0x000001da90219f90 code [0x000001da9021a140, 0x000001da9021a1f8]
Event: 2.641 Thread 0x000001daff6e8000 1186       3       org.aspectj.weaver.Iterators$7::hasNext (25 bytes)
Event: 2.642 Thread 0x000001daff6e8000 nmethod 1186 0x000001da88ed9010 code [0x000001da88ed91e0, 0x000001da88ed9448]
Event: 2.642 Thread 0x000001daff6e8000 1187       1       org.aspectj.apache.bcel.classfile.JavaClass::getMethods (5 bytes)
Event: 2.642 Thread 0x000001daff6e8000 nmethod 1187 0x000001da9021a290 code [0x000001da9021a440, 0x000001da9021a4f8]
Event: 2.642 Thread 0x000001daff6e8000 1188       3       org.aspectj.weaver.UnresolvedType::getClassName (69 bytes)
Event: 2.644 Thread 0x000001daff6e8000 nmethod 1188 0x000001da88ed9510 code [0x000001da88ed9780, 0x000001da88eda068]
Event: 2.644 Thread 0x000001daff6e8000 1189       3       org.aspectj.weaver.bcel.LazyMethodGen::isAdviceMethod (25 bytes)
Event: 2.644 Thread 0x000001daff6e8000 nmethod 1189 0x000001da88eda390 code [0x000001da88eda540, 0x000001da88eda718]
Event: 2.645 Thread 0x000001daff6e8000 1190       3       java.io.DataInputStream::readUnsignedByte (22 bytes)
Event: 2.646 Thread 0x000001daff6e8000 nmethod 1190 0x000001da88eda810 code [0x000001da88eda9e0, 0x000001da88edac98]
Event: 2.646 Thread 0x000001daff6e8000 1191   !   3       org.aspectj.apache.bcel.generic.Instruction::readInstruction (1235 bytes)

GC Heap History (4 events):
Event: 1.253 GC heap before
{Heap before GC invocations=0 (full 0):
 garbage-first heap   total 129024K, used 14336K [0x0000000082e00000, 0x0000000100000000)
  region size 1024K, 14 young (14336K), 0 survivors (0K)
 Metaspace       used 10504K, capacity 10722K, committed 10752K, reserved 1058816K
  class space    used 951K, capacity 1021K, committed 1024K, reserved 1048576K
}
Event: 1.257 GC heap after
{Heap after GC invocations=1 (full 0):
 garbage-first heap   total 129024K, used 2956K [0x0000000082e00000, 0x0000000100000000)
  region size 1024K, 2 young (2048K), 2 survivors (2048K)
 Metaspace       used 10504K, capacity 10722K, committed 10752K, reserved 1058816K
  class space    used 951K, capacity 1021K, committed 1024K, reserved 1048576K
}
Event: 2.188 GC heap before
{Heap before GC invocations=1 (full 0):
 garbage-first heap   total 129024K, used 14220K [0x0000000082e00000, 0x0000000100000000)
  region size 1024K, 13 young (13312K), 2 survivors (2048K)
 Metaspace       used 12987K, capacity 13189K, committed 13312K, reserved 1060864K
  class space    used 1192K, capacity 1246K, committed 1280K, reserved 1048576K
}
Event: 2.194 GC heap after
{Heap after GC invocations=2 (full 0):
 garbage-first heap   total 129024K, used 3350K [0x0000000082e00000, 0x0000000100000000)
  region size 1024K, 1 young (1024K), 1 survivors (1024K)
 Metaspace       used 12987K, capacity 13189K, committed 13312K, reserved 1060864K
  class space    used 1192K, capacity 1246K, committed 1280K, reserved 1048576K
}

Deoptimization events (20 events):
Event: 2.515 Thread 0x000001daf9ea6000 Uncommon trap: trap_request=0xffffff4d fr.pc=0x000001da901eb028 relative=0x0000000000000468
Event: 2.515 Thread 0x000001daf9ea6000 Uncommon trap: reason=unstable_if action=reinterpret pc=0x000001da901eb028 method=java.lang.AbstractStringBuilder.putStringAt(ILjava/lang/String;)V @ 8 c2
Event: 2.515 Thread 0x000001daf9ea6000 DEOPT PACKING pc=0x000001da901eb028 sp=0x000000d4e11fd850
Event: 2.515 Thread 0x000001daf9ea6000 DEOPT UNPACKING pc=0x000001da8873a1af sp=0x000000d4e11fd7c0 mode 2
Event: 2.515 Thread 0x000001daf9ea6000 Uncommon trap: trap_request=0xffffff4d fr.pc=0x000001da901ea86c relative=0x00000000000000cc
Event: 2.515 Thread 0x000001daf9ea6000 Uncommon trap: reason=unstable_if action=reinterpret pc=0x000001da901ea86c method=java.lang.String.getBytes([BIB)V @ 5 c2
Event: 2.515 Thread 0x000001daf9ea6000 DEOPT PACKING pc=0x000001da901ea86c sp=0x000000d4e11fd770
Event: 2.515 Thread 0x000001daf9ea6000 DEOPT UNPACKING pc=0x000001da8873a1af sp=0x000000d4e11fd738 mode 2
Event: 2.572 Thread 0x000001daf9ea6000 Uncommon trap: trap_request=0xffffff4d fr.pc=0x000001da90204eb4 relative=0x0000000000000eb4
Event: 2.572 Thread 0x000001daf9ea6000 Uncommon trap: reason=unstable_if action=reinterpret pc=0x000001da90204eb4 method=java.io.DataInputStream.readUTF(Ljava/io/DataInput;)Ljava/lang/String; @ 112 c2
Event: 2.572 Thread 0x000001daf9ea6000 DEOPT PACKING pc=0x000001da90204eb4 sp=0x000000d4e11fc0b0
Event: 2.572 Thread 0x000001daf9ea6000 DEOPT UNPACKING pc=0x000001da8873a1af sp=0x000000d4e11fc0a0 mode 2
Event: 2.573 Thread 0x000001daf9ea6000 Uncommon trap: trap_request=0xffffff4d fr.pc=0x000001da901b1390 relative=0x0000000000000070
Event: 2.573 Thread 0x000001daf9ea6000 Uncommon trap: reason=unstable_if action=reinterpret pc=0x000001da901b1390 method=java.lang.String.isLatin1()Z @ 10 c2
Event: 2.573 Thread 0x000001daf9ea6000 DEOPT PACKING pc=0x000001da901b1390 sp=0x000000d4e11fc0c0
Event: 2.573 Thread 0x000001daf9ea6000 DEOPT UNPACKING pc=0x000001da8873a1af sp=0x000000d4e11fc000 mode 2
Event: 2.578 Thread 0x000001daf9ea6000 Uncommon trap: trap_request=0xffffff4d fr.pc=0x000001da901bbe78 relative=0x0000000000000058
Event: 2.578 Thread 0x000001daf9ea6000 Uncommon trap: reason=unstable_if action=reinterpret pc=0x000001da901bbe78 method=java.lang.String.isLatin1()Z @ 10 c2
Event: 2.578 Thread 0x000001daf9ea6000 DEOPT PACKING pc=0x000001da901bbe78 sp=0x000000d4e11fc070
Event: 2.578 Thread 0x000001daf9ea6000 DEOPT UNPACKING pc=0x000001da8873a1af sp=0x000000d4e11fc000 mode 2

Classes redefined (1 events):
Event: 0.504 Thread 0x000001dafecd2800 redefined class name=java.lang.Throwable, count=1

Internal exceptions (20 events):
Event: 2.036 Thread 0x000001daf9ea6000 Exception <a 'java/lang/ArrayIndexOutOfBoundsException'{0x000000008a4fbde8}: Index 9 out of bounds for length 9> (0x000000008a4fbde8) thrown at [s\src\hotspot\share\interpreter\interpreterRuntime.cpp, line 444]
Event: 2.078 Thread 0x000001daf9ea6000 Exception <a 'java/lang/ArrayIndexOutOfBoundsException'{0x000000008a3a4390}: Index 7 out of bounds for length 7> (0x000000008a3a4390) thrown at [s\src\hotspot\share\interpreter\interpreterRuntime.cpp, line 444]
Event: 2.078 Thread 0x000001daf9ea6000 Exception <a 'java/lang/ArrayIndexOutOfBoundsException'{0x000000008a3a4978}: Index 7 out of bounds for length 7> (0x000000008a3a4978) thrown at [s\src\hotspot\share\interpreter\interpreterRuntime.cpp, line 444]
Event: 2.078 Thread 0x000001daf9ea6000 Exception <a 'java/lang/ArrayIndexOutOfBoundsException'{0x000000008a3a4f60}: Index 7 out of bounds for length 7> (0x000000008a3a4f60) thrown at [s\src\hotspot\share\interpreter\interpreterRuntime.cpp, line 444]
Event: 2.093 Thread 0x000001daf9ea6000 Exception <a 'java/lang/ArrayIndexOutOfBoundsException'{0x000000008a3da768}: Index 7 out of bounds for length 7> (0x000000008a3da768) thrown at [s\src\hotspot\share\interpreter\interpreterRuntime.cpp, line 444]
Event: 2.093 Thread 0x000001daf9ea6000 Exception <a 'java/lang/ArrayIndexOutOfBoundsException'{0x000000008a3dad50}: Index 7 out of bounds for length 7> (0x000000008a3dad50) thrown at [s\src\hotspot\share\interpreter\interpreterRuntime.cpp, line 444]
Event: 2.093 Thread 0x000001daf9ea6000 Exception <a 'java/lang/ArrayIndexOutOfBoundsException'{0x000000008a3db338}: Index 7 out of bounds for length 7> (0x000000008a3db338) thrown at [s\src\hotspot\share\interpreter\interpreterRuntime.cpp, line 444]
Event: 2.096 Thread 0x000001daf9ea6000 Exception <a 'java/lang/ArrayIndexOutOfBoundsException'{0x000000008a3debc8}: Index 7 out of bounds for length 7> (0x000000008a3debc8) thrown at [s\src\hotspot\share\interpreter\interpreterRuntime.cpp, line 444]
Event: 2.096 Thread 0x000001daf9ea6000 Exception <a 'java/lang/ArrayIndexOutOfBoundsException'{0x000000008a3df1b0}: Index 7 out of bounds for length 7> (0x000000008a3df1b0) thrown at [s\src\hotspot\share\interpreter\interpreterRuntime.cpp, line 444]
Event: 2.096 Thread 0x000001daf9ea6000 Exception <a 'java/lang/ArrayIndexOutOfBoundsException'{0x000000008a3df798}: Index 7 out of bounds for length 7> (0x000000008a3df798) thrown at [s\src\hotspot\share\interpreter\interpreterRuntime.cpp, line 444]
Event: 2.108 Thread 0x000001daf9ea6000 Exception <a 'java/lang/ArrayIndexOutOfBoundsException'{0x000000008a225ab8}: Index 11 out of bounds for length 11> (0x000000008a225ab8) thrown at [s\src\hotspot\share\interpreter\interpreterRuntime.cpp, line 444]
Event: 2.108 Thread 0x000001daf9ea6000 Exception <a 'java/lang/ArrayIndexOutOfBoundsException'{0x000000008a2260a0}: Index 11 out of bounds for length 11> (0x000000008a2260a0) thrown at [s\src\hotspot\share\interpreter\interpreterRuntime.cpp, line 444]
Event: 2.108 Thread 0x000001daf9ea6000 Exception <a 'java/lang/ArrayIndexOutOfBoundsException'{0x000000008a226688}: Index 11 out of bounds for length 11> (0x000000008a226688) thrown at [s\src\hotspot\share\interpreter\interpreterRuntime.cpp, line 444]
Event: 2.109 Thread 0x000001daf9ea6000 Exception <a 'java/lang/ArrayIndexOutOfBoundsException'{0x000000008a227b30}: Index 9 out of bounds for length 9> (0x000000008a227b30) thrown at [s\src\hotspot\share\interpreter\interpreterRuntime.cpp, line 444]
Event: 2.109 Thread 0x000001daf9ea6000 Exception <a 'java/lang/ArrayIndexOutOfBoundsException'{0x000000008a228118}: Index 9 out of bounds for length 9> (0x000000008a228118) thrown at [s\src\hotspot\share\interpreter\interpreterRuntime.cpp, line 444]
Event: 2.109 Thread 0x000001daf9ea6000 Exception <a 'java/lang/ArrayIndexOutOfBoundsException'{0x000000008a228700}: Index 9 out of bounds for length 9> (0x000000008a228700) thrown at [s\src\hotspot\share\interpreter\interpreterRuntime.cpp, line 444]
Event: 2.110 Thread 0x000001daf9ea6000 Exception <a 'java/lang/ArrayIndexOutOfBoundsException'{0x000000008a22da70}: Index 7 out of bounds for length 7> (0x000000008a22da70) thrown at [s\src\hotspot\share\interpreter\interpreterRuntime.cpp, line 444]
Event: 2.110 Thread 0x000001daf9ea6000 Exception <a 'java/lang/ArrayIndexOutOfBoundsException'{0x000000008a22e058}: Index 7 out of bounds for length 7> (0x000000008a22e058) thrown at [s\src\hotspot\share\interpreter\interpreterRuntime.cpp, line 444]
Event: 2.110 Thread 0x000001daf9ea6000 Exception <a 'java/lang/ArrayIndexOutOfBoundsException'{0x000000008a22e640}: Index 7 out of bounds for length 7> (0x000000008a22e640) thrown at [s\src\hotspot\share\interpreter\interpreterRuntime.cpp, line 444]
Event: 2.515 Thread 0x000001daf9ea6000 Exception <a 'java/io/FileNotFoundException'{0x000000008a50d660}> (0x000000008a50d660) thrown at [s\src\hotspot\share\prims\jni.cpp, line 617]

Events (20 events):
Event: 2.590 loading class org/junit/runner/Computer
Event: 2.590 loading class org/junit/runner/Computer done
Event: 2.597 loading class org/junit/runners/model/RunnerBuilder
Event: 2.597 loading class org/junit/runners/model/RunnerBuilder done
Event: 2.600 loading class org/junit/runner/Computer$1
Event: 2.600 loading class org/junit/runner/Computer$1 done
Event: 2.603 loading class org/junit/runner/Runner
Event: 2.603 loading class org/junit/runner/Runner done
Event: 2.606 loading class org/junit/runner/Describable
Event: 2.606 loading class org/junit/runner/Describable done
Event: 2.608 loading class org/junit/runner/Computer$2
Event: 2.608 loading class org/junit/runner/Computer$2 done
Event: 2.627 loading class org/junit/runners/Suite
Event: 2.627 loading class org/junit/runners/Suite done
Event: 2.634 loading class org/junit/runners/ParentRunner
Event: 2.634 loading class org/junit/runners/ParentRunner done
Event: 2.642 loading class org/aspectj/util/PartialOrder$SortObject
Event: 2.642 loading class org/aspectj/util/PartialOrder$SortObject done
Event: 2.644 loading class java/util/LinkedList$ListItr
Event: 2.644 loading class java/util/LinkedList$ListItr done


Dynamic libraries:
0x00007ff77b830000 - 0x00007ff77b83e000 	C:\Program Files\Amazon Corretto\jdk11.0.30_7\bin\java.exe
0x00007ffc2c280000 - 0x00007ffc2c4e7000 	C:\WINDOWS\SYSTEM32\ntdll.dll
0x00007ffc2a680000 - 0x00007ffc2a749000 	C:\WINDOWS\System32\KERNEL32.DLL
0x00007ffc29b50000 - 0x00007ffc29f47000 	C:\WINDOWS\System32\KERNELBASE.dll
0x00007ffc29a00000 - 0x00007ffc29b4b000 	C:\WINDOWS\System32\ucrtbase.dll
0x00007ffc162c0000 - 0x00007ffc162d7000 	C:\Program Files\Amazon Corretto\jdk11.0.30_7\bin\jli.dll
0x00007ffc2ae30000 - 0x00007ffc2aff6000 	C:\WINDOWS\System32\USER32.dll
0x00007ffc29010000 - 0x00007ffc29037000 	C:\WINDOWS\System32\win32u.dll
0x00007ffc2a640000 - 0x00007ffc2a66b000 	C:\WINDOWS\System32\GDI32.dll
0x00007ffc28cb0000 - 0x00007ffc28ddc000 	C:\WINDOWS\System32\gdi32full.dll
0x00007ffc28f60000 - 0x00007ffc29003000 	C:\WINDOWS\System32\msvcp_win.dll
0x00007ffc15ed0000 - 0x00007ffc15eeb000 	C:\Program Files\Amazon Corretto\jdk11.0.30_7\bin\VCRUNTIME140.dll
0x00007ffc117d0000 - 0x00007ffc11a62000 	C:\WINDOWS\WinSxS\amd64_microsoft.windows.common-controls_6595b64144ccf1df_6.0.26100.8328_none_3e08182ce334b678\COMCTL32.dll
0x00007ffc2ad00000 - 0x00007ffc2ada9000 	C:\WINDOWS\System32\msvcrt.dll
0x00007ffc2b820000 - 0x00007ffc2b852000 	C:\WINDOWS\System32\IMM32.DLL
0x00007ffc22f20000 - 0x00007ffc22f2c000 	C:\Program Files\Amazon Corretto\jdk11.0.30_7\bin\vcruntime140_1.dll
0x00007ffc074c0000 - 0x00007ffc0754d000 	C:\Program Files\Amazon Corretto\jdk11.0.30_7\bin\msvcp140.dll
0x00007ffba55f0000 - 0x00007ffba61b4000 	C:\Program Files\Amazon Corretto\jdk11.0.30_7\bin\server\jvm.dll
0x00007ffc2a980000 - 0x00007ffc2aa36000 	C:\WINDOWS\System32\ADVAPI32.dll
0x00007ffc2a100000 - 0x00007ffc2a1a7000 	C:\WINDOWS\System32\sechost.dll
0x00007ffc2c0c0000 - 0x00007ffc2c1d8000 	C:\WINDOWS\System32\RPCRT4.dll
0x00007ffc2a8f0000 - 0x00007ffc2a970000 	C:\WINDOWS\System32\WS2_32.dll
0x00007ffc2ac80000 - 0x00007ffc2ac88000 	C:\WINDOWS\System32\PSAPI.DLL
0x00007ffc18a10000 - 0x00007ffc18a46000 	C:\WINDOWS\SYSTEM32\WINMM.dll
0x00007ffc19c00000 - 0x00007ffc19c0b000 	C:\WINDOWS\SYSTEM32\VERSION.dll
0x00007ffc27a40000 - 0x00007ffc27a5b000 	C:\WINDOWS\SYSTEM32\kernel.appcore.dll
0x00007ffc1a440000 - 0x00007ffc1a450000 	C:\Program Files\Amazon Corretto\jdk11.0.30_7\bin\verify.dll
0x00007ffc23d90000 - 0x00007ffc23fd2000 	C:\WINDOWS\SYSTEM32\DBGHELP.DLL
0x00007ffc2b490000 - 0x00007ffc2b813000 	C:\WINDOWS\System32\combase.dll
0x00007ffc2b330000 - 0x00007ffc2b409000 	C:\WINDOWS\System32\OLEAUT32.dll
0x00007ffc02e20000 - 0x00007ffc02e5b000 	C:\WINDOWS\SYSTEM32\dbgcore.DLL
0x00007ffc29f50000 - 0x00007ffc29ff8000 	C:\WINDOWS\System32\bcryptPrimitives.dll
0x00007ffc12140000 - 0x00007ffc12168000 	C:\Program Files\Amazon Corretto\jdk11.0.30_7\bin\java.dll
0x00007ffc16fa0000 - 0x00007ffc16faa000 	C:\Program Files\Amazon Corretto\jdk11.0.30_7\bin\jimage.dll
0x00007ffc13ad0000 - 0x00007ffc13ade000 	C:\Program Files\Amazon Corretto\jdk11.0.30_7\bin\instrument.dll
0x00007ffc15eb0000 - 0x00007ffc15ec8000 	C:\Program Files\Amazon Corretto\jdk11.0.30_7\bin\zip.dll
0x00007ffc2b880000 - 0x00007ffc2bfee000 	C:\WINDOWS\System32\SHELL32.dll
0x00007ffc29040000 - 0x00007ffc298ac000 	C:\WINDOWS\System32\windows.storage.dll
0x00007ffc2b0d0000 - 0x00007ffc2b1c6000 	C:\WINDOWS\System32\SHCORE.dll
0x00007ffc2ac90000 - 0x00007ffc2acf6000 	C:\WINDOWS\System32\shlwapi.dll
0x00007ffc28bd0000 - 0x00007ffc28bf9000 	C:\WINDOWS\SYSTEM32\profapi.dll
0x00007ffc13920000 - 0x00007ffc13939000 	C:\Program Files\Amazon Corretto\jdk11.0.30_7\bin\net.dll
0x00007ffc1a1b0000 - 0x00007ffc1a2d9000 	C:\WINDOWS\SYSTEM32\WINHTTP.dll
0x00007ffc27fb0000 - 0x00007ffc2801c000 	C:\WINDOWS\system32\mswsock.dll
0x00007ffc13840000 - 0x00007ffc13852000 	C:\Program Files\Amazon Corretto\jdk11.0.30_7\bin\nio.dll

dbghelp: loaded successfully - version: 4.0.5 - missing functions: none
symbol engine: initialized successfully - sym options: 0x614 - pdb path: .;C:\Program Files\Amazon Corretto\jdk11.0.30_7\bin;C:\WINDOWS\SYSTEM32;C:\WINDOWS\WinSxS\amd64_microsoft.windows.common-controls_6595b64144ccf1df_6.0.26100.8328_none_3e08182ce334b678;C:\Program Files\Amazon Corretto\jdk11.0.30_7\bin\server

VM Arguments:
jvm_args: -javaagent:C:\Users\VAR\AppData\Local\JetBrains\IdeaIC2025.2\captureAgent\debugger-agent.jar=file:///C:/Users/VAR/AppData/Local/Temp/capture5134602622808086054.props -ea -Dallure.results.directory=C:\Users\VAR\IdeaProjects\Sprint_7\target/allure-results -javaagent:C:\Users\VAR\.m2\repository/org/aspectj/aspectjweaver/1.9.7/aspectjweaver-1.9.7.jar -Didea.test.cyclic.buffer.size=1048576 -javaagent:C:\Program Files\JetBrains\IntelliJ IDEA Community Edition 2025.2.6.1\lib\idea_rt.jar=60620 -Dkotlinx.coroutines.debug.enable.creation.stack.trace=false -Ddebugger.agent.enable.coroutines=true -Dkotlinx.coroutines.debug.enable.flows.stack.trace=true -Dkotlinx.coroutines.debug.enable.mutable.state.flows.stack.trace=true -Dfile.encoding=UTF-8 
java_command: com.intellij.rt.junit.JUnitStarter -ideVersion5 @w@C:\Users\VAR\AppData\Local\Temp\idea_working_dirs_junit.tmp @C:\Users\VAR\AppData\Local\Temp\idea_junit.tmp -socket60619
java_class_path (initial): C:\Program Files\JetBrains\IntelliJ IDEA Community Edition 2025.2.6.1\lib\idea_rt.jar;C:\Program Files\JetBrains\IntelliJ IDEA Community Edition 2025.2.6.1\plugins\junit\lib\junit6-rt.jar;C:\Program Files\JetBrains\IntelliJ IDEA Community Edition 2025.2.6.1\plugins\junit\lib\junit5-rt.jar;C:\Program Files\JetBrains\IntelliJ IDEA Community Edition 2025.2.6.1\plugins\junit\lib\junit-rt.jar;C:\Users\VAR\IdeaProjects\Sprint_7\target\test-classes;C:\Users\VAR\IdeaProjects\Sprint_7\target\classes;C:\Users\VAR\.m2\repository\junit\junit\4.13.2\junit-4.13.2.jar;C:\Users\VAR\.m2\repository\org\hamcrest\hamcrest-core\1.3\hamcrest-core-1.3.jar;C:\Users\VAR\.m2\repository\com\google\code\gson\gson\2.10.1\gson-2.10.1.jar;C:\Users\VAR\.m2\repository\io\rest-assured\rest-assured\5.3.1\rest-assured-5.3.1.jar;C:\Users\VAR\.m2\repository\org\apache\groovy\groovy\4.0.11\groovy-4.0.11.jar;C:\Users\VAR\.m2\repository\org\apache\groovy\groovy-xml\4.0.11\groovy-xml-4.0.11.jar;C:\Users\VAR\.m2\repository\org\apache\httpcomponents\httpclient\4.5.13\httpclient-4.5.13.jar;C:\Users\VAR\.m2\repository\org\apache\httpcomponents\httpcore\4.4.13\httpcore-4.4.13.jar;C:\Users\VAR\.m2\repository\commons-logging\commons-logging\1.2\commons-logging-1.2.jar;C:\Users\VAR\.m2\repository\commons-codec\commons-codec\1.11\commons-codec-1.11.jar;C:\Users\VAR\.m2\repository\org\apache\httpcomponents\httpmime\4.5.13\httpmime-4.5.13.jar;C:\Users\VAR\.m2\repository\org\hamcrest\hamcrest\2.2\hamcrest-2.2.jar;C:\Users\VAR\.m2\repository\org\ccil\cowan\tagsoup\tagsoup\1.2.1\tagsoup-1.2.1.jar;C:\Users\VAR\.m2\repository\io\rest-assured\json-path\5.3.1\json-path-5.3.1.jar;C:\Users\VAR\.m2\repository\org\apache\groovy\groovy-json\4.0.11\groovy-json-4.0.11.jar;C:\Users\VAR\.m2\repository\io\rest-assured\rest-assured-common\5.3.1\rest-assured-common-5.3.1.jar;C:\Users\VAR\.m2\repository\io\rest-assured\xml-path\5.3.1\xml-path-5.3.1.jar;C:\Users\VAR\.m2\repository\org\apache\commons\commons-la
Launcher Type: SUN_STANDARD

[Global flags]
     intx CICompilerCount                          = 3                                         {product} {ergonomic}
     uint ConcGCThreads                            = 1                                         {product} {ergonomic}
     uint G1ConcRefinementThreads                  = 4                                         {product} {ergonomic}
   size_t G1HeapRegionSize                         = 1048576                                   {product} {ergonomic}
    uintx GCDrainStackTargetSize                   = 64                                        {product} {ergonomic}
   size_t InitialHeapSize                          = 132120576                                 {product} {ergonomic}
   size_t MarkStackSize                            = 4194304                                   {product} {ergonomic}
   size_t MaxHeapSize                              = 2099249152                                {product} {ergonomic}
   size_t MaxNewSize                               = 1259339776                                {product} {ergonomic}
   size_t MinHeapDeltaBytes                        = 1048576                                   {product} {ergonomic}
    uintx NonNMethodCodeHeapSize                   = 5830732                                {pd product} {ergonomic}
    uintx NonProfiledCodeHeapSize                  = 122913754                              {pd product} {ergonomic}
    uintx ProfiledCodeHeapSize                     = 122913754                              {pd product} {ergonomic}
    uintx ReservedCodeCacheSize                    = 251658240                              {pd product} {ergonomic}
     bool SegmentedCodeCache                       = true                                      {product} {ergonomic}
     bool UseCompressedClassPointers               = true                                 {lp64_product} {ergonomic}
     bool UseCompressedOops                        = true                                 {lp64_product} {ergonomic}
     bool UseG1GC                                  = true                                      {product} {ergonomic}
     bool UseLargePagesIndividualAllocation        = false                                  {pd product} {ergonomic}

Logging:
Log output configuration:
 #0: stdout all=warning uptime,level,tags
 #1: stderr all=off uptime,level,tags

Environment Variables:
JAVA_HOME=C:\Program Files\Amazon Corretto\jdk11.0.30_7
PATH=C:\Program Files\apache-maven-3.9.12\bin\bin;%MAVEN_HOME%\bin;C:\Program Files\Amazon Corretto\jdk11.0.30_7\bin;C:\WINDOWS\system32;C:\WINDOWS;C:\WINDOWS\System32\Wbem;C:\WINDOWS\System32\WindowsPowerShell\v1.0\;C:\WINDOWS\System32\OpenSSH\;C:\Program Files\dotnet\;C:\Program Files\apache-maven-3.9.12\bin;C:\Program Files\Git\cmd;C:\Program Files\Git\mingw64\bin;C:\Program Files\Git\usr\bin;C:\Users\VAR\AppData\Local\Microsoft\WindowsApps;C:\Program Files\Apache\maven;C:\Program Files (x86)\allure-2.40.0\bin;
USERNAME=VAR
OS=Windows_NT
PROCESSOR_IDENTIFIER=Intel64 Family 6 Model 142 Stepping 11, GenuineIntel
TMP=C:\Users\VAR\AppData\Local\Temp
TEMP=C:\Users\VAR\AppData\Local\Temp



---------------  S Y S T E M  ---------------

OS: Windows 11 , 64 bit Build 26100 (10.0.26100.8328)
OS uptime: 5 days 22:04 hours

CPU:total 4 (initial active 4) (2 cores per cpu, 2 threads per core) family 6 model 142 stepping 11 microcode 0xde, cmov, cx8, fxsr, mmx, sse, sse2, sse3, ssse3, sse4.1, sse4.2, popcnt, avx, avx2, aes, clmul, erms, 3dnowpref, lzcnt, ht, tsc, tscinvbit, bmi1, bmi2, adx, fma

Memory: 4k page, system-wide physical 8007M (1388M free)
TotalPageFile size 10507M (AvailPageFile size 1M)
current process WorkingSet (physical memory assigned to process): 89M, peak: 89M
current process commit charge ("private bytes"): 226M, peak: 226M

vm_info: OpenJDK 64-Bit Server VM (11.0.30+7-LTS) for windows-amd64 JRE (11.0.30+7-LTS), built on Jan 15 2026 19:16:40 by "Administrator" with MS VC++ 16.10 / 16.11 (VS2019)

END.
