#
# There is insufficient memory for the Java Runtime Environment to continue.
# Native memory allocation (malloc) failed to allocate 1333856 bytes for Chunk::new
# Possible reasons:
#   The system is out of physical RAM or swap space
#   The process is running with CompressedOops enabled, and the Java Heap may be blocking the growth of the native heap
# Possible solutions:
#   Reduce memory load on the system
#   Increase physical memory or swap space
#   Check if swap backing store is full
#   Decrease Java heap size (-Xmx/-Xms)
#   Decrease number of Java threads
#   Decrease Java thread stack sizes (-Xss)
#   Set larger code cache with -XX:ReservedCodeCacheSize=
#   JVM is running with Unscaled Compressed Oops mode in which the Java heap is
#     placed in the first 4GB address space. The Java Heap base address is the
#     maximum limit for the native heap growth. Please use -XX:HeapBaseMinAddress
#     to set the Java Heap base and to place the Java Heap above 4GB virtual address.
# This output file may be truncated or incomplete.
#
#  Out of Memory Error (arena.cpp:197), pid=8312, tid=3336
#
# JRE version: OpenJDK Runtime Environment Corretto-11.0.30.7.1 (11.0.30+7) (build 11.0.30+7-LTS)
# Java VM: OpenJDK 64-Bit Server VM Corretto-11.0.30.7.1 (11.0.30+7-LTS, mixed mode, tiered, compressed oops, g1 gc, windows-amd64)
# No core dump will be written. Minidumps are not enabled by default on client versions of Windows
#

---------------  S U M M A R Y ------------

Command Line: -Dclassworlds.conf=C:\Program Files\JetBrains\IntelliJ IDEA Community Edition 2025.2.6.1\plugins\maven\lib\maven3\bin\m2.conf -Dmaven.home=C:\Program Files\JetBrains\IntelliJ IDEA Community Edition 2025.2.6.1\plugins\maven\lib\maven3 -Dlibrary.jansi.path=C:\Program Files\JetBrains\IntelliJ IDEA Community Edition 2025.2.6.1\plugins\maven\lib\maven3\lib\jansi-native -Dmaven.multiModuleProjectDirectory=C:\Users\VAR\IdeaProjects\Sprint_7 org.codehaus.plexus.classworlds.launcher.Launcher -Didea.version=2025.2.6.1 -Dmaven.ext.class.path=C:\Program Files\JetBrains\IntelliJ IDEA Community Edition 2025.2.6.1\plugins\maven\lib\maven-event-listener.jar -Djansi.passthrough=true -Dstyle.color=always -Dmaven.repo.local=C:\Users\VAR\.m2\repository test -f pom.xml

Host: Intel(R) Core(TM) i3-8145U CPU @ 2.10GHz, 4 cores, 7G,  Windows 11 , 64 bit Build 26100 (10.0.26100.8328)
Time: Wed May 13 00:19:43 2026 RTZ 2 (s 11 , 64 bit Build 26100 (10.0.26100.8328) elapsed time: 11.196932 seconds (0d 0h 0m 11s)

---------------  T H R E A D  ---------------

Current thread (0x000001e074cfa800):  JavaThread "C2 CompilerThread1" daemon [_thread_in_native, id=3336, stack(0x0000006b53600000,0x0000006b53700000)]


Current CompileTask:
C2:  11196 6652   !   4       com.sun.beans.TypeResolver::resolve (264 bytes)

Stack: [0x0000006b53600000,0x0000006b53700000]
Native frames: (J=compiled Java code, j=interpreted, Vv=VM code, C=native code)
V  [jvm.dll+0x64667a]
V  [jvm.dll+0x7da009]
V  [jvm.dll+0x7db709]
V  [jvm.dll+0x7dbdf3]
V  [jvm.dll+0x269e15]
V  [jvm.dll+0xc21dc]
V  [jvm.dll+0xc278c]
V  [jvm.dll+0x2dc1d2]
V  [jvm.dll+0x55149b]
V  [jvm.dll+0x22162b]
V  [jvm.dll+0x223c5b]
V  [jvm.dll+0x220d64]
V  [jvm.dll+0x19ea61]
V  [jvm.dll+0x230d29]
V  [jvm.dll+0x22ee9f]
V  [jvm.dll+0x79c191]
V  [jvm.dll+0x794e64]
V  [jvm.dll+0x645435]
C  [ucrtbase.dll+0x37b0]
C  [KERNEL32.DLL+0x2e957]
C  [ntdll.dll+0x427c]


---------------  P R O C E S S  ---------------

Threads class SMR info:
_java_thread_list=0x000001e07622a460, length=15, elements={
0x000001e054add000, 0x000001e07321e800, 0x000001e073229800, 0x000001e073241800,
0x000001e073242800, 0x000001e073244000, 0x000001e073246000, 0x000001e073c19000,
0x000001e073c1f000, 0x000001e073d2f800, 0x000001e0752bc000, 0x000001e078ace800,
0x000001e0782cf800, 0x000001e07825b800, 0x000001e074cfa800
}

Java Threads: ( => current thread )
  0x000001e054add000 JavaThread "main" [_thread_in_vm, id=17964, stack(0x0000006b52500000,0x0000006b52600000)]
  0x000001e07321e800 JavaThread "Reference Handler" daemon [_thread_blocked, id=18604, stack(0x0000006b52c00000,0x0000006b52d00000)]
  0x000001e073229800 JavaThread "Finalizer" daemon [_thread_blocked, id=20204, stack(0x0000006b52d00000,0x0000006b52e00000)]
  0x000001e073241800 JavaThread "Signal Dispatcher" daemon [_thread_blocked, id=14544, stack(0x0000006b52e00000,0x0000006b52f00000)]
  0x000001e073242800 JavaThread "Attach Listener" daemon [_thread_blocked, id=14372, stack(0x0000006b52f00000,0x0000006b53000000)]
  0x000001e073244000 JavaThread "Service Thread" daemon [_thread_blocked, id=1808, stack(0x0000006b53000000,0x0000006b53100000)]
  0x000001e073246000 JavaThread "C2 CompilerThread0" daemon [_thread_in_native, id=18304, stack(0x0000006b53100000,0x0000006b53200000)]
  0x000001e073c19000 JavaThread "C1 CompilerThread0" daemon [_thread_blocked, id=19504, stack(0x0000006b53200000,0x0000006b53300000)]
  0x000001e073c1f000 JavaThread "Sweeper thread" daemon [_thread_blocked, id=12956, stack(0x0000006b53300000,0x0000006b53400000)]
  0x000001e073d2f800 JavaThread "Common-Cleaner" daemon [_thread_blocked, id=6244, stack(0x0000006b53500000,0x0000006b53600000)]
  0x000001e0752bc000 JavaThread "Thread-1" daemon [_thread_blocked, id=1464, stack(0x0000006b53900000,0x0000006b53a00000)]
  0x000001e078ace800 JavaThread "ForkJoinPool.commonPool-worker-3" daemon [_thread_blocked, id=16032, stack(0x0000006b53a00000,0x0000006b53b00000)]
  0x000001e0782cf800 JavaThread "ForkJoinPool.commonPool-worker-5" daemon [_thread_blocked, id=19340, stack(0x0000006b53b00000,0x0000006b53c00000)]
  0x000001e07825b800 JavaThread "ForkJoinPool.commonPool-worker-7" daemon [_thread_blocked, id=14428, stack(0x0000006b53c00000,0x0000006b53d00000)]
=>0x000001e074cfa800 JavaThread "C2 CompilerThread1" daemon [_thread_in_native, id=3336, stack(0x0000006b53600000,0x0000006b53700000)]

Other Threads:
  0x000001e0731fa000 VMThread "VM Thread" [stack: 0x0000006b52b00000,0x0000006b52c00000] [id=9172]
  0x000001e073d1b000 WatcherThread [stack: 0x0000006b53400000,0x0000006b53500000] [id=19404]
  0x000001e054af6800 GCTaskThread "GC Thread#0" [stack: 0x0000006b52600000,0x0000006b52700000] [id=6908]
  0x000001e074f81000 GCTaskThread "GC Thread#1" [stack: 0x0000006b53700000,0x0000006b53800000] [id=20188]
  0x000001e074b3c000 GCTaskThread "GC Thread#2" [stack: 0x0000006b53800000,0x0000006b53900000] [id=17488]
  0x000001e054b28000 ConcurrentGCThread "G1 Main Marker" [stack: 0x0000006b52700000,0x0000006b52800000] [id=6984]
  0x000001e054b2b000 ConcurrentGCThread "G1 Conc#0" [stack: 0x0000006b52800000,0x0000006b52900000] [id=10048]
  0x000001e073060800 ConcurrentGCThread "G1 Refine#0" [stack: 0x0000006b52900000,0x0000006b52a00000] [id=18024]
  0x000001e054bae000 ConcurrentGCThread "G1 Young RemSet Sampling" [stack: 0x0000006b52a00000,0x0000006b52b00000] [id=9520]

Threads with active compile tasks:
C2 CompilerThread0    11222 6687   !   4       java.lang.ClassLoader::checkCerts (195 bytes)
C2 CompilerThread1    11222 6652   !   4       com.sun.beans.TypeResolver::resolve (264 bytes)

VM state:not at safepoint (normal execution)

VM Mutex/Monitor currently owned by a thread: None

Heap address: 0x0000000082e00000, size: 2002 MB, Compressed Oops mode: 32-bit
Narrow klass base: 0x0000000000000000, Narrow klass shift: 3
Compressed class space size: 1073741824 Address: 0x0000000100000000

Heap:
 garbage-first heap   total 155648K, used 38241K [0x0000000082e00000, 0x0000000100000000)
  region size 1024K, 14 young (14336K), 9 survivors (9216K)
 Metaspace       used 57159K, capacity 59106K, committed 59344K, reserved 1101824K
  class space    used 6570K, capacity 7304K, committed 7424K, reserved 1048576K
Heap Regions: E=young(eden), S=young(survivor), O=old, HS=humongous(starts), HC=humongous(continues), CS=collection set, F=free, A=archive, TAMS=top-at-mark-start (previous, next)
|   0|0x0000000082e00000, 0x0000000082f00000, 0x0000000082f00000|100%| O|  |TAMS 0x0000000082f00000, 0x0000000082e00000| Untracked 
|   1|0x0000000082f00000, 0x0000000083000000, 0x0000000083000000|100%| O|  |TAMS 0x0000000083000000, 0x0000000082f00000| Untracked 
|   2|0x0000000083000000, 0x0000000083100000, 0x0000000083100000|100%| O|  |TAMS 0x0000000083100000, 0x0000000083000000| Untracked 
|   3|0x0000000083100000, 0x0000000083200000, 0x0000000083200000|100%| O|  |TAMS 0x0000000083200000, 0x0000000083100000| Untracked 
|   4|0x0000000083200000, 0x0000000083300000, 0x0000000083300000|100%| O|  |TAMS 0x0000000083300000, 0x0000000083200000| Untracked 
|   5|0x0000000083300000, 0x0000000083400000, 0x0000000083400000|100%| O|  |TAMS 0x0000000083400000, 0x0000000083300000| Untracked 
|   6|0x0000000083400000, 0x0000000083500000, 0x0000000083500000|100%| O|  |TAMS 0x0000000083500000, 0x0000000083400000| Untracked 
|   7|0x0000000083500000, 0x0000000083600000, 0x0000000083600000|100%| O|  |TAMS 0x0000000083600000, 0x0000000083500000| Untracked 
|   8|0x0000000083600000, 0x0000000083700000, 0x0000000083700000|100%| O|  |TAMS 0x0000000083700000, 0x0000000083600000| Untracked 
|   9|0x0000000083700000, 0x0000000083800000, 0x0000000083800000|100%| O|  |TAMS 0x0000000083800000, 0x0000000083700000| Untracked 
|  10|0x0000000083800000, 0x0000000083900000, 0x0000000083900000|100%| O|  |TAMS 0x0000000083900000, 0x0000000083800000| Untracked 
|  11|0x0000000083900000, 0x0000000083a00000, 0x0000000083a00000|100%| O|  |TAMS 0x0000000083900000, 0x0000000083900000| Untracked 
|  12|0x0000000083a00000, 0x0000000083b00000, 0x0000000083b00000|100%| O|  |TAMS 0x0000000083a00000, 0x0000000083a00000| Untracked 
|  13|0x0000000083b00000, 0x0000000083c00000, 0x0000000083c00000|100%| O|  |TAMS 0x0000000083b00000, 0x0000000083b00000| Untracked 
|  14|0x0000000083c00000, 0x0000000083d00000, 0x0000000083d00000|100%| O|  |TAMS 0x0000000083d00000, 0x0000000083c00000| Untracked 
|  15|0x0000000083d00000, 0x0000000083e00000, 0x0000000083e00000|100%| O|  |TAMS 0x0000000083e00000, 0x0000000083d00000| Untracked 
|  16|0x0000000083e00000, 0x0000000083f00000, 0x0000000083f00000|100%| O|  |TAMS 0x0000000083ecb800, 0x0000000083e00000| Untracked 
|  17|0x0000000083f00000, 0x0000000084000000, 0x0000000084000000|100%| O|  |TAMS 0x0000000083f00000, 0x0000000083f00000| Untracked 
|  18|0x0000000084000000, 0x0000000084100000, 0x0000000084100000|100%| O|  |TAMS 0x0000000084000000, 0x0000000084000000| Untracked 
|  19|0x0000000084100000, 0x0000000084200000, 0x0000000084200000|100%| O|  |TAMS 0x0000000084100000, 0x0000000084100000| Untracked 
|  20|0x0000000084200000, 0x0000000084300000, 0x0000000084300000|100%| O|  |TAMS 0x0000000084200000, 0x0000000084200000| Untracked 
|  21|0x0000000084300000, 0x0000000084400000, 0x0000000084400000|100%| O|  |TAMS 0x0000000084300000, 0x0000000084300000| Untracked 
|  22|0x0000000084400000, 0x0000000084500000, 0x0000000084500000|100%| O|  |TAMS 0x0000000084400000, 0x0000000084400000| Untracked 
|  23|0x0000000084500000, 0x0000000084600000, 0x0000000084600000|100%| O|  |TAMS 0x0000000084500000, 0x0000000084500000| Untracked 
|  24|0x0000000084600000, 0x00000000846d8600, 0x0000000084700000| 84%| O|  |TAMS 0x0000000084600000, 0x0000000084600000| Untracked 
|  25|0x0000000084700000, 0x0000000084700000, 0x0000000084800000|  0%| F|  |TAMS 0x0000000084700000, 0x0000000084700000| Untracked 
|  26|0x0000000084800000, 0x0000000084800000, 0x0000000084900000|  0%| F|  |TAMS 0x0000000084800000, 0x0000000084800000| Untracked 
|  27|0x0000000084900000, 0x0000000084900000, 0x0000000084a00000|  0%| F|  |TAMS 0x0000000084900000, 0x0000000084900000| Untracked 
|  28|0x0000000084a00000, 0x0000000084a00000, 0x0000000084b00000|  0%| F|  |TAMS 0x0000000084a00000, 0x0000000084a00000| Untracked 
|  29|0x0000000084b00000, 0x0000000084b00000, 0x0000000084c00000|  0%| F|  |TAMS 0x0000000084b00000, 0x0000000084b00000| Untracked 
|  30|0x0000000084c00000, 0x0000000084c00000, 0x0000000084d00000|  0%| F|  |TAMS 0x0000000084c00000, 0x0000000084c00000| Untracked 
|  31|0x0000000084d00000, 0x0000000084d00000, 0x0000000084e00000|  0%| F|  |TAMS 0x0000000084d00000, 0x0000000084d00000| Untracked 
|  32|0x0000000084e00000, 0x0000000084e00000, 0x0000000084f00000|  0%| F|  |TAMS 0x0000000084e00000, 0x0000000084e00000| Untracked 
|  33|0x0000000084f00000, 0x0000000084f00000, 0x0000000085000000|  0%| F|  |TAMS 0x0000000084f00000, 0x0000000084f00000| Untracked 
|  34|0x0000000085000000, 0x0000000085000000, 0x0000000085100000|  0%| F|  |TAMS 0x0000000085000000, 0x0000000085000000| Untracked 
|  35|0x0000000085100000, 0x0000000085100000, 0x0000000085200000|  0%| F|  |TAMS 0x0000000085100000, 0x0000000085100000| Untracked 
|  36|0x0000000085200000, 0x0000000085200000, 0x0000000085300000|  0%| F|  |TAMS 0x0000000085200000, 0x0000000085200000| Untracked 
|  37|0x0000000085300000, 0x0000000085300000, 0x0000000085400000|  0%| F|  |TAMS 0x0000000085300000, 0x0000000085300000| Untracked 
|  38|0x0000000085400000, 0x0000000085400000, 0x0000000085500000|  0%| F|  |TAMS 0x0000000085400000, 0x0000000085400000| Untracked 
|  39|0x0000000085500000, 0x0000000085500000, 0x0000000085600000|  0%| F|  |TAMS 0x0000000085500000, 0x0000000085500000| Untracked 
|  40|0x0000000085600000, 0x0000000085600000, 0x0000000085700000|  0%| F|  |TAMS 0x0000000085600000, 0x0000000085600000| Untracked 
|  41|0x0000000085700000, 0x0000000085700000, 0x0000000085800000|  0%| F|  |TAMS 0x0000000085700000, 0x0000000085700000| Untracked 
|  42|0x0000000085800000, 0x0000000085800000, 0x0000000085900000|  0%| F|  |TAMS 0x0000000085800000, 0x0000000085800000| Untracked 
|  43|0x0000000085900000, 0x0000000085900000, 0x0000000085a00000|  0%| F|  |TAMS 0x0000000085900000, 0x0000000085900000| Untracked 
|  44|0x0000000085a00000, 0x0000000085a00000, 0x0000000085b00000|  0%| F|  |TAMS 0x0000000085a00000, 0x0000000085a00000| Untracked 
|  45|0x0000000085b00000, 0x0000000085b00000, 0x0000000085c00000|  0%| F|  |TAMS 0x0000000085b00000, 0x0000000085b00000| Untracked 
|  46|0x0000000085c00000, 0x0000000085c00000, 0x0000000085d00000|  0%| F|  |TAMS 0x0000000085c00000, 0x0000000085c00000| Untracked 
|  47|0x0000000085d00000, 0x0000000085d00000, 0x0000000085e00000|  0%| F|  |TAMS 0x0000000085d00000, 0x0000000085d00000| Untracked 
|  48|0x0000000085e00000, 0x0000000085e00000, 0x0000000085f00000|  0%| F|  |TAMS 0x0000000085e00000, 0x0000000085e00000| Untracked 
|  49|0x0000000085f00000, 0x0000000085f00000, 0x0000000086000000|  0%| F|  |TAMS 0x0000000085f00000, 0x0000000085f00000| Untracked 
|  50|0x0000000086000000, 0x0000000086000000, 0x0000000086100000|  0%| F|  |TAMS 0x0000000086000000, 0x0000000086000000| Untracked 
|  51|0x0000000086100000, 0x0000000086100000, 0x0000000086200000|  0%| F|  |TAMS 0x0000000086100000, 0x0000000086100000| Untracked 
|  52|0x0000000086200000, 0x0000000086200000, 0x0000000086300000|  0%| F|  |TAMS 0x0000000086200000, 0x0000000086200000| Untracked 
|  53|0x0000000086300000, 0x0000000086300000, 0x0000000086400000|  0%| F|  |TAMS 0x0000000086300000, 0x0000000086300000| Untracked 
|  54|0x0000000086400000, 0x0000000086400000, 0x0000000086500000|  0%| F|  |TAMS 0x0000000086400000, 0x0000000086400000| Untracked 
|  55|0x0000000086500000, 0x0000000086500000, 0x0000000086600000|  0%| F|  |TAMS 0x0000000086500000, 0x0000000086500000| Untracked 
|  56|0x0000000086600000, 0x0000000086600000, 0x0000000086700000|  0%| F|  |TAMS 0x0000000086600000, 0x0000000086600000| Untracked 
|  57|0x0000000086700000, 0x0000000086780000, 0x0000000086800000| 50%| S|CS|TAMS 0x0000000086700000, 0x0000000086700000| Complete 
|  58|0x0000000086800000, 0x0000000086900000, 0x0000000086900000|100%| S|CS|TAMS 0x0000000086800000, 0x0000000086800000| Complete 
|  59|0x0000000086900000, 0x0000000086900000, 0x0000000086a00000|  0%| F|  |TAMS 0x0000000086900000, 0x0000000086900000| Untracked 
|  60|0x0000000086a00000, 0x0000000086a00000, 0x0000000086b00000|  0%| F|  |TAMS 0x0000000086a00000, 0x0000000086a00000| Untracked 
|  61|0x0000000086b00000, 0x0000000086b00000, 0x0000000086c00000|  0%| F|  |TAMS 0x0000000086b00000, 0x0000000086b00000| Untracked 
|  62|0x0000000086c00000, 0x0000000086c00000, 0x0000000086d00000|  0%| F|  |TAMS 0x0000000086c00000, 0x0000000086c00000| Untracked 
|  63|0x0000000086d00000, 0x0000000086d00000, 0x0000000086e00000|  0%| F|  |TAMS 0x0000000086d00000, 0x0000000086d00000| Untracked 
|  64|0x0000000086e00000, 0x0000000086e00000, 0x0000000086f00000|  0%| F|  |TAMS 0x0000000086e00000, 0x0000000086e00000| Untracked 
|  65|0x0000000086f00000, 0x0000000086f00000, 0x0000000087000000|  0%| F|  |TAMS 0x0000000086f00000, 0x0000000086f00000| Untracked 
|  66|0x0000000087000000, 0x0000000087000000, 0x0000000087100000|  0%| F|  |TAMS 0x0000000087000000, 0x0000000087000000| Untracked 
|  67|0x0000000087100000, 0x0000000087100000, 0x0000000087200000|  0%| F|  |TAMS 0x0000000087100000, 0x0000000087100000| Untracked 
|  68|0x0000000087200000, 0x0000000087200000, 0x0000000087300000|  0%| F|  |TAMS 0x0000000087200000, 0x0000000087200000| Untracked 
|  69|0x0000000087300000, 0x0000000087300000, 0x0000000087400000|  0%| F|  |TAMS 0x0000000087300000, 0x0000000087300000| Untracked 
|  70|0x0000000087400000, 0x0000000087500000, 0x0000000087500000|100%| S|CS|TAMS 0x0000000087400000, 0x0000000087400000| Complete 
|  71|0x0000000087500000, 0x0000000087600000, 0x0000000087600000|100%| S|CS|TAMS 0x0000000087500000, 0x0000000087500000| Complete 
|  72|0x0000000087600000, 0x0000000087700000, 0x0000000087700000|100%| S|CS|TAMS 0x0000000087600000, 0x0000000087600000| Complete 
|  73|0x0000000087700000, 0x0000000087800000, 0x0000000087800000|100%| S|CS|TAMS 0x0000000087700000, 0x0000000087700000| Complete 
|  74|0x0000000087800000, 0x0000000087900000, 0x0000000087900000|100%| S|CS|TAMS 0x0000000087800000, 0x0000000087800000| Complete 
|  75|0x0000000087900000, 0x0000000087a00000, 0x0000000087a00000|100%| S|CS|TAMS 0x0000000087900000, 0x0000000087900000| Complete 
|  76|0x0000000087a00000, 0x0000000087b00000, 0x0000000087b00000|100%| S|CS|TAMS 0x0000000087a00000, 0x0000000087a00000| Complete 
|  77|0x0000000087b00000, 0x0000000087b00000, 0x0000000087c00000|  0%| F|  |TAMS 0x0000000087b00000, 0x0000000087b00000| Untracked 
|  78|0x0000000087c00000, 0x0000000087c00000, 0x0000000087d00000|  0%| F|  |TAMS 0x0000000087c00000, 0x0000000087c00000| Untracked 
|  79|0x0000000087d00000, 0x0000000087d00000, 0x0000000087e00000|  0%| F|  |TAMS 0x0000000087d00000, 0x0000000087d00000| Untracked 
|  80|0x0000000087e00000, 0x0000000087e00000, 0x0000000087f00000|  0%| F|  |TAMS 0x0000000087e00000, 0x0000000087e00000| Untracked 
|  81|0x0000000087f00000, 0x0000000087f00000, 0x0000000088000000|  0%| F|  |TAMS 0x0000000087f00000, 0x0000000087f00000| Untracked 
|  82|0x0000000088000000, 0x0000000088000000, 0x0000000088100000|  0%| F|  |TAMS 0x0000000088000000, 0x0000000088000000| Untracked 
|  83|0x0000000088100000, 0x0000000088100000, 0x0000000088200000|  0%| F|  |TAMS 0x0000000088100000, 0x0000000088100000| Untracked 
|  84|0x0000000088200000, 0x0000000088200000, 0x0000000088300000|  0%| F|  |TAMS 0x0000000088200000, 0x0000000088200000| Untracked 
|  85|0x0000000088300000, 0x0000000088300000, 0x0000000088400000|  0%| F|  |TAMS 0x0000000088300000, 0x0000000088300000| Untracked 
|  86|0x0000000088400000, 0x0000000088400000, 0x0000000088500000|  0%| F|  |TAMS 0x0000000088400000, 0x0000000088400000| Untracked 
|  87|0x0000000088500000, 0x0000000088500000, 0x0000000088600000|  0%| F|  |TAMS 0x0000000088500000, 0x0000000088500000| Untracked 
|  88|0x0000000088600000, 0x0000000088600000, 0x0000000088700000|  0%| F|  |TAMS 0x0000000088600000, 0x0000000088600000| Untracked 
|  89|0x0000000088700000, 0x0000000088700000, 0x0000000088800000|  0%| F|  |TAMS 0x0000000088700000, 0x0000000088700000| Untracked 
|  90|0x0000000088800000, 0x0000000088800000, 0x0000000088900000|  0%| F|  |TAMS 0x0000000088800000, 0x0000000088800000| Untracked 
|  91|0x0000000088900000, 0x0000000088900000, 0x0000000088a00000|  0%| F|  |TAMS 0x0000000088900000, 0x0000000088900000| Untracked 
|  92|0x0000000088a00000, 0x0000000088a00000, 0x0000000088b00000|  0%| F|  |TAMS 0x0000000088a00000, 0x0000000088a00000| Untracked 
|  93|0x0000000088b00000, 0x0000000088b00000, 0x0000000088c00000|  0%| F|  |TAMS 0x0000000088b00000, 0x0000000088b00000| Untracked 
|  94|0x0000000088c00000, 0x0000000088c00000, 0x0000000088d00000|  0%| F|  |TAMS 0x0000000088c00000, 0x0000000088c00000| Untracked 
|  95|0x0000000088d00000, 0x0000000088d00000, 0x0000000088e00000|  0%| F|  |TAMS 0x0000000088d00000, 0x0000000088d00000| Untracked 
|  96|0x0000000088e00000, 0x0000000088e00000, 0x0000000088f00000|  0%| F|  |TAMS 0x0000000088e00000, 0x0000000088e00000| Untracked 
|  97|0x0000000088f00000, 0x0000000088f00000, 0x0000000089000000|  0%| F|  |TAMS 0x0000000088f00000, 0x0000000088f00000| Untracked 
|  98|0x0000000089000000, 0x0000000089000000, 0x0000000089100000|  0%| F|  |TAMS 0x0000000089000000, 0x0000000089000000| Untracked 
|  99|0x0000000089100000, 0x0000000089100000, 0x0000000089200000|  0%| F|  |TAMS 0x0000000089100000, 0x0000000089100000| Untracked 
| 100|0x0000000089200000, 0x0000000089200000, 0x0000000089300000|  0%| F|  |TAMS 0x0000000089200000, 0x0000000089200000| Untracked 
| 101|0x0000000089300000, 0x0000000089300000, 0x0000000089400000|  0%| F|  |TAMS 0x0000000089300000, 0x0000000089300000| Untracked 
| 102|0x0000000089400000, 0x0000000089400000, 0x0000000089500000|  0%| F|  |TAMS 0x0000000089400000, 0x0000000089400000| Untracked 
| 103|0x0000000089500000, 0x0000000089500000, 0x0000000089600000|  0%| F|  |TAMS 0x0000000089500000, 0x0000000089500000| Untracked 
| 104|0x0000000089600000, 0x0000000089600000, 0x0000000089700000|  0%| F|  |TAMS 0x0000000089600000, 0x0000000089600000| Untracked 
| 105|0x0000000089700000, 0x0000000089700000, 0x0000000089800000|  0%| F|  |TAMS 0x0000000089700000, 0x0000000089700000| Untracked 
| 106|0x0000000089800000, 0x0000000089800000, 0x0000000089900000|  0%| F|  |TAMS 0x0000000089800000, 0x0000000089800000| Untracked 
| 107|0x0000000089900000, 0x0000000089900000, 0x0000000089a00000|  0%| F|  |TAMS 0x0000000089900000, 0x0000000089900000| Untracked 
| 108|0x0000000089a00000, 0x0000000089a00000, 0x0000000089b00000|  0%| F|  |TAMS 0x0000000089a00000, 0x0000000089a00000| Untracked 
| 109|0x0000000089b00000, 0x0000000089b00000, 0x0000000089c00000|  0%| F|  |TAMS 0x0000000089b00000, 0x0000000089b00000| Untracked 
| 110|0x0000000089c00000, 0x0000000089c00000, 0x0000000089d00000|  0%| F|  |TAMS 0x0000000089c00000, 0x0000000089c00000| Untracked 
| 111|0x0000000089d00000, 0x0000000089d00000, 0x0000000089e00000|  0%| F|  |TAMS 0x0000000089d00000, 0x0000000089d00000| Untracked 
| 112|0x0000000089e00000, 0x0000000089e00000, 0x0000000089f00000|  0%| F|  |TAMS 0x0000000089e00000, 0x0000000089e00000| Untracked 
| 113|0x0000000089f00000, 0x0000000089f00000, 0x000000008a000000|  0%| F|  |TAMS 0x0000000089f00000, 0x0000000089f00000| Untracked 
| 114|0x000000008a000000, 0x000000008a000000, 0x000000008a100000|  0%| F|  |TAMS 0x000000008a000000, 0x000000008a000000| Untracked 
| 115|0x000000008a100000, 0x000000008a100000, 0x000000008a200000|  0%| F|  |TAMS 0x000000008a100000, 0x000000008a100000| Untracked 
| 116|0x000000008a200000, 0x000000008a200000, 0x000000008a300000|  0%| F|  |TAMS 0x000000008a200000, 0x000000008a200000| Untracked 
| 117|0x000000008a300000, 0x000000008a300000, 0x000000008a400000|  0%| F|  |TAMS 0x000000008a300000, 0x000000008a300000| Untracked 
| 118|0x000000008a400000, 0x000000008a400000, 0x000000008a500000|  0%| F|  |TAMS 0x000000008a400000, 0x000000008a400000| Untracked 
| 119|0x000000008a500000, 0x000000008a500000, 0x000000008a600000|  0%| F|  |TAMS 0x000000008a500000, 0x000000008a500000| Untracked 
| 120|0x000000008a600000, 0x000000008a600000, 0x000000008a700000|  0%| F|  |TAMS 0x000000008a600000, 0x000000008a600000| Untracked 
| 121|0x000000008a700000, 0x000000008a700000, 0x000000008a800000|  0%| F|  |TAMS 0x000000008a700000, 0x000000008a700000| Untracked 
| 122|0x000000008a800000, 0x000000008a800000, 0x000000008a900000|  0%| F|  |TAMS 0x000000008a800000, 0x000000008a800000| Untracked 
| 123|0x000000008a900000, 0x000000008a900000, 0x000000008aa00000|  0%| F|  |TAMS 0x000000008a900000, 0x000000008a900000| Untracked 
| 124|0x000000008aa00000, 0x000000008aa00000, 0x000000008ab00000|  0%| F|  |TAMS 0x000000008aa00000, 0x000000008aa00000| Untracked 
| 125|0x000000008ab00000, 0x000000008ab00000, 0x000000008ac00000|  0%| F|  |TAMS 0x000000008ab00000, 0x000000008ab00000| Untracked 
| 126|0x000000008ac00000, 0x000000008ac00000, 0x000000008ad00000|  0%| F|  |TAMS 0x000000008ac00000, 0x000000008ac00000| Untracked 
| 127|0x000000008ad00000, 0x000000008ad00000, 0x000000008ae00000|  0%| F|  |TAMS 0x000000008ad00000, 0x000000008ad00000| Untracked 
| 128|0x000000008ae00000, 0x000000008ae00000, 0x000000008af00000|  0%| F|  |TAMS 0x000000008ae00000, 0x000000008ae00000| Untracked 
| 129|0x000000008af00000, 0x000000008af00000, 0x000000008b000000|  0%| F|  |TAMS 0x000000008af00000, 0x000000008af00000| Untracked 
| 130|0x000000008b000000, 0x000000008b000000, 0x000000008b100000|  0%| F|  |TAMS 0x000000008b000000, 0x000000008b000000| Untracked 
| 131|0x000000008b100000, 0x000000008b100000, 0x000000008b200000|  0%| F|  |TAMS 0x000000008b100000, 0x000000008b100000| Untracked 
| 132|0x000000008b200000, 0x000000008b200000, 0x000000008b300000|  0%| F|  |TAMS 0x000000008b200000, 0x000000008b200000| Untracked 
| 133|0x000000008b300000, 0x000000008b300000, 0x000000008b400000|  0%| F|  |TAMS 0x000000008b300000, 0x000000008b300000| Untracked 
| 134|0x000000008b400000, 0x000000008b400000, 0x000000008b500000|  0%| F|  |TAMS 0x000000008b400000, 0x000000008b400000| Untracked 
| 135|0x000000008b500000, 0x000000008b500000, 0x000000008b600000|  0%| F|  |TAMS 0x000000008b500000, 0x000000008b500000| Untracked 
| 136|0x000000008b600000, 0x000000008b600000, 0x000000008b700000|  0%| F|  |TAMS 0x000000008b600000, 0x000000008b600000| Untracked 
| 137|0x000000008b700000, 0x000000008b700000, 0x000000008b800000|  0%| F|  |TAMS 0x000000008b700000, 0x000000008b700000| Untracked 
| 138|0x000000008b800000, 0x000000008b800000, 0x000000008b900000|  0%| F|  |TAMS 0x000000008b800000, 0x000000008b800000| Untracked 
| 139|0x000000008b900000, 0x000000008b900000, 0x000000008ba00000|  0%| F|  |TAMS 0x000000008b900000, 0x000000008b900000| Untracked 
| 140|0x000000008ba00000, 0x000000008ba00000, 0x000000008bb00000|  0%| F|  |TAMS 0x000000008ba00000, 0x000000008ba00000| Untracked 
| 141|0x000000008bb00000, 0x000000008bb00000, 0x000000008bc00000|  0%| F|  |TAMS 0x000000008bb00000, 0x000000008bb00000| Untracked 
| 142|0x000000008bc00000, 0x000000008bc00000, 0x000000008bd00000|  0%| F|  |TAMS 0x000000008bc00000, 0x000000008bc00000| Untracked 
| 143|0x000000008bd00000, 0x000000008bd00000, 0x000000008be00000|  0%| F|  |TAMS 0x000000008bd00000, 0x000000008bd00000| Untracked 
| 144|0x000000008be00000, 0x000000008be00000, 0x000000008bf00000|  0%| F|  |TAMS 0x000000008be00000, 0x000000008be00000| Untracked 
| 145|0x000000008bf00000, 0x000000008bf00000, 0x000000008c000000|  0%| F|  |TAMS 0x000000008bf00000, 0x000000008bf00000| Untracked 
| 146|0x000000008c000000, 0x000000008c000000, 0x000000008c100000|  0%| F|  |TAMS 0x000000008c000000, 0x000000008c000000| Untracked 
| 147|0x000000008c100000, 0x000000008c200000, 0x000000008c200000|100%| E|  |TAMS 0x000000008c100000, 0x000000008c100000| Complete 
| 148|0x000000008c200000, 0x000000008c300000, 0x000000008c300000|100%| E|CS|TAMS 0x000000008c200000, 0x000000008c200000| Complete 
| 149|0x000000008c300000, 0x000000008c400000, 0x000000008c400000|100%| E|CS|TAMS 0x000000008c300000, 0x000000008c300000| Complete 
| 150|0x000000008c400000, 0x000000008c500000, 0x000000008c500000|100%| E|CS|TAMS 0x000000008c400000, 0x000000008c400000| Complete 
| 151|0x000000008c500000, 0x000000008c600000, 0x000000008c600000|100%| E|CS|TAMS 0x000000008c500000, 0x000000008c500000| Complete 

Card table byte_map: [0x000001e06c690000,0x000001e06ca80000] _byte_map_base: 0x000001e06c279000

Marking Bits (Prev, Next): (CMBitMap*) 0x000001e054b1f650, (CMBitMap*) 0x000001e054b1f618
 Prev Bits: [0x000001e06edc0000, 0x000001e070d08000)
 Next Bits: [0x000001e06ce70000, 0x000001e06edb8000)

Polling page: 0x000001e052c20000

Metaspace:

Usage:
  Non-class:     50.59 MB capacity,    49.42 MB ( 98%) used,     1.03 MB (  2%) free+waste,   140.75 KB ( <1%) overhead. 
      Class:      7.13 MB capacity,     6.42 MB ( 90%) used,   662.73 KB (  9%) free+waste,    68.50 KB ( <1%) overhead. 
       Both:     57.72 MB capacity,    55.84 MB ( 97%) used,     1.68 MB (  3%) free+waste,   209.25 KB ( <1%) overhead. 

Virtual space:
  Non-class space:       52.00 MB reserved,      50.70 MB ( 98%) committed 
      Class space:        1.00 GB reserved,       7.25 MB ( <1%) committed 
             Both:        1.05 GB reserved,      57.95 MB (  5%) committed 

Chunk freelists:
   Non-Class:  54.00 KB
       Class:  24.00 KB
        Both:  78.00 KB

MaxMetaspaceSize: 17179869184.00 GB
CompressedClassSpaceSize: 1.00 GB
Initial GC threshold: 20.80 MB
Current GC threshold: 75.34 MB
CDS: off

CodeHeap 'non-profiled nmethods': size=120064Kb used=3832Kb max_used=3832Kb free=116231Kb
 bounds [0x000001e064d60000, 0x000001e065120000, 0x000001e06c2a0000]
CodeHeap 'profiled nmethods': size=120000Kb used=15667Kb max_used=15667Kb free=104332Kb
 bounds [0x000001e05d830000, 0x000001e05e780000, 0x000001e064d60000]
CodeHeap 'non-nmethods': size=5696Kb used=2315Kb max_used=2352Kb free=3380Kb
 bounds [0x000001e05d2a0000, 0x000001e05d510000, 0x000001e05d830000]
 total_blobs=7487 nmethods=6670 adapters=729
 compilation: enabled
              stopped_count=0, restarted_count=0
 full_count=0

Compilation events (20 events):
Event: 10.999 Thread 0x000001e073c19000 nmethod 6678 0x000001e05e77b510 code [0x000001e05e77b6e0, 0x000001e05e77b878]
Event: 11.010 Thread 0x000001e073246000 nmethod 6653 0x000001e065118d90 code [0x000001e065118fa0, 0x000001e06511a4b8]
Event: 11.010 Thread 0x000001e073246000 6661       4       jdk.internal.org.objectweb.asm.MethodWriter::visitEnd (1 bytes)
Event: 11.010 Thread 0x000001e073246000 nmethod 6661 0x000001e06511ab90 code [0x000001e06511ad20, 0x000001e06511ad78]
Event: 11.010 Thread 0x000001e073246000 6659       4       jdk.internal.org.objectweb.asm.MethodWriter::visitCode (1 bytes)
Event: 11.010 Thread 0x000001e073246000 nmethod 6659 0x000001e06511ae90 code [0x000001e06511b020, 0x000001e06511b078]
Event: 11.056 Thread 0x000001e073c19000 6679       3       java.lang.ref.ReferenceQueue::remove (6 bytes)
Event: 11.057 Thread 0x000001e073c19000 nmethod 6679 0x000001e05e77b990 code [0x000001e05e77bb40, 0x000001e05e77bd08]
Event: 11.057 Thread 0x000001e073c19000 6680   !   3       java.lang.ref.Finalizer::runFinalizer (117 bytes)
Event: 11.058 Thread 0x000001e073c19000 nmethod 6680 0x000001e05e77bd90 code [0x000001e05e77bfc0, 0x000001e05e77c9c8]
Event: 11.061 Thread 0x000001e073246000 6681  s    4       java.util.jar.JarFile::getInputStream (72 bytes)
Event: 11.083 Thread 0x000001e073246000 nmethod 6681 0x000001e06511b190 code [0x000001e06511b380, 0x000001e06511bb70]
Event: 11.092 Thread 0x000001e073246000 6682       4       java.lang.String::regionMatches (150 bytes)
Event: 11.111 Thread 0x000001e073246000 nmethod 6682 0x000001e06511bf90 code [0x000001e06511c180, 0x000001e06511c968]
Event: 11.112 Thread 0x000001e073246000 6683       4       sun.net.www.protocol.jar.Handler::indexOfBangSlash (52 bytes)
Event: 11.115 Thread 0x000001e073246000 nmethod 6683 0x000001e06511cf90 code [0x000001e06511d140, 0x000001e06511d2b8]
Event: 11.126 Thread 0x000001e073246000 6684       4       java.nio.CharBuffer::limit (6 bytes)
Event: 11.127 Thread 0x000001e073246000 nmethod 6684 0x000001e06511d510 code [0x000001e06511d6a0, 0x000001e06511d778]
Event: 11.127 Thread 0x000001e073246000 6685       4       java.nio.CharBuffer::limit (8 bytes)
Event: 11.127 Thread 0x000001e073246000 nmethod 6685 0x000001e06511d890 code [0x000001e06511da20, 0x000001e06511daf8]

GC Heap History (18 events):
Event: 0.987 GC heap before
{Heap before GC invocations=0 (full 0):
 garbage-first heap   total 129024K, used 14336K [0x0000000082e00000, 0x0000000100000000)
  region size 1024K, 14 young (14336K), 0 survivors (0K)
 Metaspace       used 10990K, capacity 11225K, committed 11392K, reserved 1058816K
  class space    used 1023K, capacity 1106K, committed 1152K, reserved 1048576K
}
Event: 0.991 GC heap after
{Heap after GC invocations=1 (full 0):
 garbage-first heap   total 129024K, used 3019K [0x0000000082e00000, 0x0000000100000000)
  region size 1024K, 2 young (2048K), 2 survivors (2048K)
 Metaspace       used 10990K, capacity 11225K, committed 11392K, reserved 1058816K
  class space    used 1023K, capacity 1106K, committed 1152K, reserved 1048576K
}
Event: 1.199 GC heap before
{Heap before GC invocations=1 (full 0):
 garbage-first heap   total 129024K, used 12235K [0x0000000082e00000, 0x0000000100000000)
  region size 1024K, 11 young (11264K), 2 survivors (2048K)
 Metaspace       used 13257K, capacity 13475K, committed 13568K, reserved 1060864K
  class space    used 1332K, capacity 1452K, committed 1536K, reserved 1048576K
}
Event: 1.202 GC heap after
{Heap after GC invocations=2 (full 0):
 garbage-first heap   total 129024K, used 3608K [0x0000000082e00000, 0x0000000100000000)
  region size 1024K, 1 young (1024K), 1 survivors (1024K)
 Metaspace       used 13257K, capacity 13475K, committed 13568K, reserved 1060864K
  class space    used 1332K, capacity 1452K, committed 1536K, reserved 1048576K
}
Event: 1.613 GC heap before
{Heap before GC invocations=2 (full 0):
 garbage-first heap   total 129024K, used 32280K [0x0000000082e00000, 0x0000000100000000)
  region size 1024K, 29 young (29696K), 1 survivors (1024K)
 Metaspace       used 15134K, capacity 15369K, committed 15488K, reserved 1062912K
  class space    used 1558K, capacity 1651K, committed 1664K, reserved 1048576K
}
Event: 1.618 GC heap after
{Heap after GC invocations=3 (full 0):
 garbage-first heap   total 129024K, used 4405K [0x0000000082e00000, 0x0000000100000000)
  region size 1024K, 2 young (2048K), 2 survivors (2048K)
 Metaspace       used 15134K, capacity 15369K, committed 15488K, reserved 1062912K
  class space    used 1558K, capacity 1651K, committed 1664K, reserved 1048576K
}
Event: 2.590 GC heap before
{Heap before GC invocations=3 (full 0):
 garbage-first heap   total 129024K, used 40245K [0x0000000082e00000, 0x0000000100000000)
  region size 1024K, 38 young (38912K), 2 survivors (2048K)
 Metaspace       used 20863K, capacity 21241K, committed 21296K, reserved 1069056K
  class space    used 2290K, capacity 2430K, committed 2432K, reserved 1048576K
}
Event: 2.598 GC heap after
{Heap after GC invocations=4 (full 0):
 garbage-first heap   total 129024K, used 6360K [0x0000000082e00000, 0x0000000100000000)
  region size 1024K, 4 young (4096K), 4 survivors (4096K)
 Metaspace       used 20863K, capacity 21241K, committed 21296K, reserved 1069056K
  class space    used 2290K, capacity 2430K, committed 2432K, reserved 1048576K
}
Event: 4.763 GC heap before
{Heap before GC invocations=5 (full 0):
 garbage-first heap   total 129024K, used 79064K [0x0000000082e00000, 0x0000000100000000)
  region size 1024K, 75 young (76800K), 4 survivors (4096K)
 Metaspace       used 25962K, capacity 26602K, committed 26752K, reserved 1073152K
  class space    used 2753K, capacity 2937K, committed 2944K, reserved 1048576K
}
Event: 4.778 GC heap after
{Heap after GC invocations=6 (full 0):
 garbage-first heap   total 129024K, used 10747K [0x0000000082e00000, 0x0000000100000000)
  region size 1024K, 8 young (8192K), 8 survivors (8192K)
 Metaspace       used 25962K, capacity 26602K, committed 26752K, reserved 1073152K
  class space    used 2753K, capacity 2937K, committed 2944K, reserved 1048576K
}
Event: 6.280 GC heap before
{Heap before GC invocations=6 (full 0):
 garbage-first heap   total 129024K, used 79355K [0x0000000082e00000, 0x0000000100000000)
  region size 1024K, 75 young (76800K), 8 survivors (8192K)
 Metaspace       used 32207K, capacity 32996K, committed 33024K, reserved 1079296K
  class space    used 3325K, capacity 3571K, committed 3584K, reserved 1048576K
}
Event: 6.293 GC heap after
{Heap after GC invocations=7 (full 0):
 garbage-first heap   total 129024K, used 15324K [0x0000000082e00000, 0x0000000100000000)
  region size 1024K, 9 young (9216K), 9 survivors (9216K)
 Metaspace       used 32207K, capacity 32996K, committed 33024K, reserved 1079296K
  class space    used 3325K, capacity 3571K, committed 3584K, reserved 1048576K
}
Event: 7.008 GC heap before
{Heap before GC invocations=7 (full 0):
 garbage-first heap   total 129024K, used 25564K [0x0000000082e00000, 0x0000000100000000)
  region size 1024K, 21 young (21504K), 9 survivors (9216K)
 Metaspace       used 35003K, capacity 35902K, committed 36048K, reserved 1081344K
  class space    used 3705K, capacity 3989K, committed 4096K, reserved 1048576K
}
Event: 7.020 GC heap after
{Heap after GC invocations=8 (full 0):
 garbage-first heap   total 155648K, used 17285K [0x0000000082e00000, 0x0000000100000000)
  region size 1024K, 7 young (7168K), 7 survivors (7168K)
 Metaspace       used 35003K, capacity 35902K, committed 36048K, reserved 1081344K
  class space    used 3705K, capacity 3989K, committed 4096K, reserved 1048576K
}
Event: 8.462 GC heap before
{Heap before GC invocations=9 (full 0):
 garbage-first heap   total 155648K, used 96133K [0x0000000082e00000, 0x0000000100000000)
  region size 1024K, 82 young (83968K), 7 survivors (7168K)
 Metaspace       used 44117K, capacity 45672K, committed 46032K, reserved 1089536K
  class space    used 4722K, capacity 5256K, committed 5376K, reserved 1048576K
}
Event: 8.484 GC heap after
{Heap after GC invocations=10 (full 0):
 garbage-first heap   total 155648K, used 25390K [0x0000000082e00000, 0x0000000100000000)
  region size 1024K, 11 young (11264K), 11 survivors (11264K)
 Metaspace       used 44117K, capacity 45672K, committed 46032K, reserved 1089536K
  class space    used 4722K, capacity 5256K, committed 5376K, reserved 1048576K
}
Event: 11.021 GC heap before
{Heap before GC invocations=11 (full 0):
 garbage-first heap   total 155648K, used 102190K [0x0000000082e00000, 0x0000000100000000)
  region size 1024K, 86 young (88064K), 11 survivors (11264K)
 Metaspace       used 56341K, capacity 58274K, committed 58576K, reserved 1101824K
  class space    used 6371K, capacity 7112K, committed 7168K, reserved 1048576K
}
Event: 11.051 GC heap after
{Heap after GC invocations=12 (full 0):
 garbage-first heap   total 155648K, used 34145K [0x0000000082e00000, 0x0000000100000000)
  region size 1024K, 9 young (9216K), 9 survivors (9216K)
 Metaspace       used 56341K, capacity 58274K, committed 58576K, reserved 1101824K
  class space    used 6371K, capacity 7112K, committed 7168K, reserved 1048576K
}

Deoptimization events (20 events):
Event: 10.322 Thread 0x000001e054add000 DEOPT PACKING pc=0x000001e065058eb0 sp=0x0000006b525fc180
Event: 10.322 Thread 0x000001e054add000 DEOPT UNPACKING pc=0x000001e05d2ea1af sp=0x0000006b525fc120 mode 2
Event: 10.322 Thread 0x000001e054add000 Uncommon trap: trap_request=0xffffffde fr.pc=0x000001e065058eb0 relative=0x0000000000000530
Event: 10.322 Thread 0x000001e054add000 Uncommon trap: reason=class_check action=maybe_recompile pc=0x000001e065058eb0 method=java.util.stream.ReferencePipeline.forEachWithCancel(Ljava/util/Spliterator;Ljava/util/stream/Sink;)Z @ 1 c2
Event: 10.322 Thread 0x000001e054add000 DEOPT PACKING pc=0x000001e065058eb0 sp=0x0000006b525fc180
Event: 10.322 Thread 0x000001e054add000 DEOPT UNPACKING pc=0x000001e05d2ea1af sp=0x0000006b525fc120 mode 2
Event: 10.322 Thread 0x000001e054add000 Uncommon trap: trap_request=0xffffffde fr.pc=0x000001e065058eb0 relative=0x0000000000000530
Event: 10.322 Thread 0x000001e054add000 Uncommon trap: reason=class_check action=maybe_recompile pc=0x000001e065058eb0 method=java.util.stream.ReferencePipeline.forEachWithCancel(Ljava/util/Spliterator;Ljava/util/stream/Sink;)Z @ 1 c2
Event: 10.322 Thread 0x000001e054add000 DEOPT PACKING pc=0x000001e065058eb0 sp=0x0000006b525fbd20
Event: 10.322 Thread 0x000001e054add000 DEOPT UNPACKING pc=0x000001e05d2ea1af sp=0x0000006b525fbcc0 mode 2
Event: 10.322 Thread 0x000001e054add000 Uncommon trap: trap_request=0xffffffde fr.pc=0x000001e065058eb0 relative=0x0000000000000530
Event: 10.322 Thread 0x000001e054add000 Uncommon trap: reason=class_check action=maybe_recompile pc=0x000001e065058eb0 method=java.util.stream.ReferencePipeline.forEachWithCancel(Ljava/util/Spliterator;Ljava/util/stream/Sink;)Z @ 1 c2
Event: 10.322 Thread 0x000001e054add000 DEOPT PACKING pc=0x000001e065058eb0 sp=0x0000006b525fb940
Event: 10.322 Thread 0x000001e054add000 DEOPT UNPACKING pc=0x000001e05d2ea1af sp=0x0000006b525fb8e0 mode 2
Event: 10.325 Thread 0x000001e054add000 Uncommon trap: trap_request=0xffffffc6 fr.pc=0x000001e064f3d6b4 relative=0x0000000000001234
Event: 10.325 Thread 0x000001e054add000 Uncommon trap: reason=bimorphic_or_optimized_type_check action=maybe_recompile pc=0x000001e064f3d6b4 method=java.util.concurrent.ConcurrentHashMap.putAll(Ljava/util/Map;)V @ 23 c2
Event: 10.325 Thread 0x000001e054add000 DEOPT PACKING pc=0x000001e064f3d6b4 sp=0x0000006b525fa780
Event: 10.325 Thread 0x000001e054add000 DEOPT UNPACKING pc=0x000001e05d2ea1af sp=0x0000006b525fa780 mode 2
Event: 10.546 Thread 0x000001e054add000 DEOPT PACKING pc=0x000001e05e66cd42 sp=0x0000006b525f6670
Event: 10.546 Thread 0x000001e054add000 DEOPT UNPACKING pc=0x000001e05d2ea95e sp=0x0000006b525f5ac8 mode 0

Classes redefined (0 events):
No events

Internal exceptions (20 events):
Event: 10.831 Thread 0x000001e054add000 Exception <a 'java/lang/ClassNotFoundException'{0x00000000880573c0}: io/restassured/internal/common/assertion/GetAtPathFragmentEscaperBeanInfo> (0x00000000880573c0) thrown at [s\src\hotspot\share\classfile\systemDictionary.cpp, line 230]
Event: 10.832 Thread 0x000001e054add000 Exception <a 'java/lang/ClassNotFoundException'{0x00000000880621a8}: io/restassured/internal/common/assertion/GetAtPathFragmentEscaperCustomizer> (0x00000000880621a8) thrown at [s\src\hotspot\share\classfile\systemDictionary.cpp, line 230]
Event: 10.832 Thread 0x000001e054add000 Exception <a 'java/lang/ClassNotFoundException'{0x0000000088076288}: io/restassured/internal/common/assertion/AssertionSupport$2Customizer> (0x0000000088076288) thrown at [s\src\hotspot\share\classfile\systemDictionary.cpp, line 230]
Event: 10.838 Thread 0x000001e054add000 Exception <a 'java/lang/ClassNotFoundException'{0x00000000880b32b0}: io/restassured/internal/common/assertion/AssertionSupport$3BeanInfo> (0x00000000880b32b0) thrown at [s\src\hotspot\share\classfile\systemDictionary.cpp, line 230]
Event: 10.839 Thread 0x000001e054add000 Exception <a 'java/lang/ClassNotFoundException'{0x00000000880bda88}: io/restassured/internal/common/assertion/AssertionSupport$3Customizer> (0x00000000880bda88) thrown at [s\src\hotspot\share\classfile\systemDictionary.cpp, line 230]
Event: 10.844 Thread 0x000001e054add000 Exception <a 'java/lang/ClassNotFoundException'{0x00000000880d2110}: groovy/runtime/metaclass/[Lio/restassured/internal/common/assertion/PathFragmentEscaper;MetaClass> (0x00000000880d2110) thrown at [s\src\hotspot\share\prims\jni.cpp, line 638]
Event: 10.844 Thread 0x000001e054add000 Exception <a 'java/lang/ClassNotFoundException'{0x00000000880d9428}: [Lio/restassured/internal/common/assertion/PathFragmentEscaper;BeanInfo> (0x00000000880d9428) thrown at [s\src\hotspot\share\prims\jni.cpp, line 638]
Event: 10.844 Thread 0x000001e054add000 Exception <a 'java/lang/ClassNotFoundException'{0x00000000880da208}: [Lio/restassured/internal/common/assertion/PathFragmentEscaper;BeanInfo> (0x00000000880da208) thrown at [s\src\hotspot\share\prims\jni.cpp, line 638]
Event: 10.844 Thread 0x000001e054add000 Exception <a 'java/lang/ClassNotFoundException'{0x00000000880dafe8}: [Lio/restassured/internal/common/assertion/PathFragmentEscaper;BeanInfo> (0x00000000880dafe8) thrown at [s\src\hotspot\share\prims\jni.cpp, line 638]
Event: 10.844 Thread 0x000001e054add000 Exception <a 'java/lang/ClassNotFoundException'{0x00000000880dbed0}: [Lio/restassured/internal/common/assertion/PathFragmentEscaper;Customizer> (0x00000000880dbed0) thrown at [s\src\hotspot\share\prims\jni.cpp, line 638]
Event: 10.845 Thread 0x000001e054add000 Exception <a 'java/lang/ClassNotFoundException'{0x00000000880dccb8}: [Lio/restassured/internal/common/assertion/PathFragmentEscaper;Customizer> (0x00000000880dccb8) thrown at [s\src\hotspot\share\prims\jni.cpp, line 638]
Event: 10.845 Thread 0x000001e054add000 Exception <a 'java/lang/ClassNotFoundException'{0x00000000880ddaa0}: [Lio/restassured/internal/common/assertion/PathFragmentEscaper;Customizer> (0x00000000880ddaa0) thrown at [s\src\hotspot\share\prims\jni.cpp, line 638]
Event: 10.851 Thread 0x000001e054add000 Exception <a 'java/lang/ClassNotFoundException'{0x0000000087f113c8}: java/lang/CharacterBeanInfo> (0x0000000087f113c8) thrown at [s\src\hotspot\share\classfile\systemDictionary.cpp, line 230]
Event: 10.851 Thread 0x000001e054add000 Exception <a 'java/lang/ClassNotFoundException'{0x0000000087f166d0}: java/lang/CharacterCustomizer> (0x0000000087f166d0) thrown at [s\src\hotspot\share\classfile\systemDictionary.cpp, line 230]
Event: 10.861 Thread 0x000001e054add000 Exception <a 'java/lang/ClassNotFoundException'{0x0000000087f79b00}: org/apache/commons/lang3/math/NumberUtilsBeanInfo> (0x0000000087f79b00) thrown at [s\src\hotspot\share\classfile\systemDictionary.cpp, line 230]
Event: 10.862 Thread 0x000001e054add000 Exception <a 'java/lang/ClassNotFoundException'{0x0000000087f837d0}: org/apache/commons/lang3/math/NumberUtilsCustomizer> (0x0000000087f837d0) thrown at [s\src\hotspot\share\classfile\systemDictionary.cpp, line 230]
Event: 10.878 Thread 0x000001e054add000 Exception <a 'java/lang/ClassNotFoundException'{0x0000000087e08118}: groovy/lang/BindingBeanInfo> (0x0000000087e08118) thrown at [s\src\hotspot\share\classfile\systemDictionary.cpp, line 230]
Event: 10.879 Thread 0x000001e054add000 Exception <a 'java/lang/ClassNotFoundException'{0x0000000087e1c8d0}: groovy/lang/BindingCustomizer> (0x0000000087e1c8d0) thrown at [s\src\hotspot\share\classfile\systemDictionary.cpp, line 230]
Event: 10.885 Thread 0x000001e054add000 Exception <a 'java/lang/ClassNotFoundException'{0x0000000087e56978}: groovy/lang/GroovyShellBeanInfo> (0x0000000087e56978) thrown at [s\src\hotspot\share\classfile\systemDictionary.cpp, line 230]
Event: 10.886 Thread 0x000001e054add000 Exception <a 'java/lang/ClassNotFoundException'{0x0000000087e6b248}: groovy/lang/GroovyShellCustomizer> (0x0000000087e6b248) thrown at [s\src\hotspot\share\classfile\systemDictionary.cpp, line 230]

Events (20 events):
Event: 11.127 loading class groovyjarjarantlr4/v4/runtime/CodePointCharStream$CodePoint8BitCharStream
Event: 11.127 loading class groovyjarjarantlr4/v4/runtime/CodePointCharStream$CodePoint8BitCharStream done
Event: 11.127 loading class groovyjarjarantlr4/v4/runtime/CodePointCharStream$CodePoint16BitCharStream
Event: 11.127 loading class groovyjarjarantlr4/v4/runtime/CodePointCharStream$CodePoint16BitCharStream done
Event: 11.128 loading class groovyjarjarantlr4/v4/runtime/CodePointCharStream$CodePoint32BitCharStream
Event: 11.128 loading class groovyjarjarantlr4/v4/runtime/CodePointCharStream$CodePoint32BitCharStream done
Event: 11.128 loading class groovyjarjarantlr4/v4/runtime/CodePointCharStream$1
Event: 11.128 loading class groovyjarjarantlr4/v4/runtime/CodePointCharStream$1 done
Event: 11.129 loading class org/apache/groovy/parser/antlr4/GroovyLangLexer
Event: 11.129 loading class org/apache/groovy/parser/antlr4/GroovyLangLexer done
Event: 11.129 loading class org/apache/groovy/parser/antlr4/GroovyLexer
Event: 11.129 loading class org/apache/groovy/parser/antlr4/GroovyLexer done
Event: 11.130 loading class org/apache/groovy/parser/antlr4/AbstractLexer
Event: 11.130 loading class org/apache/groovy/parser/antlr4/AbstractLexer done
Event: 11.131 loading class org/apache/groovy/parser/antlr4/SyntaxErrorReportable
Event: 11.131 loading class org/apache/groovy/parser/antlr4/SyntaxErrorReportable done
Event: 11.131 loading class groovyjarjarantlr4/v4/runtime/Lexer
Event: 11.131 loading class groovyjarjarantlr4/v4/runtime/Lexer done
Event: 11.132 loading class groovyjarjarantlr4/v4/runtime/Recognizer
Event: 11.132 loading class groovyjarjarantlr4/v4/runtime/Recognizer done


Dynamic libraries:
0x00007ff603190000 - 0x00007ff60319e000 	C:\Program Files\Amazon Corretto\jdk11.0.30_7\bin\java.exe
0x00007ffc2c280000 - 0x00007ffc2c4e7000 	C:\WINDOWS\SYSTEM32\ntdll.dll
0x00007ffc2a680000 - 0x00007ffc2a749000 	C:\WINDOWS\System32\KERNEL32.DLL
0x00007ffc29b50000 - 0x00007ffc29f47000 	C:\WINDOWS\System32\KERNELBASE.dll
0x00007ffc29a00000 - 0x00007ffc29b4b000 	C:\WINDOWS\System32\ucrtbase.dll
0x00007ffc13840000 - 0x00007ffc13857000 	C:\Program Files\Amazon Corretto\jdk11.0.30_7\bin\jli.dll
0x00007ffc2ae30000 - 0x00007ffc2aff6000 	C:\WINDOWS\System32\USER32.dll
0x00007ffc29010000 - 0x00007ffc29037000 	C:\WINDOWS\System32\win32u.dll
0x00007ffc2a640000 - 0x00007ffc2a66b000 	C:\WINDOWS\System32\GDI32.dll
0x00007ffc28cb0000 - 0x00007ffc28ddc000 	C:\WINDOWS\System32\gdi32full.dll
0x00007ffc28f60000 - 0x00007ffc29003000 	C:\WINDOWS\System32\msvcp_win.dll
0x00007ffc12b40000 - 0x00007ffc12b5b000 	C:\Program Files\Amazon Corretto\jdk11.0.30_7\bin\VCRUNTIME140.dll
0x00007ffc117d0000 - 0x00007ffc11a62000 	C:\WINDOWS\WinSxS\amd64_microsoft.windows.common-controls_6595b64144ccf1df_6.0.26100.8328_none_3e08182ce334b678\COMCTL32.dll
0x00007ffc2ad00000 - 0x00007ffc2ada9000 	C:\WINDOWS\System32\msvcrt.dll
0x00007ffc2b820000 - 0x00007ffc2b852000 	C:\WINDOWS\System32\IMM32.DLL
0x00007ffc14ce0000 - 0x00007ffc14cec000 	C:\Program Files\Amazon Corretto\jdk11.0.30_7\bin\vcruntime140_1.dll
0x00007ffc0e780000 - 0x00007ffc0e80d000 	C:\Program Files\Amazon Corretto\jdk11.0.30_7\bin\msvcp140.dll
0x00007ffbe4df0000 - 0x00007ffbe59b4000 	C:\Program Files\Amazon Corretto\jdk11.0.30_7\bin\server\jvm.dll
0x00007ffc2a980000 - 0x00007ffc2aa36000 	C:\WINDOWS\System32\ADVAPI32.dll
0x00007ffc2a100000 - 0x00007ffc2a1a7000 	C:\WINDOWS\System32\sechost.dll
0x00007ffc2c0c0000 - 0x00007ffc2c1d8000 	C:\WINDOWS\System32\RPCRT4.dll
0x00007ffc2a8f0000 - 0x00007ffc2a970000 	C:\WINDOWS\System32\WS2_32.dll
0x00007ffc2ac80000 - 0x00007ffc2ac88000 	C:\WINDOWS\System32\PSAPI.DLL
0x00007ffc18a10000 - 0x00007ffc18a46000 	C:\WINDOWS\SYSTEM32\WINMM.dll
0x00007ffc19c00000 - 0x00007ffc19c0b000 	C:\WINDOWS\SYSTEM32\VERSION.dll
0x00007ffc27a40000 - 0x00007ffc27a5b000 	C:\WINDOWS\SYSTEM32\kernel.appcore.dll
0x00007ffc14940000 - 0x00007ffc14950000 	C:\Program Files\Amazon Corretto\jdk11.0.30_7\bin\verify.dll
0x00007ffc23d90000 - 0x00007ffc23fd2000 	C:\WINDOWS\SYSTEM32\DBGHELP.DLL
0x00007ffc2b490000 - 0x00007ffc2b813000 	C:\WINDOWS\System32\combase.dll
0x00007ffc2b330000 - 0x00007ffc2b409000 	C:\WINDOWS\System32\OLEAUT32.dll
0x00007ffc02e20000 - 0x00007ffc02e5b000 	C:\WINDOWS\SYSTEM32\dbgcore.DLL
0x00007ffc29f50000 - 0x00007ffc29ff8000 	C:\WINDOWS\System32\bcryptPrimitives.dll
0x00007ffc11b00000 - 0x00007ffc11b28000 	C:\Program Files\Amazon Corretto\jdk11.0.30_7\bin\java.dll
0x00007ffc13a40000 - 0x00007ffc13a4a000 	C:\Program Files\Amazon Corretto\jdk11.0.30_7\bin\jimage.dll
0x00007ffc11ae0000 - 0x00007ffc11af8000 	C:\Program Files\Amazon Corretto\jdk11.0.30_7\bin\zip.dll
0x00007ffc2b880000 - 0x00007ffc2bfee000 	C:\WINDOWS\System32\SHELL32.dll
0x00007ffc29040000 - 0x00007ffc298ac000 	C:\WINDOWS\System32\windows.storage.dll
0x00007ffc2b0d0000 - 0x00007ffc2b1c6000 	C:\WINDOWS\System32\SHCORE.dll
0x00007ffc2ac90000 - 0x00007ffc2acf6000 	C:\WINDOWS\System32\shlwapi.dll
0x00007ffc28bd0000 - 0x00007ffc28bf9000 	C:\WINDOWS\SYSTEM32\profapi.dll
0x00007ffc0ee30000 - 0x00007ffc0ee49000 	C:\Program Files\Amazon Corretto\jdk11.0.30_7\bin\net.dll
0x00007ffc1a1b0000 - 0x00007ffc1a2d9000 	C:\WINDOWS\SYSTEM32\WINHTTP.dll
0x00007ffc27fb0000 - 0x00007ffc2801c000 	C:\WINDOWS\system32\mswsock.dll
0x00007ffc0ea70000 - 0x00007ffc0ea82000 	C:\Program Files\Amazon Corretto\jdk11.0.30_7\bin\nio.dll
0x00007ffc0bc20000 - 0x00007ffc0bc44000 	C:\Program Files\JetBrains\IntelliJ IDEA Community Edition 2025.2.6.1\plugins\maven\lib\maven3\lib\jansi-native\Windows\x86_64\jansi.dll
0x00007ffc13940000 - 0x00007ffc13949000 	C:\Program Files\Amazon Corretto\jdk11.0.30_7\bin\management.dll
0x00007ffc138f0000 - 0x00007ffc138fb000 	C:\Program Files\Amazon Corretto\jdk11.0.30_7\bin\management_ext.dll
0x00007ffc28290000 - 0x00007ffc282ab000 	C:\WINDOWS\SYSTEM32\CRYPTSP.dll
0x00007ffc279a0000 - 0x00007ffc279d9000 	C:\WINDOWS\system32\rsaenh.dll
0x00007ffc28060000 - 0x00007ffc28093000 	C:\WINDOWS\SYSTEM32\USERENV.dll
0x00007ffc28ba0000 - 0x00007ffc28bca000 	C:\WINDOWS\SYSTEM32\bcrypt.dll
0x00007ffc282b0000 - 0x00007ffc282bc000 	C:\WINDOWS\SYSTEM32\CRYPTBASE.dll
0x00007ffc27450000 - 0x00007ffc27482000 	C:\WINDOWS\SYSTEM32\IPHLPAPI.DLL
0x00007ffc2b000000 - 0x00007ffc2b00a000 	C:\WINDOWS\System32\NSI.dll
0x00007ffc1dc80000 - 0x00007ffc1dc9d000 	C:\WINDOWS\SYSTEM32\dhcpcsvc6.DLL
0x00007ffc1afe0000 - 0x00007ffc1b005000 	C:\WINDOWS\SYSTEM32\dhcpcsvc.DLL
0x00007ffc274e0000 - 0x00007ffc27612000 	C:\WINDOWS\SYSTEM32\DNSAPI.dll
0x00007ffc18910000 - 0x00007ffc18928000 	C:\WINDOWS\system32\napinsp.dll
0x00007ffc188c0000 - 0x00007ffc188d3000 	C:\WINDOWS\System32\winrnr.dll
0x00007ffc18890000 - 0x00007ffc188b2000 	C:\WINDOWS\system32\nlansp_c.dll
0x00007ffc18870000 - 0x00007ffc18886000 	C:\WINDOWS\system32\wshbth.dll
0x00007ffc19920000 - 0x00007ffc1992b000 	C:\Windows\System32\rasadhlp.dll
0x00007ffc1fe20000 - 0x00007ffc1fea6000 	C:\WINDOWS\System32\fwpuclnt.dll
0x00007ffc07150000 - 0x00007ffc07177000 	C:\Program Files\Amazon Corretto\jdk11.0.30_7\bin\sunec.dll
0x00007ffc12a80000 - 0x00007ffc12a8e000 	C:\Program Files\Amazon Corretto\jdk11.0.30_7\bin\sunmscapi.dll
0x00007ffc28de0000 - 0x00007ffc28f58000 	C:\WINDOWS\System32\CRYPT32.dll
0x00007ffc284b0000 - 0x00007ffc284e0000 	C:\WINDOWS\SYSTEM32\ncrypt.dll
0x00007ffc28460000 - 0x00007ffc2849f000 	C:\WINDOWS\SYSTEM32\NTASN1.dll

dbghelp: loaded successfully - version: 4.0.5 - missing functions: none
symbol engine: initialized successfully - sym options: 0x614 - pdb path: .;C:\Program Files\Amazon Corretto\jdk11.0.30_7\bin;C:\WINDOWS\SYSTEM32;C:\WINDOWS\WinSxS\amd64_microsoft.windows.common-controls_6595b64144ccf1df_6.0.26100.8328_none_3e08182ce334b678;C:\Program Files\Amazon Corretto\jdk11.0.30_7\bin\server;C:\Program Files\JetBrains\IntelliJ IDEA Community Edition 2025.2.6.1\plugins\maven\lib\maven3\lib\jansi-native\Windows\x86_64

VM Arguments:
jvm_args: -Dclassworlds.conf=C:\Program Files\JetBrains\IntelliJ IDEA Community Edition 2025.2.6.1\plugins\maven\lib\maven3\bin\m2.conf -Dmaven.home=C:\Program Files\JetBrains\IntelliJ IDEA Community Edition 2025.2.6.1\plugins\maven\lib\maven3 -Dlibrary.jansi.path=C:\Program Files\JetBrains\IntelliJ IDEA Community Edition 2025.2.6.1\plugins\maven\lib\maven3\lib\jansi-native -Dmaven.multiModuleProjectDirectory=C:\Users\VAR\IdeaProjects\Sprint_7 
java_command: org.codehaus.plexus.classworlds.launcher.Launcher -Didea.version=2025.2.6.1 -Dmaven.ext.class.path=C:\Program Files\JetBrains\IntelliJ IDEA Community Edition 2025.2.6.1\plugins\maven\lib\maven-event-listener.jar -Djansi.passthrough=true -Dstyle.color=always -Dmaven.repo.local=C:\Users\VAR\.m2\repository test -f pom.xml
java_class_path (initial): C:\Program Files\JetBrains\IntelliJ IDEA Community Edition 2025.2.6.1\plugins\maven\lib\maven3\boot\plexus-classworlds-2.8.0.jar
Launcher Type: SUN_STANDARD

[Global flags]
     intx CICompilerCount                          = 3                                         {product} {ergonomic}
     uint ConcGCThreads                            = 1                                         {product} {ergonomic}
     uint G1ConcRefinementThreads                  = 4                                         {product} {ergonomic}
   size_t G1HeapRegionSize                         = 1048576                                   {product} {ergonomic}
    uintx GCDrainStackTargetSize                   = 64                                        {product} {ergonomic}
   size_t InitialHeapSize                          = 132120576                                 {product} {ergonomic}
   size_t MarkStackSize                            = 4194304                                   {product} {ergonomic}
   size_t MaxHeapSize                              = 2099249152                                {product} {ergonomic}
   size_t MaxNewSize                               = 1259339776                                {product} {ergonomic}
   size_t MinHeapDeltaBytes                        = 1048576                                   {product} {ergonomic}
    uintx NonNMethodCodeHeapSize                   = 5830732                                {pd product} {ergonomic}
    uintx NonProfiledCodeHeapSize                  = 122913754                              {pd product} {ergonomic}
    uintx ProfiledCodeHeapSize                     = 122913754                              {pd product} {ergonomic}
    uintx ReservedCodeCacheSize                    = 251658240                              {pd product} {ergonomic}
     bool SegmentedCodeCache                       = true                                      {product} {ergonomic}
     bool UseCompressedClassPointers               = true                                 {lp64_product} {ergonomic}
     bool UseCompressedOops                        = true                                 {lp64_product} {ergonomic}
     bool UseG1GC                                  = true                                      {product} {ergonomic}
     bool UseLargePagesIndividualAllocation        = false                                  {pd product} {ergonomic}

Logging:
Log output configuration:
 #0: stdout all=warning uptime,level,tags
 #1: stderr all=off uptime,level,tags

Environment Variables:
JAVA_HOME=C:\Program Files\Amazon Corretto\jdk11.0.30_7
PATH=C:\Program Files\apache-maven-3.9.12\bin\bin;%MAVEN_HOME%\bin;C:\Program Files\Amazon Corretto\jdk11.0.30_7\bin;C:\WINDOWS\system32;C:\WINDOWS;C:\WINDOWS\System32\Wbem;C:\WINDOWS\System32\WindowsPowerShell\v1.0\;C:\WINDOWS\System32\OpenSSH\;C:\Program Files\dotnet\;C:\Program Files\apache-maven-3.9.12\bin;C:\Program Files\Git\cmd;C:\Program Files\Git\mingw64\bin;C:\Program Files\Git\usr\bin;C:\Users\VAR\AppData\Local\Microsoft\WindowsApps;C:\Program Files\Apache\maven;C:\Program Files (x86)\allure-2.40.0\bin;
USERNAME=VAR
OS=Windows_NT
PROCESSOR_IDENTIFIER=Intel64 Family 6 Model 142 Stepping 11, GenuineIntel
TMP=C:\Users\VAR\AppData\Local\Temp
TEMP=C:\Users\VAR\AppData\Local\Temp



---------------  S Y S T E M  ---------------

OS: Windows 11 , 64 bit Build 26100 (10.0.26100.8328)
OS uptime: 6 days 4:51 hours

CPU:total 4 (initial active 4) (2 cores per cpu, 2 threads per core) family 6 model 142 stepping 11 microcode 0xde, cmov, cx8, fxsr, mmx, sse, sse2, sse3, ssse3, sse4.1, sse4.2, popcnt, avx, avx2, aes, clmul, erms, 3dnowpref, lzcnt, ht, tsc, tscinvbit, bmi1, bmi2, adx, fma

Memory: 4k page, system-wide physical 8007M (974M free)
TotalPageFile size 10507M (AvailPageFile size 8M)
current process WorkingSet (physical memory assigned to process): 313M, peak: 314M
current process commit charge ("private bytes"): 358M, peak: 359M

vm_info: OpenJDK 64-Bit Server VM (11.0.30+7-LTS) for windows-amd64 JRE (11.0.30+7-LTS), built on Jan 15 2026 19:16:40 by "Administrator" with MS VC++ 16.10 / 16.11 (VS2019)

END.
