#
# There is insufficient memory for the Java Runtime Environment to continue.
# Native memory allocation (malloc) failed to allocate 375184 bytes for Chunk::new
# Possible reasons:
#   The system is out of physical RAM or swap space
#   The process is running with CompressedOops enabled, and the Java Heap may be blocking the growth of the native heap
# Possible solutions:
#   Reduce memory load on the system
#   Increase physical memory or swap space
#   Check if swap backing store is full
#   Decrease Java heap size (-Xmx/-Xms)
#   Decrease number of Java threads
#   Decrease Java thread stack sizes (-Xss)
#   Set larger code cache with -XX:ReservedCodeCacheSize=
#   JVM is running with Unscaled Compressed Oops mode in which the Java heap is
#     placed in the first 4GB address space. The Java Heap base address is the
#     maximum limit for the native heap growth. Please use -XX:HeapBaseMinAddress
#     to set the Java Heap base and to place the Java Heap above 4GB virtual address.
# This output file may be truncated or incomplete.
#
#  Out of Memory Error (arena.cpp:197), pid=18720, tid=3808
#
# JRE version: OpenJDK Runtime Environment Corretto-11.0.30.7.1 (11.0.30+7) (build 11.0.30+7-LTS)
# Java VM: OpenJDK 64-Bit Server VM Corretto-11.0.30.7.1 (11.0.30+7-LTS, mixed mode, tiered, compressed oops, g1 gc, windows-amd64)
# No core dump will be written. Minidumps are not enabled by default on client versions of Windows
#

---------------  S U M M A R Y ------------

Command Line: -Dclassworlds.conf=C:\Program Files\JetBrains\IntelliJ IDEA Community Edition 2025.2.6.1\plugins\maven\lib\maven3\bin\m2.conf -Dmaven.home=C:\Program Files\JetBrains\IntelliJ IDEA Community Edition 2025.2.6.1\plugins\maven\lib\maven3 -Dlibrary.jansi.path=C:\Program Files\JetBrains\IntelliJ IDEA Community Edition 2025.2.6.1\plugins\maven\lib\maven3\lib\jansi-native -Dmaven.multiModuleProjectDirectory=C:\Users\VAR\IdeaProjects\Sprint_7 org.codehaus.plexus.classworlds.launcher.Launcher -Didea.version=2025.2.6.1 -Dmaven.ext.class.path=C:\Program Files\JetBrains\IntelliJ IDEA Community Edition 2025.2.6.1\plugins\maven\lib\maven-event-listener.jar -Djansi.passthrough=true -Dstyle.color=always -Dmaven.repo.local=C:\Users\VAR\.m2\repository test -f pom.xml

Host: Intel(R) Core(TM) i3-8145U CPU @ 2.10GHz, 4 cores, 7G,  Windows 11 , 64 bit Build 26100 (10.0.26100.8328)
Time: Wed May 13 00:16:27 2026 RTZ 2 (s 11 , 64 bit Build 26100 (10.0.26100.8328) elapsed time: 29.635627 seconds (0d 0h 0m 29s)

---------------  T H R E A D  ---------------

Current thread (0x000001c8101c9800):  JavaThread "C2 CompilerThread1" daemon [_thread_in_native, id=3808, stack(0x0000007734200000,0x0000007734300000)]


Current CompileTask:
C2:  29635 7926   !   4       groovy.json.JsonLexer::nextToken (566 bytes)

Stack: [0x0000007734200000,0x0000007734300000]
Native frames: (J=compiled Java code, j=interpreted, Vv=VM code, C=native code)
V  [jvm.dll+0x64667a]
V  [jvm.dll+0x7da009]
V  [jvm.dll+0x7db709]
V  [jvm.dll+0x7dbdf3]
V  [jvm.dll+0x269e15]
V  [jvm.dll+0xc21dc]
V  [jvm.dll+0xc278c]
V  [jvm.dll+0x221537]
V  [jvm.dll+0x5d2683]
V  [jvm.dll+0x5d5efa]
V  [jvm.dll+0x221cdf]
V  [jvm.dll+0x220e78]
V  [jvm.dll+0x19ea61]
V  [jvm.dll+0x230d29]
V  [jvm.dll+0x22ee9f]
V  [jvm.dll+0x79c191]
V  [jvm.dll+0x794e64]
V  [jvm.dll+0x645435]
C  [ucrtbase.dll+0x37b0]
C  [KERNEL32.DLL+0x2e957]
C  [ntdll.dll+0x427c]


---------------  P R O C E S S  ---------------

Threads class SMR info:
_java_thread_list=0x000001c80f920fd0, length=15, elements={
0x000001c86838d000, 0x000001c879834800, 0x000001c879835800, 0x000001c879844000,
0x000001c879847000, 0x000001c879848000, 0x000001c87984a000, 0x000001c87a239000,
0x000001c87a245800, 0x000001c87a355000, 0x000001c87b7c7000, 0x000001c80f200800,
0x000001c87e670000, 0x000001c87e692000, 0x000001c8101c9800
}

Java Threads: ( => current thread )
  0x000001c86838d000 JavaThread "main" [_thread_in_vm, id=15696, stack(0x0000007732f00000,0x0000007733000000)]
  0x000001c879834800 JavaThread "Reference Handler" daemon [_thread_blocked, id=17956, stack(0x0000007733600000,0x0000007733700000)]
  0x000001c879835800 JavaThread "Finalizer" daemon [_thread_blocked, id=18676, stack(0x0000007733700000,0x0000007733800000)]
  0x000001c879844000 JavaThread "Signal Dispatcher" daemon [_thread_blocked, id=13536, stack(0x0000007733800000,0x0000007733900000)]
  0x000001c879847000 JavaThread "Attach Listener" daemon [_thread_blocked, id=3636, stack(0x0000007733900000,0x0000007733a00000)]
  0x000001c879848000 JavaThread "Service Thread" daemon [_thread_blocked, id=6736, stack(0x0000007733a00000,0x0000007733b00000)]
  0x000001c87984a000 JavaThread "C2 CompilerThread0" daemon [_thread_in_native, id=14580, stack(0x0000007733b00000,0x0000007733c00000)]
  0x000001c87a239000 JavaThread "C1 CompilerThread0" daemon [_thread_blocked, id=14840, stack(0x0000007733c00000,0x0000007733d00000)]
  0x000001c87a245800 JavaThread "Sweeper thread" daemon [_thread_blocked, id=9412, stack(0x0000007733d00000,0x0000007733e00000)]
  0x000001c87a355000 JavaThread "Common-Cleaner" daemon [_thread_blocked, id=7668, stack(0x0000007733f00000,0x0000007734000000)]
  0x000001c87b7c7000 JavaThread "Thread-1" daemon [_thread_blocked, id=280, stack(0x0000007734300000,0x0000007734400000)]
  0x000001c80f200800 JavaThread "ForkJoinPool.commonPool-worker-3" daemon [_thread_blocked, id=13896, stack(0x0000007734400000,0x0000007734500000)]
  0x000001c87e670000 JavaThread "ForkJoinPool.commonPool-worker-5" daemon [_thread_blocked, id=1764, stack(0x0000007734500000,0x0000007734600000)]
  0x000001c87e692000 JavaThread "ForkJoinPool.commonPool-worker-7" daemon [_thread_blocked, id=10180, stack(0x0000007734600000,0x0000007734700000)]
=>0x000001c8101c9800 JavaThread "C2 CompilerThread1" daemon [_thread_in_native, id=3808, stack(0x0000007734200000,0x0000007734300000)]

Other Threads:
  0x000001c8797ff800 VMThread "VM Thread" [stack: 0x0000007733500000,0x0000007733600000] [id=11560]
  0x000001c87a344000 WatcherThread [stack: 0x0000007733e00000,0x0000007733f00000] [id=11656]
  0x000001c8683a7800 GCTaskThread "GC Thread#0" [stack: 0x0000007733000000,0x0000007733100000] [id=15368]
  0x000001c87ad05000 GCTaskThread "GC Thread#1" [stack: 0x0000007734000000,0x0000007734100000] [id=9012]
  0x000001c87ad2d000 GCTaskThread "GC Thread#2" [stack: 0x0000007734100000,0x0000007734200000] [id=13968]
  0x000001c8683db000 ConcurrentGCThread "G1 Main Marker" [stack: 0x0000007733100000,0x0000007733200000] [id=10980]
  0x000001c8683dd000 ConcurrentGCThread "G1 Conc#0" [stack: 0x0000007733200000,0x0000007733300000] [id=11192]
  0x000001c8683e0800 ConcurrentGCThread "G1 Refine#0" [stack: 0x0000007733300000,0x0000007733400000] [id=5068]
  0x000001c879671800 ConcurrentGCThread "G1 Young RemSet Sampling" [stack: 0x0000007733400000,0x0000007733500000] [id=15488]

Threads with active compile tasks:
C2 CompilerThread0    29699 7933   !   4       org.codehaus.groovy.reflection.CachedMethod::invoke (96 bytes)
C2 CompilerThread1    29699 7926   !   4       groovy.json.JsonLexer::nextToken (566 bytes)

VM state:not at safepoint (normal execution)

VM Mutex/Monitor currently owned by a thread: None

Heap address: 0x0000000082e00000, size: 2002 MB, Compressed Oops mode: 32-bit
Narrow klass base: 0x0000000000000000, Narrow klass shift: 3
Compressed class space size: 1073741824 Address: 0x0000000100000000

Heap:
 garbage-first heap   total 155648K, used 98304K [0x0000000082e00000, 0x0000000100000000)
  region size 1024K, 74 young (75776K), 9 survivors (9216K)
 Metaspace       used 61307K, capacity 63567K, committed 63696K, reserved 1105920K
  class space    used 7039K, capacity 7929K, committed 7936K, reserved 1048576K
Heap Regions: E=young(eden), S=young(survivor), O=old, HS=humongous(starts), HC=humongous(continues), CS=collection set, F=free, A=archive, TAMS=top-at-mark-start (previous, next)
|   0|0x0000000082e00000, 0x0000000082f00000, 0x0000000082f00000|100%| O|  |TAMS 0x0000000082f00000, 0x0000000082e00000| Untracked 
|   1|0x0000000082f00000, 0x0000000083000000, 0x0000000083000000|100%| O|  |TAMS 0x0000000083000000, 0x0000000082f00000| Untracked 
|   2|0x0000000083000000, 0x0000000083100000, 0x0000000083100000|100%| O|  |TAMS 0x0000000083100000, 0x0000000083000000| Untracked 
|   3|0x0000000083100000, 0x0000000083200000, 0x0000000083200000|100%| O|  |TAMS 0x0000000083200000, 0x0000000083100000| Untracked 
|   4|0x0000000083200000, 0x0000000083300000, 0x0000000083300000|100%| O|  |TAMS 0x0000000083300000, 0x0000000083200000| Untracked 
|   5|0x0000000083300000, 0x0000000083400000, 0x0000000083400000|100%| O|  |TAMS 0x0000000083400000, 0x0000000083300000| Untracked 
|   6|0x0000000083400000, 0x0000000083500000, 0x0000000083500000|100%| O|  |TAMS 0x0000000083500000, 0x0000000083400000| Untracked 
|   7|0x0000000083500000, 0x0000000083600000, 0x0000000083600000|100%| O|  |TAMS 0x0000000083600000, 0x0000000083500000| Untracked 
|   8|0x0000000083600000, 0x0000000083700000, 0x0000000083700000|100%| O|  |TAMS 0x0000000083700000, 0x0000000083600000| Untracked 
|   9|0x0000000083700000, 0x0000000083800000, 0x0000000083800000|100%| O|  |TAMS 0x0000000083800000, 0x0000000083700000| Untracked 
|  10|0x0000000083800000, 0x0000000083900000, 0x0000000083900000|100%| O|  |TAMS 0x0000000083800000, 0x0000000083800000| Untracked 
|  11|0x0000000083900000, 0x0000000083a00000, 0x0000000083a00000|100%| O|  |TAMS 0x0000000083900000, 0x0000000083900000| Untracked 
|  12|0x0000000083a00000, 0x0000000083b00000, 0x0000000083b00000|100%| O|  |TAMS 0x0000000083a00000, 0x0000000083a00000| Untracked 
|  13|0x0000000083b00000, 0x0000000083c00000, 0x0000000083c00000|100%| O|  |TAMS 0x0000000083c00000, 0x0000000083b00000| Untracked 
|  14|0x0000000083c00000, 0x0000000083d00000, 0x0000000083d00000|100%| O|  |TAMS 0x0000000083d00000, 0x0000000083c00000| Untracked 
|  15|0x0000000083d00000, 0x0000000083e00000, 0x0000000083e00000|100%| O|  |TAMS 0x0000000083e00000, 0x0000000083d00000| Untracked 
|  16|0x0000000083e00000, 0x0000000083f00000, 0x0000000083f00000|100%| O|  |TAMS 0x0000000083f00000, 0x0000000083e00000| Untracked 
|  17|0x0000000083f00000, 0x0000000084000000, 0x0000000084000000|100%| O|  |TAMS 0x0000000083fd4a00, 0x0000000083f00000| Untracked 
|  18|0x0000000084000000, 0x0000000084100000, 0x0000000084100000|100%| O|  |TAMS 0x0000000084000000, 0x0000000084000000| Untracked 
|  19|0x0000000084100000, 0x0000000084200000, 0x0000000084200000|100%| O|  |TAMS 0x0000000084100000, 0x0000000084100000| Untracked 
|  20|0x0000000084200000, 0x0000000084300000, 0x0000000084300000|100%| O|  |TAMS 0x0000000084200000, 0x0000000084200000| Untracked 
|  21|0x0000000084300000, 0x0000000084400000, 0x0000000084400000|100%| O|  |TAMS 0x0000000084300000, 0x0000000084300000| Untracked 
|  22|0x0000000084400000, 0x0000000084500000, 0x0000000084500000|100%| O|  |TAMS 0x0000000084400000, 0x0000000084400000| Untracked 
|  23|0x0000000084500000, 0x0000000084600000, 0x0000000084600000|100%| O|  |TAMS 0x0000000084500000, 0x0000000084500000| Untracked 
|  24|0x0000000084600000, 0x0000000084600000, 0x0000000084700000|  0%| F|  |TAMS 0x0000000084600000, 0x0000000084600000| Untracked 
|  25|0x0000000084700000, 0x0000000084700000, 0x0000000084800000|  0%| F|  |TAMS 0x0000000084700000, 0x0000000084700000| Untracked 
|  26|0x0000000084800000, 0x0000000084800000, 0x0000000084900000|  0%| F|  |TAMS 0x0000000084800000, 0x0000000084800000| Untracked 
|  27|0x0000000084900000, 0x0000000084900000, 0x0000000084a00000|  0%| F|  |TAMS 0x0000000084900000, 0x0000000084900000| Untracked 
|  28|0x0000000084a00000, 0x0000000084a00000, 0x0000000084b00000|  0%| F|  |TAMS 0x0000000084a00000, 0x0000000084a00000| Untracked 
|  29|0x0000000084b00000, 0x0000000084b00000, 0x0000000084c00000|  0%| F|  |TAMS 0x0000000084b00000, 0x0000000084b00000| Untracked 
|  30|0x0000000084c00000, 0x0000000084c00000, 0x0000000084d00000|  0%| F|  |TAMS 0x0000000084c00000, 0x0000000084c00000| Untracked 
|  31|0x0000000084d00000, 0x0000000084d00000, 0x0000000084e00000|  0%| F|  |TAMS 0x0000000084d00000, 0x0000000084d00000| Untracked 
|  32|0x0000000084e00000, 0x0000000084e00000, 0x0000000084f00000|  0%| F|  |TAMS 0x0000000084e00000, 0x0000000084e00000| Untracked 
|  33|0x0000000084f00000, 0x0000000084f00000, 0x0000000085000000|  0%| F|  |TAMS 0x0000000084f00000, 0x0000000084f00000| Untracked 
|  34|0x0000000085000000, 0x0000000085000000, 0x0000000085100000|  0%| F|  |TAMS 0x0000000085000000, 0x0000000085000000| Untracked 
|  35|0x0000000085100000, 0x0000000085100000, 0x0000000085200000|  0%| F|  |TAMS 0x0000000085100000, 0x0000000085100000| Untracked 
|  36|0x0000000085200000, 0x0000000085200000, 0x0000000085300000|  0%| F|  |TAMS 0x0000000085200000, 0x0000000085200000| Untracked 
|  37|0x0000000085300000, 0x0000000085300000, 0x0000000085400000|  0%| F|  |TAMS 0x0000000085300000, 0x0000000085300000| Untracked 
|  38|0x0000000085400000, 0x0000000085400000, 0x0000000085500000|  0%| F|  |TAMS 0x0000000085400000, 0x0000000085400000| Untracked 
|  39|0x0000000085500000, 0x0000000085500000, 0x0000000085600000|  0%| F|  |TAMS 0x0000000085500000, 0x0000000085500000| Untracked 
|  40|0x0000000085600000, 0x0000000085600000, 0x0000000085700000|  0%| F|  |TAMS 0x0000000085600000, 0x0000000085600000| Untracked 
|  41|0x0000000085700000, 0x0000000085700000, 0x0000000085800000|  0%| F|  |TAMS 0x0000000085700000, 0x0000000085700000| Untracked 
|  42|0x0000000085800000, 0x0000000085800000, 0x0000000085900000|  0%| F|  |TAMS 0x0000000085800000, 0x0000000085800000| Untracked 
|  43|0x0000000085900000, 0x0000000085900000, 0x0000000085a00000|  0%| F|  |TAMS 0x0000000085900000, 0x0000000085900000| Untracked 
|  44|0x0000000085a00000, 0x0000000085a00000, 0x0000000085b00000|  0%| F|  |TAMS 0x0000000085a00000, 0x0000000085a00000| Untracked 
|  45|0x0000000085b00000, 0x0000000085b00000, 0x0000000085c00000|  0%| F|  |TAMS 0x0000000085b00000, 0x0000000085b00000| Untracked 
|  46|0x0000000085c00000, 0x0000000085c00000, 0x0000000085d00000|  0%| F|  |TAMS 0x0000000085c00000, 0x0000000085c00000| Untracked 
|  47|0x0000000085d00000, 0x0000000085d00000, 0x0000000085e00000|  0%| F|  |TAMS 0x0000000085d00000, 0x0000000085d00000| Untracked 
|  48|0x0000000085e00000, 0x0000000085e00000, 0x0000000085f00000|  0%| F|  |TAMS 0x0000000085e00000, 0x0000000085e00000| Untracked 
|  49|0x0000000085f00000, 0x0000000085f00000, 0x0000000086000000|  0%| F|  |TAMS 0x0000000085f00000, 0x0000000085f00000| Untracked 
|  50|0x0000000086000000, 0x0000000086000000, 0x0000000086100000|  0%| F|  |TAMS 0x0000000086000000, 0x0000000086000000| Untracked 
|  51|0x0000000086100000, 0x0000000086100000, 0x0000000086200000|  0%| F|  |TAMS 0x0000000086100000, 0x0000000086100000| Untracked 
|  52|0x0000000086200000, 0x0000000086200000, 0x0000000086300000|  0%| F|  |TAMS 0x0000000086200000, 0x0000000086200000| Untracked 
|  53|0x0000000086300000, 0x0000000086300000, 0x0000000086400000|  0%| F|  |TAMS 0x0000000086300000, 0x0000000086300000| Untracked 
|  54|0x0000000086400000, 0x0000000086400000, 0x0000000086500000|  0%| F|  |TAMS 0x0000000086400000, 0x0000000086400000| Untracked 
|  55|0x0000000086500000, 0x0000000086500000, 0x0000000086600000|  0%| F|  |TAMS 0x0000000086500000, 0x0000000086500000| Untracked 
|  56|0x0000000086600000, 0x0000000086600000, 0x0000000086700000|  0%| F|  |TAMS 0x0000000086600000, 0x0000000086600000| Untracked 
|  57|0x0000000086700000, 0x0000000086700000, 0x0000000086800000|  0%| F|  |TAMS 0x0000000086700000, 0x0000000086700000| Untracked 
|  58|0x0000000086800000, 0x0000000086800000, 0x0000000086900000|  0%| F|  |TAMS 0x0000000086800000, 0x0000000086800000| Untracked 
|  59|0x0000000086900000, 0x0000000086900000, 0x0000000086a00000|  0%| F|  |TAMS 0x0000000086900000, 0x0000000086900000| Untracked 
|  60|0x0000000086a00000, 0x0000000086a00000, 0x0000000086b00000|  0%| F|  |TAMS 0x0000000086a00000, 0x0000000086a00000| Untracked 
|  61|0x0000000086b00000, 0x0000000086b00000, 0x0000000086c00000|  0%| F|  |TAMS 0x0000000086b00000, 0x0000000086b00000| Untracked 
|  62|0x0000000086c00000, 0x0000000086c00000, 0x0000000086d00000|  0%| F|  |TAMS 0x0000000086c00000, 0x0000000086c00000| Untracked 
|  63|0x0000000086d00000, 0x0000000086d00000, 0x0000000086e00000|  0%| F|  |TAMS 0x0000000086d00000, 0x0000000086d00000| Untracked 
|  64|0x0000000086e00000, 0x0000000086e00000, 0x0000000086f00000|  0%| F|  |TAMS 0x0000000086e00000, 0x0000000086e00000| Untracked 
|  65|0x0000000086f00000, 0x0000000086f00000, 0x0000000087000000|  0%| F|  |TAMS 0x0000000086f00000, 0x0000000086f00000| Untracked 
|  66|0x0000000087000000, 0x0000000087100000, 0x0000000087100000|100%| S|CS|TAMS 0x0000000087000000, 0x0000000087000000| Complete 
|  67|0x0000000087100000, 0x0000000087200000, 0x0000000087200000|100%| S|CS|TAMS 0x0000000087100000, 0x0000000087100000| Complete 
|  68|0x0000000087200000, 0x0000000087300000, 0x0000000087300000|100%| S|CS|TAMS 0x0000000087200000, 0x0000000087200000| Complete 
|  69|0x0000000087300000, 0x0000000087400000, 0x0000000087400000|100%| S|CS|TAMS 0x0000000087300000, 0x0000000087300000| Complete 
|  70|0x0000000087400000, 0x0000000087500000, 0x0000000087500000|100%| S|CS|TAMS 0x0000000087400000, 0x0000000087400000| Complete 
|  71|0x0000000087500000, 0x0000000087600000, 0x0000000087600000|100%| S|CS|TAMS 0x0000000087500000, 0x0000000087500000| Complete 
|  72|0x0000000087600000, 0x0000000087700000, 0x0000000087700000|100%| S|CS|TAMS 0x0000000087600000, 0x0000000087600000| Complete 
|  73|0x0000000087700000, 0x0000000087800000, 0x0000000087800000|100%| S|CS|TAMS 0x0000000087700000, 0x0000000087700000| Complete 
|  74|0x0000000087800000, 0x0000000087900000, 0x0000000087900000|100%| S|CS|TAMS 0x0000000087800000, 0x0000000087800000| Complete 
|  75|0x0000000087900000, 0x0000000087900000, 0x0000000087a00000|  0%| F|  |TAMS 0x0000000087900000, 0x0000000087900000| Untracked 
|  76|0x0000000087a00000, 0x0000000087a00000, 0x0000000087b00000|  0%| F|  |TAMS 0x0000000087a00000, 0x0000000087a00000| Untracked 
|  77|0x0000000087b00000, 0x0000000087b00000, 0x0000000087c00000|  0%| F|  |TAMS 0x0000000087b00000, 0x0000000087b00000| Untracked 
|  78|0x0000000087c00000, 0x0000000087c00000, 0x0000000087d00000|  0%| F|  |TAMS 0x0000000087c00000, 0x0000000087c00000| Untracked 
|  79|0x0000000087d00000, 0x0000000087d00000, 0x0000000087e00000|  0%| F|  |TAMS 0x0000000087d00000, 0x0000000087d00000| Untracked 
|  80|0x0000000087e00000, 0x0000000087e00000, 0x0000000087f00000|  0%| F|  |TAMS 0x0000000087e00000, 0x0000000087e00000| Untracked 
|  81|0x0000000087f00000, 0x0000000087f00000, 0x0000000088000000|  0%| F|  |TAMS 0x0000000087f00000, 0x0000000087f00000| Untracked 
|  82|0x0000000088000000, 0x0000000088000000, 0x0000000088100000|  0%| F|  |TAMS 0x0000000088000000, 0x0000000088000000| Untracked 
|  83|0x0000000088100000, 0x0000000088100000, 0x0000000088200000|  0%| F|  |TAMS 0x0000000088100000, 0x0000000088100000| Untracked 
|  84|0x0000000088200000, 0x0000000088200000, 0x0000000088300000|  0%| F|  |TAMS 0x0000000088200000, 0x0000000088200000| Untracked 
|  85|0x0000000088300000, 0x0000000088300000, 0x0000000088400000|  0%| F|  |TAMS 0x0000000088300000, 0x0000000088300000| Untracked 
|  86|0x0000000088400000, 0x0000000088400000, 0x0000000088500000|  0%| F|  |TAMS 0x0000000088400000, 0x0000000088400000| Untracked 
|  87|0x0000000088500000, 0x0000000088600000, 0x0000000088600000|100%| E|  |TAMS 0x0000000088500000, 0x0000000088500000| Complete 
|  88|0x0000000088600000, 0x0000000088700000, 0x0000000088700000|100%| E|CS|TAMS 0x0000000088600000, 0x0000000088600000| Complete 
|  89|0x0000000088700000, 0x0000000088800000, 0x0000000088800000|100%| E|CS|TAMS 0x0000000088700000, 0x0000000088700000| Complete 
|  90|0x0000000088800000, 0x0000000088900000, 0x0000000088900000|100%| E|CS|TAMS 0x0000000088800000, 0x0000000088800000| Complete 
|  91|0x0000000088900000, 0x0000000088a00000, 0x0000000088a00000|100%| E|CS|TAMS 0x0000000088900000, 0x0000000088900000| Complete 
|  92|0x0000000088a00000, 0x0000000088b00000, 0x0000000088b00000|100%| E|CS|TAMS 0x0000000088a00000, 0x0000000088a00000| Complete 
|  93|0x0000000088b00000, 0x0000000088c00000, 0x0000000088c00000|100%| E|CS|TAMS 0x0000000088b00000, 0x0000000088b00000| Complete 
|  94|0x0000000088c00000, 0x0000000088d00000, 0x0000000088d00000|100%| E|CS|TAMS 0x0000000088c00000, 0x0000000088c00000| Complete 
|  95|0x0000000088d00000, 0x0000000088e00000, 0x0000000088e00000|100%| E|CS|TAMS 0x0000000088d00000, 0x0000000088d00000| Complete 
|  96|0x0000000088e00000, 0x0000000088f00000, 0x0000000088f00000|100%| E|CS|TAMS 0x0000000088e00000, 0x0000000088e00000| Complete 
|  97|0x0000000088f00000, 0x0000000088fffdf8, 0x0000000089000000| 99%| E|  |TAMS 0x0000000088f00000, 0x0000000088f00000| Complete 
|  98|0x0000000089000000, 0x0000000089100000, 0x0000000089100000|100%| E|CS|TAMS 0x0000000089000000, 0x0000000089000000| Complete 
|  99|0x0000000089100000, 0x0000000089200000, 0x0000000089200000|100%| E|CS|TAMS 0x0000000089100000, 0x0000000089100000| Complete 
| 100|0x0000000089200000, 0x0000000089300000, 0x0000000089300000|100%| E|CS|TAMS 0x0000000089200000, 0x0000000089200000| Complete 
| 101|0x0000000089300000, 0x0000000089400000, 0x0000000089400000|100%| E|CS|TAMS 0x0000000089300000, 0x0000000089300000| Complete 
| 102|0x0000000089400000, 0x0000000089500000, 0x0000000089500000|100%| E|CS|TAMS 0x0000000089400000, 0x0000000089400000| Complete 
| 103|0x0000000089500000, 0x0000000089600000, 0x0000000089600000|100%| E|CS|TAMS 0x0000000089500000, 0x0000000089500000| Complete 
| 104|0x0000000089600000, 0x0000000089700000, 0x0000000089700000|100%| E|CS|TAMS 0x0000000089600000, 0x0000000089600000| Complete 
| 105|0x0000000089700000, 0x0000000089800000, 0x0000000089800000|100%| E|CS|TAMS 0x0000000089700000, 0x0000000089700000| Complete 
| 106|0x0000000089800000, 0x0000000089900000, 0x0000000089900000|100%| E|CS|TAMS 0x0000000089800000, 0x0000000089800000| Complete 
| 107|0x0000000089900000, 0x0000000089a00000, 0x0000000089a00000|100%| E|CS|TAMS 0x0000000089900000, 0x0000000089900000| Complete 
| 108|0x0000000089a00000, 0x0000000089b00000, 0x0000000089b00000|100%| E|CS|TAMS 0x0000000089a00000, 0x0000000089a00000| Complete 
| 109|0x0000000089b00000, 0x0000000089c00000, 0x0000000089c00000|100%| E|CS|TAMS 0x0000000089b00000, 0x0000000089b00000| Complete 
| 110|0x0000000089c00000, 0x0000000089d00000, 0x0000000089d00000|100%| E|CS|TAMS 0x0000000089c00000, 0x0000000089c00000| Complete 
| 111|0x0000000089d00000, 0x0000000089e00000, 0x0000000089e00000|100%| E|CS|TAMS 0x0000000089d00000, 0x0000000089d00000| Complete 
| 112|0x0000000089e00000, 0x0000000089f00000, 0x0000000089f00000|100%| E|CS|TAMS 0x0000000089e00000, 0x0000000089e00000| Complete 
| 113|0x0000000089f00000, 0x000000008a000000, 0x000000008a000000|100%| E|CS|TAMS 0x0000000089f00000, 0x0000000089f00000| Complete 
| 114|0x000000008a000000, 0x000000008a100000, 0x000000008a100000|100%| E|CS|TAMS 0x000000008a000000, 0x000000008a000000| Complete 
| 115|0x000000008a100000, 0x000000008a200000, 0x000000008a200000|100%| E|CS|TAMS 0x000000008a100000, 0x000000008a100000| Complete 
| 116|0x000000008a200000, 0x000000008a300000, 0x000000008a300000|100%| E|CS|TAMS 0x000000008a200000, 0x000000008a200000| Complete 
| 117|0x000000008a300000, 0x000000008a400000, 0x000000008a400000|100%| E|CS|TAMS 0x000000008a300000, 0x000000008a300000| Complete 
| 118|0x000000008a400000, 0x000000008a500000, 0x000000008a500000|100%| E|CS|TAMS 0x000000008a400000, 0x000000008a400000| Complete 
| 119|0x000000008a500000, 0x000000008a600000, 0x000000008a600000|100%| E|CS|TAMS 0x000000008a500000, 0x000000008a500000| Complete 
| 120|0x000000008a600000, 0x000000008a700000, 0x000000008a700000|100%| E|CS|TAMS 0x000000008a600000, 0x000000008a600000| Complete 
| 121|0x000000008a700000, 0x000000008a800000, 0x000000008a800000|100%| E|CS|TAMS 0x000000008a700000, 0x000000008a700000| Complete 
| 122|0x000000008a800000, 0x000000008a900000, 0x000000008a900000|100%| E|CS|TAMS 0x000000008a800000, 0x000000008a800000| Complete 
| 123|0x000000008a900000, 0x000000008aa00000, 0x000000008aa00000|100%| E|CS|TAMS 0x000000008a900000, 0x000000008a900000| Complete 
| 124|0x000000008aa00000, 0x000000008ab00000, 0x000000008ab00000|100%| E|CS|TAMS 0x000000008aa00000, 0x000000008aa00000| Complete 
| 125|0x000000008ab00000, 0x000000008ac00000, 0x000000008ac00000|100%| E|CS|TAMS 0x000000008ab00000, 0x000000008ab00000| Complete 
| 126|0x000000008ac00000, 0x000000008ad00000, 0x000000008ad00000|100%| E|CS|TAMS 0x000000008ac00000, 0x000000008ac00000| Complete 
| 127|0x000000008ad00000, 0x000000008ae00000, 0x000000008ae00000|100%| E|CS|TAMS 0x000000008ad00000, 0x000000008ad00000| Complete 
| 128|0x000000008ae00000, 0x000000008af00000, 0x000000008af00000|100%| E|CS|TAMS 0x000000008ae00000, 0x000000008ae00000| Complete 
| 129|0x000000008af00000, 0x000000008b000000, 0x000000008b000000|100%| E|CS|TAMS 0x000000008af00000, 0x000000008af00000| Complete 
| 130|0x000000008b000000, 0x000000008b100000, 0x000000008b100000|100%| E|CS|TAMS 0x000000008b000000, 0x000000008b000000| Complete 
| 131|0x000000008b100000, 0x000000008b200000, 0x000000008b200000|100%| E|CS|TAMS 0x000000008b100000, 0x000000008b100000| Complete 
| 132|0x000000008b200000, 0x000000008b300000, 0x000000008b300000|100%| E|CS|TAMS 0x000000008b200000, 0x000000008b200000| Complete 
| 133|0x000000008b300000, 0x000000008b400000, 0x000000008b400000|100%| E|CS|TAMS 0x000000008b300000, 0x000000008b300000| Complete 
| 134|0x000000008b400000, 0x000000008b500000, 0x000000008b500000|100%| E|CS|TAMS 0x000000008b400000, 0x000000008b400000| Complete 
| 135|0x000000008b500000, 0x000000008b600000, 0x000000008b600000|100%| E|CS|TAMS 0x000000008b500000, 0x000000008b500000| Complete 
| 136|0x000000008b600000, 0x000000008b700000, 0x000000008b700000|100%| E|CS|TAMS 0x000000008b600000, 0x000000008b600000| Complete 
| 137|0x000000008b700000, 0x000000008b800000, 0x000000008b800000|100%| E|CS|TAMS 0x000000008b700000, 0x000000008b700000| Complete 
| 138|0x000000008b800000, 0x000000008b900000, 0x000000008b900000|100%| E|CS|TAMS 0x000000008b800000, 0x000000008b800000| Complete 
| 139|0x000000008b900000, 0x000000008ba00000, 0x000000008ba00000|100%| E|CS|TAMS 0x000000008b900000, 0x000000008b900000| Complete 
| 140|0x000000008ba00000, 0x000000008bb00000, 0x000000008bb00000|100%| E|CS|TAMS 0x000000008ba00000, 0x000000008ba00000| Complete 
| 141|0x000000008bb00000, 0x000000008bc00000, 0x000000008bc00000|100%| E|CS|TAMS 0x000000008bb00000, 0x000000008bb00000| Complete 
| 142|0x000000008bc00000, 0x000000008bd00000, 0x000000008bd00000|100%| E|CS|TAMS 0x000000008bc00000, 0x000000008bc00000| Complete 
| 143|0x000000008bd00000, 0x000000008be00000, 0x000000008be00000|100%| E|CS|TAMS 0x000000008bd00000, 0x000000008bd00000| Complete 
| 144|0x000000008be00000, 0x000000008bf00000, 0x000000008bf00000|100%| E|CS|TAMS 0x000000008be00000, 0x000000008be00000| Complete 
| 145|0x000000008bf00000, 0x000000008c000000, 0x000000008c000000|100%| E|CS|TAMS 0x000000008bf00000, 0x000000008bf00000| Complete 
| 146|0x000000008c000000, 0x000000008c100000, 0x000000008c100000|100%| E|CS|TAMS 0x000000008c000000, 0x000000008c000000| Complete 
| 147|0x000000008c100000, 0x000000008c200000, 0x000000008c200000|100%| E|CS|TAMS 0x000000008c100000, 0x000000008c100000| Complete 
| 148|0x000000008c200000, 0x000000008c300000, 0x000000008c300000|100%| E|CS|TAMS 0x000000008c200000, 0x000000008c200000| Complete 
| 149|0x000000008c300000, 0x000000008c400000, 0x000000008c400000|100%| E|CS|TAMS 0x000000008c300000, 0x000000008c300000| Complete 
| 150|0x000000008c400000, 0x000000008c500000, 0x000000008c500000|100%| E|CS|TAMS 0x000000008c400000, 0x000000008c400000| Complete 
| 151|0x000000008c500000, 0x000000008c600000, 0x000000008c600000|100%| E|CS|TAMS 0x000000008c500000, 0x000000008c500000| Complete 

Card table byte_map: [0x000001c872b40000,0x000001c872f30000] _byte_map_base: 0x000001c872729000

Marking Bits (Prev, Next): (CMBitMap*) 0x000001c8683d27d0, (CMBitMap*) 0x000001c8683d2798
 Prev Bits: [0x000001c875270000, 0x000001c8771b8000)
 Next Bits: [0x000001c873320000, 0x000001c875268000)

Polling page: 0x000001c868460000

Metaspace:

Usage:
  Non-class:     54.33 MB capacity,    53.01 MB ( 98%) used,     1.16 MB (  2%) free+waste,   167.12 KB ( <1%) overhead. 
      Class:      7.74 MB capacity,     6.88 MB ( 89%) used,   805.25 KB ( 10%) free+waste,    81.88 KB (  1%) overhead. 
       Both:     62.08 MB capacity,    59.89 MB ( 96%) used,     1.95 MB (  3%) free+waste,   249.00 KB ( <1%) overhead. 

Virtual space:
  Non-class space:       56.00 MB reserved,      54.45 MB ( 97%) committed 
      Class space:        1.00 GB reserved,       7.75 MB ( <1%) committed 
             Both:        1.05 GB reserved,      62.20 MB (  6%) committed 

Chunk freelists:
   Non-Class:  2.00 KB
       Class:  7.00 KB
        Both:  9.00 KB

MaxMetaspaceSize: 17179869184.00 GB
CompressedClassSpaceSize: 1.00 GB
Initial GC threshold: 20.80 MB
Current GC threshold: 73.46 MB
CDS: off

CodeHeap 'non-profiled nmethods': size=120064Kb used=4693Kb max_used=4693Kb free=115370Kb
 bounds [0x000001c807ac0000, 0x000001c807f60000, 0x000001c80f000000]
CodeHeap 'profiled nmethods': size=120000Kb used=18662Kb max_used=18662Kb free=101337Kb
 bounds [0x000001c800590000, 0x000001c8017d0000, 0x000001c807ac0000]
CodeHeap 'non-nmethods': size=5696Kb used=2328Kb max_used=2368Kb free=3367Kb
 bounds [0x000001c800000000, 0x000001c800270000, 0x000001c800590000]
 total_blobs=8789 nmethods=7953 adapters=748
 compilation: enabled
              stopped_count=0, restarted_count=0
 full_count=0

Compilation events (20 events):
Event: 29.467 Thread 0x000001c87984a000 nmethod 7932 0x000001c807f51d90 code [0x000001c807f51f80, 0x000001c807f52488]
Event: 29.467 Thread 0x000001c87984a000 7943       4       java.lang.reflect.Field::getFieldAccessor (35 bytes)
Event: 29.476 Thread 0x000001c87984a000 nmethod 7943 0x000001c807f52790 code [0x000001c807f52940, 0x000001c807f52f98]
Event: 29.476 Thread 0x000001c87984a000 7923       4       org.codehaus.groovy.reflection.ClassInfo::isValidWeakMetaClass (30 bytes)
Event: 29.477 Thread 0x000001c87984a000 nmethod 7923 0x000001c807f53090 code [0x000001c807f53220, 0x000001c807f532b8]
Event: 29.477 Thread 0x000001c87984a000 7940   !   4       org.codehaus.groovy.reflection.ClassInfo::getMetaClass (33 bytes)
Event: 29.482 Thread 0x000001c87984a000 nmethod 7940 0x000001c807f53390 code [0x000001c807f53580, 0x000001c807f53830]
Event: 29.482 Thread 0x000001c87984a000 7924   !   4       java.io.BufferedReader::mark (57 bytes)
Event: 29.486 Thread 0x000001c87984a000 nmethod 7924 0x000001c807f53b10 code [0x000001c807f53cc0, 0x000001c807f540c8]
Event: 29.486 Thread 0x000001c87984a000 7946       4       org.codehaus.groovy.reflection.AccessPermissionChecker::checkAccessPermission (70 bytes)
Event: 29.486 Thread 0x000001c87984a000 nmethod 7946 0x000001c807f54290 code [0x000001c807f54420, 0x000001c807f54498]
Event: 29.486 Thread 0x000001c87984a000 7933   !   4       org.codehaus.groovy.reflection.CachedMethod::invoke (96 bytes)
Event: 29.513 Thread 0x000001c87a239000 7954       3       io.restassured.internal.path.json.ConfigurableJsonSlurper::$getCallSiteArray (40 bytes)
Event: 29.514 Thread 0x000001c87a239000 nmethod 7954 0x000001c8017c1b10 code [0x000001c8017c1d40, 0x000001c8017c2568]
Event: 29.515 Thread 0x000001c87a239000 7955       3       io.restassured.internal.path.json.ConfigurableJsonSlurper::getMetaClass (23 bytes)
Event: 29.515 Thread 0x000001c87a239000 nmethod 7955 0x000001c8017c2790 code [0x000001c8017c2960, 0x000001c8017c2b48]
Event: 29.525 Thread 0x000001c87a239000 7956   !   3       jdk.internal.reflect.GeneratedConstructorAccessor31::newInstance (49 bytes)
Event: 29.526 Thread 0x000001c87a239000 nmethod 7956 0x000001c8017c2c10 code [0x000001c8017c2e40, 0x000001c8017c3478]
Event: 29.535 Thread 0x000001c87a239000 7958       3       io.restassured.internal.path.json.ConfigurableJsonSlurper::this$2$parseObject (6 bytes)
Event: 29.535 Thread 0x000001c87a239000 nmethod 7958 0x000001c8017c3790 code [0x000001c8017c3940, 0x000001c8017c3a68]

GC Heap History (18 events):
Event: 1.003 GC heap before
{Heap before GC invocations=0 (full 0):
 garbage-first heap   total 129024K, used 14336K [0x0000000082e00000, 0x0000000100000000)
  region size 1024K, 14 young (14336K), 0 survivors (0K)
 Metaspace       used 10938K, capacity 11097K, committed 11392K, reserved 1058816K
  class space    used 1022K, capacity 1106K, committed 1152K, reserved 1048576K
}
Event: 1.007 GC heap after
{Heap after GC invocations=1 (full 0):
 garbage-first heap   total 129024K, used 3012K [0x0000000082e00000, 0x0000000100000000)
  region size 1024K, 2 young (2048K), 2 survivors (2048K)
 Metaspace       used 10938K, capacity 11097K, committed 11392K, reserved 1058816K
  class space    used 1022K, capacity 1106K, committed 1152K, reserved 1048576K
}
Event: 1.275 GC heap before
{Heap before GC invocations=1 (full 0):
 garbage-first heap   total 129024K, used 16324K [0x0000000082e00000, 0x0000000100000000)
  region size 1024K, 15 young (15360K), 2 survivors (2048K)
 Metaspace       used 13357K, capacity 13605K, committed 13824K, reserved 1060864K
  class space    used 1355K, capacity 1452K, committed 1536K, reserved 1048576K
}
Event: 1.279 GC heap after
{Heap after GC invocations=2 (full 0):
 garbage-first heap   total 129024K, used 3757K [0x0000000082e00000, 0x0000000100000000)
  region size 1024K, 1 young (1024K), 1 survivors (1024K)
 Metaspace       used 13357K, capacity 13605K, committed 13824K, reserved 1060864K
  class space    used 1355K, capacity 1452K, committed 1536K, reserved 1048576K
}
Event: 1.799 GC heap before
{Heap before GC invocations=2 (full 0):
 garbage-first heap   total 129024K, used 34477K [0x0000000082e00000, 0x0000000100000000)
  region size 1024K, 31 young (31744K), 1 survivors (1024K)
 Metaspace       used 16123K, capacity 16324K, committed 16384K, reserved 1064960K
  class space    used 1672K, capacity 1756K, committed 1792K, reserved 1048576K
}
Event: 1.802 GC heap after
{Heap after GC invocations=3 (full 0):
 garbage-first heap   total 129024K, used 4644K [0x0000000082e00000, 0x0000000100000000)
  region size 1024K, 2 young (2048K), 2 survivors (2048K)
 Metaspace       used 16123K, capacity 16324K, committed 16384K, reserved 1064960K
  class space    used 1672K, capacity 1756K, committed 1792K, reserved 1048576K
}
Event: 2.779 GC heap before
{Heap before GC invocations=3 (full 0):
 garbage-first heap   total 129024K, used 35364K [0x0000000082e00000, 0x0000000100000000)
  region size 1024K, 33 young (33792K), 2 survivors (2048K)
 Metaspace       used 20840K, capacity 21240K, committed 21296K, reserved 1069056K
  class space    used 2290K, capacity 2430K, committed 2432K, reserved 1048576K
}
Event: 2.787 GC heap after
{Heap after GC invocations=4 (full 0):
 garbage-first heap   total 129024K, used 6451K [0x0000000082e00000, 0x0000000100000000)
  region size 1024K, 4 young (4096K), 4 survivors (4096K)
 Metaspace       used 20840K, capacity 21240K, committed 21296K, reserved 1069056K
  class space    used 2290K, capacity 2430K, committed 2432K, reserved 1048576K
}
Event: 4.697 GC heap before
{Heap before GC invocations=5 (full 0):
 garbage-first heap   total 129024K, used 64819K [0x0000000082e00000, 0x0000000100000000)
  region size 1024K, 61 young (62464K), 4 survivors (4096K)
 Metaspace       used 25740K, capacity 26469K, committed 26496K, reserved 1073152K
  class space    used 2753K, capacity 2937K, committed 2944K, reserved 1048576K
}
Event: 4.712 GC heap after
{Heap after GC invocations=6 (full 0):
 garbage-first heap   total 129024K, used 10215K [0x0000000082e00000, 0x0000000100000000)
  region size 1024K, 7 young (7168K), 7 survivors (7168K)
 Metaspace       used 25740K, capacity 26469K, committed 26496K, reserved 1073152K
  class space    used 2753K, capacity 2937K, committed 2944K, reserved 1048576K
}
Event: 6.304 GC heap before
{Heap before GC invocations=6 (full 0):
 garbage-first heap   total 129024K, used 79847K [0x0000000082e00000, 0x0000000100000000)
  region size 1024K, 75 young (76800K), 7 survivors (7168K)
 Metaspace       used 29632K, capacity 30498K, committed 30720K, reserved 1077248K
  class space    used 3058K, capacity 3315K, committed 3328K, reserved 1048576K
}
Event: 6.319 GC heap after
{Heap after GC invocations=7 (full 0):
 garbage-first heap   total 129024K, used 15271K [0x0000000082e00000, 0x0000000100000000)
  region size 1024K, 9 young (9216K), 9 survivors (9216K)
 Metaspace       used 29632K, capacity 30498K, committed 30720K, reserved 1077248K
  class space    used 3058K, capacity 3315K, committed 3328K, reserved 1048576K
}
Event: 7.189 GC heap before
{Heap before GC invocations=7 (full 0):
 garbage-first heap   total 129024K, used 38823K [0x0000000082e00000, 0x0000000100000000)
  region size 1024K, 34 young (34816K), 9 survivors (9216K)
 Metaspace       used 34979K, capacity 35900K, committed 36048K, reserved 1081344K
  class space    used 3704K, capacity 3989K, committed 4096K, reserved 1048576K
}
Event: 7.200 GC heap after
{Heap after GC invocations=8 (full 0):
 garbage-first heap   total 129024K, used 16702K [0x0000000082e00000, 0x0000000100000000)
  region size 1024K, 7 young (7168K), 7 survivors (7168K)
 Metaspace       used 34979K, capacity 35900K, committed 36048K, reserved 1081344K
  class space    used 3704K, capacity 3989K, committed 4096K, reserved 1048576K
}
Event: 8.362 GC heap before
{Heap before GC invocations=9 (full 0):
 garbage-first heap   total 129024K, used 88382K [0x0000000082e00000, 0x0000000100000000)
  region size 1024K, 75 young (76800K), 7 survivors (7168K)
 Metaspace       used 43402K, capacity 44828K, committed 45136K, reserved 1089536K
  class space    used 4612K, capacity 5121K, committed 5248K, reserved 1048576K
}
Event: 8.382 GC heap after
{Heap after GC invocations=10 (full 0):
 garbage-first heap   total 155648K, used 25202K [0x0000000082e00000, 0x0000000100000000)
  region size 1024K, 10 young (10240K), 10 survivors (10240K)
 Metaspace       used 43402K, capacity 44828K, committed 45136K, reserved 1089536K
  class space    used 4612K, capacity 5121K, committed 5248K, reserved 1048576K
}
Event: 10.763 GC heap before
{Heap before GC invocations=11 (full 0):
 garbage-first heap   total 155648K, used 104050K [0x0000000082e00000, 0x0000000100000000)
  region size 1024K, 87 young (89088K), 10 survivors (10240K)
 Metaspace       used 55448K, capacity 57398K, committed 57680K, reserved 1099776K
  class space    used 6239K, capacity 6947K, committed 7040K, reserved 1048576K
}
Event: 10.789 GC heap after
{Heap after GC invocations=12 (full 0):
 garbage-first heap   total 155648K, used 33792K [0x0000000082e00000, 0x0000000100000000)
  region size 1024K, 9 young (9216K), 9 survivors (9216K)
 Metaspace       used 55448K, capacity 57398K, committed 57680K, reserved 1099776K
  class space    used 6239K, capacity 6947K, committed 7040K, reserved 1048576K
}

Deoptimization events (20 events):
Event: 14.539 Thread 0x000001c86838d000 DEOPT PACKING pc=0x000001c807f1b3f0 sp=0x0000007732ffc3e0
Event: 14.539 Thread 0x000001c86838d000 DEOPT UNPACKING pc=0x000001c80004a1af sp=0x0000007732ffc380 mode 2
Event: 14.539 Thread 0x000001c86838d000 Uncommon trap: trap_request=0xffffffbe fr.pc=0x000001c807f1b3f0 relative=0x00000000000005f0
Event: 14.539 Thread 0x000001c86838d000 Uncommon trap: reason=profile_predicate action=maybe_recompile pc=0x000001c807f1b3f0 method=java.util.stream.ReferencePipeline.forEachWithCancel(Ljava/util/Spliterator;Ljava/util/stream/Sink;)Z @ 8 c2
Event: 14.539 Thread 0x000001c86838d000 DEOPT PACKING pc=0x000001c807f1b3f0 sp=0x0000007732ffbfd0
Event: 14.539 Thread 0x000001c86838d000 DEOPT UNPACKING pc=0x000001c80004a1af sp=0x0000007732ffbf70 mode 2
Event: 14.539 Thread 0x000001c86838d000 Uncommon trap: trap_request=0xffffffbe fr.pc=0x000001c807f1b3f0 relative=0x00000000000005f0
Event: 14.540 Thread 0x000001c86838d000 Uncommon trap: reason=profile_predicate action=maybe_recompile pc=0x000001c807f1b3f0 method=java.util.stream.ReferencePipeline.forEachWithCancel(Ljava/util/Spliterator;Ljava/util/stream/Sink;)Z @ 8 c2
Event: 14.540 Thread 0x000001c86838d000 DEOPT PACKING pc=0x000001c807f1b3f0 sp=0x0000007732ffbb50
Event: 14.540 Thread 0x000001c86838d000 DEOPT UNPACKING pc=0x000001c80004a1af sp=0x0000007732ffbaf0 mode 2
Event: 14.795 Thread 0x000001c86838d000 DEOPT PACKING pc=0x000001c801089a1c sp=0x0000007732ff89d0
Event: 14.795 Thread 0x000001c86838d000 DEOPT UNPACKING pc=0x000001c80004a95e sp=0x0000007732ff7f70 mode 0
Event: 14.930 Thread 0x000001c86838d000 DEOPT PACKING pc=0x000001c8013f4e29 sp=0x0000007732ff4e40
Event: 14.930 Thread 0x000001c86838d000 DEOPT UNPACKING pc=0x000001c80004a95e sp=0x0000007732ff42c0 mode 0
Event: 29.172 Thread 0x000001c86838d000 DEOPT PACKING pc=0x000001c8009e9e13 sp=0x0000007732ff8730
Event: 29.172 Thread 0x000001c86838d000 DEOPT UNPACKING pc=0x000001c80004a95e sp=0x0000007732ff7c08 mode 0
Event: 29.342 Thread 0x000001c86838d000 Uncommon trap: trap_request=0xffffff76 fr.pc=0x000001c807ade360 relative=0x0000000000000140
Event: 29.342 Thread 0x000001c86838d000 Uncommon trap: reason=loop_limit_check action=maybe_recompile pc=0x000001c807ade360 method=java.lang.StringLatin1.lastIndexOf([BII)I @ 19 c2
Event: 29.342 Thread 0x000001c86838d000 DEOPT PACKING pc=0x000001c807ade360 sp=0x0000007732ff7750
Event: 29.342 Thread 0x000001c86838d000 DEOPT UNPACKING pc=0x000001c80004a1af sp=0x0000007732ff76d0 mode 2

Classes redefined (0 events):
No events

Internal exceptions (20 events):
Event: 14.159 Thread 0x000001c86838d000 Exception <a 'java/lang/ClassNotFoundException'{0x0000000089c692b8}: CreateOrderCustomizer> (0x0000000089c692b8) thrown at [s\src\hotspot\share\classfile\systemDictionary.cpp, line 230]
Event: 14.165 Thread 0x000001c86838d000 Exception <a 'java/lang/ClassCastException'{0x0000000089c89af8}> (0x0000000089c89af8) thrown at [s\src\hotspot\share\runtime\sharedRuntime.cpp, line 606]
Event: 14.172 Thread 0x000001c86838d000 Exception <a 'java/lang/ClassCastException'{0x0000000089c968c8}> (0x0000000089c968c8) thrown at [s\src\hotspot\share\runtime\sharedRuntime.cpp, line 606]
Event: 14.186 Thread 0x000001c86838d000 Exception <a 'sun/nio/fs/WindowsException'{0x0000000089cd06f0}> (0x0000000089cd06f0) thrown at [s\src\hotspot\share\prims\jni.cpp, line 617]
Event: 14.440 Thread 0x000001c86838d000 Exception <a 'sun/nio/fs/WindowsException'{0x0000000089b6f518}> (0x0000000089b6f518) thrown at [s\src\hotspot\share\prims\jni.cpp, line 617]
Event: 14.485 Thread 0x000001c86838d000 Exception <a 'java/lang/ClassNotFoundException'{0x0000000089a293e0}: Script1BeanInfo> (0x0000000089a293e0) thrown at [s\src\hotspot\share\classfile\systemDictionary.cpp, line 230]
Event: 14.486 Thread 0x000001c86838d000 Exception <a 'java/lang/ClassNotFoundException'{0x0000000089a333d8}: Script1Customizer> (0x0000000089a333d8) thrown at [s\src\hotspot\share\classfile\systemDictionary.cpp, line 230]
Event: 14.494 Thread 0x000001c86838d000 Exception <a 'sun/nio/fs/WindowsException'{0x0000000089a40918}> (0x0000000089a40918) thrown at [s\src\hotspot\share\prims\jni.cpp, line 617]
Event: 14.545 Thread 0x000001c86838d000 Exception <a 'java/lang/ClassCastException'{0x000000008991aad0}> (0x000000008991aad0) thrown at [s\src\hotspot\share\runtime\sharedRuntime.cpp, line 606]
Event: 14.553 Thread 0x000001c86838d000 Exception <a 'java/lang/ClassCastException'{0x00000000899278e0}> (0x00000000899278e0) thrown at [s\src\hotspot\share\runtime\sharedRuntime.cpp, line 606]
Event: 14.560 Thread 0x000001c86838d000 Exception <a 'sun/nio/fs/WindowsException'{0x0000000089962588}> (0x0000000089962588) thrown at [s\src\hotspot\share\prims\jni.cpp, line 617]
Event: 14.795 Thread 0x000001c86838d000 Exception <a 'sun/nio/fs/WindowsException'{0x0000000089816810}> (0x0000000089816810) thrown at [s\src\hotspot\share\prims\jni.cpp, line 617]
Event: 14.798 Thread 0x000001c86838d000 Exception <a 'java/lang/ClassCastException'{0x0000000089818bf8}> (0x0000000089818bf8) thrown at [s\src\hotspot\share\runtime\sharedRuntime.cpp, line 606]
Event: 14.826 Thread 0x000001c86838d000 Exception <a 'java/lang/ClassCastException'{0x0000000089828618}> (0x0000000089828618) thrown at [s\src\hotspot\share\runtime\sharedRuntime.cpp, line 606]
Event: 14.830 Thread 0x000001c86838d000 Exception <a 'sun/nio/fs/WindowsException'{0x000000008984cf00}> (0x000000008984cf00) thrown at [s\src\hotspot\share\prims\jni.cpp, line 617]
Event: 14.848 Thread 0x000001c86838d000 Exception <a 'java/lang/ClassNotFoundException'{0x00000000898b8920}: io/restassured/internal/http/HTTPBuilder$RequestConfigDelegateBeanInfo> (0x00000000898b8920) thrown at [s\src\hotspot\share\classfile\systemDictionary.cpp, line 230]
Event: 14.848 Thread 0x000001c86838d000 Exception <a 'java/lang/ClassNotFoundException'{0x00000000898c4bf8}: io/restassured/internal/http/HTTPBuilder$RequestConfigDelegateCustomizer> (0x00000000898c4bf8) thrown at [s\src\hotspot\share\classfile\systemDictionary.cpp, line 230]
Event: 14.850 Thread 0x000001c86838d000 Exception <a 'java/lang/NoSuchMethodError'{0x00000000898e6678}: 'java.lang.Object java.lang.invoke.DirectMethodHandle$Holder.invokeStatic(java.lang.Object, int, java.lang.Object, java.lang.Object, java.lang.Object)'> (0x00000000898e6678) thrown at [s\src\hotspot\share\interpreter\linkResolver.cpp, line 773]
Event: 14.851 Thread 0x000001c86838d000 Exception <a 'java/lang/NoSuchMethodError'{0x00000000898eea38}: 'java.lang.Object java.lang.invoke.DirectMethodHandle$Holder.invokeSpecial(java.lang.Object, java.lang.Object, int, java.lang.Object, java.lang.Object)'> (0x00000000898eea38) thrown at [s\src\hotspot\share\interpreter\linkResolver.cpp, line 773]
Event: 29.333 Thread 0x000001c86838d000 Exception <a 'sun/nio/fs/WindowsException'{0x0000000088fd6740}> (0x0000000088fd6740) thrown at [s\src\hotspot\share\prims\jni.cpp, line 617]

Events (20 events):
Event: 14.845 loading class org/apache/http/client/methods/HttpHead done
Event: 14.845 loading class org/apache/http/client/methods/HttpTrace
Event: 14.845 loading class org/apache/http/client/methods/HttpTrace done
Event: 14.846 loading class org/apache/http/client/methods/HttpOptions
Event: 14.846 loading class org/apache/http/client/methods/HttpOptions done
Event: 14.846 loading class groovy/runtime/metaclass/io/restassured/internal/http/HTTPBuilder$RequestConfigDelegateMetaClass
Event: 14.846 loading class groovy/runtime/metaclass/io/restassured/internal/http/HTTPBuilder$RequestConfigDelegateMetaClass done
Event: 14.847 loading class io/restassured/internal/http/HTTPBuilder$RequestConfigDelegateBeanInfo
Event: 14.847 loading class io/restassured/internal/http/HTTPBuilder$RequestConfigDelegateBeanInfo done
Event: 14.847 loading class io/restassured/internal/http/HTTPBuilder$RequestConfigDelegateBeanInfo
Event: 14.847 loading class io/restassured/internal/http/HTTPBuilder$RequestConfigDelegateBeanInfo done
Event: 14.848 loading class io/restassured/internal/http/HTTPBuilder$RequestConfigDelegateBeanInfo
Event: 14.848 loading class io/restassured/internal/http/HTTPBuilder$RequestConfigDelegateBeanInfo done
Event: 14.848 loading class io/restassured/internal/http/HTTPBuilder$RequestConfigDelegateCustomizer
Event: 14.848 loading class io/restassured/internal/http/HTTPBuilder$RequestConfigDelegateCustomizer done
Event: 14.848 loading class io/restassured/internal/http/HTTPBuilder$RequestConfigDelegateCustomizer
Event: 14.848 loading class io/restassured/internal/http/HTTPBuilder$RequestConfigDelegateCustomizer done
Event: 14.848 loading class io/restassured/internal/http/HTTPBuilder$RequestConfigDelegateCustomizer
Event: 14.848 loading class io/restassured/internal/http/HTTPBuilder$RequestConfigDelegateCustomizer done
Event: 29.201 Thread 0x000001c8101c9800 Thread added: 0x000001c8101c9800


Dynamic libraries:
0x00007ff603190000 - 0x00007ff60319e000 	C:\Program Files\Amazon Corretto\jdk11.0.30_7\bin\java.exe
0x00007ffc2c280000 - 0x00007ffc2c4e7000 	C:\WINDOWS\SYSTEM32\ntdll.dll
0x00007ffc2a680000 - 0x00007ffc2a749000 	C:\WINDOWS\System32\KERNEL32.DLL
0x00007ffc29b50000 - 0x00007ffc29f47000 	C:\WINDOWS\System32\KERNELBASE.dll
0x00007ffc29a00000 - 0x00007ffc29b4b000 	C:\WINDOWS\System32\ucrtbase.dll
0x00007ffc15ed0000 - 0x00007ffc15ee7000 	C:\Program Files\Amazon Corretto\jdk11.0.30_7\bin\jli.dll
0x00007ffc2ae30000 - 0x00007ffc2aff6000 	C:\WINDOWS\System32\USER32.dll
0x00007ffc29010000 - 0x00007ffc29037000 	C:\WINDOWS\System32\win32u.dll
0x00007ffc2a640000 - 0x00007ffc2a66b000 	C:\WINDOWS\System32\GDI32.dll
0x00007ffc28cb0000 - 0x00007ffc28ddc000 	C:\WINDOWS\System32\gdi32full.dll
0x00007ffc28f60000 - 0x00007ffc29003000 	C:\WINDOWS\System32\msvcp_win.dll
0x00007ffc15eb0000 - 0x00007ffc15ecb000 	C:\Program Files\Amazon Corretto\jdk11.0.30_7\bin\VCRUNTIME140.dll
0x00007ffc117d0000 - 0x00007ffc11a62000 	C:\WINDOWS\WinSxS\amd64_microsoft.windows.common-controls_6595b64144ccf1df_6.0.26100.8328_none_3e08182ce334b678\COMCTL32.dll
0x00007ffc2ad00000 - 0x00007ffc2ada9000 	C:\WINDOWS\System32\msvcrt.dll
0x00007ffc2b820000 - 0x00007ffc2b852000 	C:\WINDOWS\System32\IMM32.DLL
0x00007ffc14ce0000 - 0x00007ffc14cec000 	C:\Program Files\Amazon Corretto\jdk11.0.30_7\bin\vcruntime140_1.dll
0x00007ffc022f0000 - 0x00007ffc0237d000 	C:\Program Files\Amazon Corretto\jdk11.0.30_7\bin\msvcp140.dll
0x00007ffbe4df0000 - 0x00007ffbe59b4000 	C:\Program Files\Amazon Corretto\jdk11.0.30_7\bin\server\jvm.dll
0x00007ffc2a980000 - 0x00007ffc2aa36000 	C:\WINDOWS\System32\ADVAPI32.dll
0x00007ffc2a100000 - 0x00007ffc2a1a7000 	C:\WINDOWS\System32\sechost.dll
0x00007ffc2c0c0000 - 0x00007ffc2c1d8000 	C:\WINDOWS\System32\RPCRT4.dll
0x00007ffc2a8f0000 - 0x00007ffc2a970000 	C:\WINDOWS\System32\WS2_32.dll
0x00007ffc2ac80000 - 0x00007ffc2ac88000 	C:\WINDOWS\System32\PSAPI.DLL
0x00007ffc18a10000 - 0x00007ffc18a46000 	C:\WINDOWS\SYSTEM32\WINMM.dll
0x00007ffc19c00000 - 0x00007ffc19c0b000 	C:\WINDOWS\SYSTEM32\VERSION.dll
0x00007ffc27a40000 - 0x00007ffc27a5b000 	C:\WINDOWS\SYSTEM32\kernel.appcore.dll
0x00007ffc139c0000 - 0x00007ffc139d0000 	C:\Program Files\Amazon Corretto\jdk11.0.30_7\bin\verify.dll
0x00007ffc23d90000 - 0x00007ffc23fd2000 	C:\WINDOWS\SYSTEM32\DBGHELP.DLL
0x00007ffc2b490000 - 0x00007ffc2b813000 	C:\WINDOWS\System32\combase.dll
0x00007ffc2b330000 - 0x00007ffc2b409000 	C:\WINDOWS\System32\OLEAUT32.dll
0x00007ffc02e20000 - 0x00007ffc02e5b000 	C:\WINDOWS\SYSTEM32\dbgcore.DLL
0x00007ffc29f50000 - 0x00007ffc29ff8000 	C:\WINDOWS\System32\bcryptPrimitives.dll
0x00007ffc13940000 - 0x00007ffc13968000 	C:\Program Files\Amazon Corretto\jdk11.0.30_7\bin\java.dll
0x00007ffc138f0000 - 0x00007ffc138fa000 	C:\Program Files\Amazon Corretto\jdk11.0.30_7\bin\jimage.dll
0x00007ffc13840000 - 0x00007ffc13858000 	C:\Program Files\Amazon Corretto\jdk11.0.30_7\bin\zip.dll
0x00007ffc2b880000 - 0x00007ffc2bfee000 	C:\WINDOWS\System32\SHELL32.dll
0x00007ffc29040000 - 0x00007ffc298ac000 	C:\WINDOWS\System32\windows.storage.dll
0x00007ffc2b0d0000 - 0x00007ffc2b1c6000 	C:\WINDOWS\System32\SHCORE.dll
0x00007ffc2ac90000 - 0x00007ffc2acf6000 	C:\WINDOWS\System32\shlwapi.dll
0x00007ffc28bd0000 - 0x00007ffc28bf9000 	C:\WINDOWS\SYSTEM32\profapi.dll
0x00007ffc12b40000 - 0x00007ffc12b59000 	C:\Program Files\Amazon Corretto\jdk11.0.30_7\bin\net.dll
0x00007ffc1a1b0000 - 0x00007ffc1a2d9000 	C:\WINDOWS\SYSTEM32\WINHTTP.dll
0x00007ffc27fb0000 - 0x00007ffc2801c000 	C:\WINDOWS\system32\mswsock.dll
0x00007ffc12120000 - 0x00007ffc12132000 	C:\Program Files\Amazon Corretto\jdk11.0.30_7\bin\nio.dll
0x00007ffc120f0000 - 0x00007ffc12114000 	C:\Program Files\JetBrains\IntelliJ IDEA Community Edition 2025.2.6.1\plugins\maven\lib\maven3\lib\jansi-native\Windows\x86_64\jansi.dll
0x00007ffc12a80000 - 0x00007ffc12a89000 	C:\Program Files\Amazon Corretto\jdk11.0.30_7\bin\management.dll
0x00007ffc120e0000 - 0x00007ffc120eb000 	C:\Program Files\Amazon Corretto\jdk11.0.30_7\bin\management_ext.dll
0x00007ffc28290000 - 0x00007ffc282ab000 	C:\WINDOWS\SYSTEM32\CRYPTSP.dll
0x00007ffc279a0000 - 0x00007ffc279d9000 	C:\WINDOWS\system32\rsaenh.dll
0x00007ffc28060000 - 0x00007ffc28093000 	C:\WINDOWS\SYSTEM32\USERENV.dll
0x00007ffc28ba0000 - 0x00007ffc28bca000 	C:\WINDOWS\SYSTEM32\bcrypt.dll
0x00007ffc282b0000 - 0x00007ffc282bc000 	C:\WINDOWS\SYSTEM32\CRYPTBASE.dll
0x00007ffc27450000 - 0x00007ffc27482000 	C:\WINDOWS\SYSTEM32\IPHLPAPI.DLL
0x00007ffc2b000000 - 0x00007ffc2b00a000 	C:\WINDOWS\System32\NSI.dll
0x00007ffc1dc80000 - 0x00007ffc1dc9d000 	C:\WINDOWS\SYSTEM32\dhcpcsvc6.DLL
0x00007ffc1afe0000 - 0x00007ffc1b005000 	C:\WINDOWS\SYSTEM32\dhcpcsvc.DLL
0x00007ffc274e0000 - 0x00007ffc27612000 	C:\WINDOWS\SYSTEM32\DNSAPI.dll
0x00007ffc18910000 - 0x00007ffc18928000 	C:\WINDOWS\system32\napinsp.dll
0x00007ffc188c0000 - 0x00007ffc188d3000 	C:\WINDOWS\System32\winrnr.dll
0x00007ffc18890000 - 0x00007ffc188b2000 	C:\WINDOWS\system32\nlansp_c.dll
0x00007ffc18870000 - 0x00007ffc18886000 	C:\WINDOWS\system32\wshbth.dll
0x00007ffc19920000 - 0x00007ffc1992b000 	C:\Windows\System32\rasadhlp.dll
0x00007ffc1fe20000 - 0x00007ffc1fea6000 	C:\WINDOWS\System32\fwpuclnt.dll
0x00007ffc12020000 - 0x00007ffc12047000 	C:\Program Files\Amazon Corretto\jdk11.0.30_7\bin\sunec.dll
0x00007ffc120d0000 - 0x00007ffc120de000 	C:\Program Files\Amazon Corretto\jdk11.0.30_7\bin\sunmscapi.dll
0x00007ffc28de0000 - 0x00007ffc28f58000 	C:\WINDOWS\System32\CRYPT32.dll
0x00007ffc284b0000 - 0x00007ffc284e0000 	C:\WINDOWS\SYSTEM32\ncrypt.dll
0x00007ffc28460000 - 0x00007ffc2849f000 	C:\WINDOWS\SYSTEM32\NTASN1.dll

dbghelp: loaded successfully - version: 4.0.5 - missing functions: none
symbol engine: initialized successfully - sym options: 0x614 - pdb path: .;C:\Program Files\Amazon Corretto\jdk11.0.30_7\bin;C:\WINDOWS\SYSTEM32;C:\WINDOWS\WinSxS\amd64_microsoft.windows.common-controls_6595b64144ccf1df_6.0.26100.8328_none_3e08182ce334b678;C:\Program Files\Amazon Corretto\jdk11.0.30_7\bin\server;C:\Program Files\JetBrains\IntelliJ IDEA Community Edition 2025.2.6.1\plugins\maven\lib\maven3\lib\jansi-native\Windows\x86_64

VM Arguments:
jvm_args: -Dclassworlds.conf=C:\Program Files\JetBrains\IntelliJ IDEA Community Edition 2025.2.6.1\plugins\maven\lib\maven3\bin\m2.conf -Dmaven.home=C:\Program Files\JetBrains\IntelliJ IDEA Community Edition 2025.2.6.1\plugins\maven\lib\maven3 -Dlibrary.jansi.path=C:\Program Files\JetBrains\IntelliJ IDEA Community Edition 2025.2.6.1\plugins\maven\lib\maven3\lib\jansi-native -Dmaven.multiModuleProjectDirectory=C:\Users\VAR\IdeaProjects\Sprint_7 
java_command: org.codehaus.plexus.classworlds.launcher.Launcher -Didea.version=2025.2.6.1 -Dmaven.ext.class.path=C:\Program Files\JetBrains\IntelliJ IDEA Community Edition 2025.2.6.1\plugins\maven\lib\maven-event-listener.jar -Djansi.passthrough=true -Dstyle.color=always -Dmaven.repo.local=C:\Users\VAR\.m2\repository test -f pom.xml
java_class_path (initial): C:\Program Files\JetBrains\IntelliJ IDEA Community Edition 2025.2.6.1\plugins\maven\lib\maven3\boot\plexus-classworlds-2.8.0.jar
Launcher Type: SUN_STANDARD

[Global flags]
     intx CICompilerCount                          = 3                                         {product} {ergonomic}
     uint ConcGCThreads                            = 1                                         {product} {ergonomic}
     uint G1ConcRefinementThreads                  = 4                                         {product} {ergonomic}
   size_t G1HeapRegionSize                         = 1048576                                   {product} {ergonomic}
    uintx GCDrainStackTargetSize                   = 64                                        {product} {ergonomic}
   size_t InitialHeapSize                          = 132120576                                 {product} {ergonomic}
   size_t MarkStackSize                            = 4194304                                   {product} {ergonomic}
   size_t MaxHeapSize                              = 2099249152                                {product} {ergonomic}
   size_t MaxNewSize                               = 1259339776                                {product} {ergonomic}
   size_t MinHeapDeltaBytes                        = 1048576                                   {product} {ergonomic}
    uintx NonNMethodCodeHeapSize                   = 5830732                                {pd product} {ergonomic}
    uintx NonProfiledCodeHeapSize                  = 122913754                              {pd product} {ergonomic}
    uintx ProfiledCodeHeapSize                     = 122913754                              {pd product} {ergonomic}
    uintx ReservedCodeCacheSize                    = 251658240                              {pd product} {ergonomic}
     bool SegmentedCodeCache                       = true                                      {product} {ergonomic}
     bool UseCompressedClassPointers               = true                                 {lp64_product} {ergonomic}
     bool UseCompressedOops                        = true                                 {lp64_product} {ergonomic}
     bool UseG1GC                                  = true                                      {product} {ergonomic}
     bool UseLargePagesIndividualAllocation        = false                                  {pd product} {ergonomic}

Logging:
Log output configuration:
 #0: stdout all=warning uptime,level,tags
 #1: stderr all=off uptime,level,tags

Environment Variables:
JAVA_HOME=C:\Program Files\Amazon Corretto\jdk11.0.30_7
PATH=C:\Program Files\apache-maven-3.9.12\bin\bin;%MAVEN_HOME%\bin;C:\Program Files\Amazon Corretto\jdk11.0.30_7\bin;C:\WINDOWS\system32;C:\WINDOWS;C:\WINDOWS\System32\Wbem;C:\WINDOWS\System32\WindowsPowerShell\v1.0\;C:\WINDOWS\System32\OpenSSH\;C:\Program Files\dotnet\;C:\Program Files\apache-maven-3.9.12\bin;C:\Program Files\Git\cmd;C:\Program Files\Git\mingw64\bin;C:\Program Files\Git\usr\bin;C:\Users\VAR\AppData\Local\Microsoft\WindowsApps;C:\Program Files\Apache\maven;C:\Program Files (x86)\allure-2.40.0\bin;
USERNAME=VAR
OS=Windows_NT
PROCESSOR_IDENTIFIER=Intel64 Family 6 Model 142 Stepping 11, GenuineIntel
TMP=C:\Users\VAR\AppData\Local\Temp
TEMP=C:\Users\VAR\AppData\Local\Temp



---------------  S Y S T E M  ---------------

OS: Windows 11 , 64 bit Build 26100 (10.0.26100.8328)
OS uptime: 6 days 4:48 hours

CPU:total 4 (initial active 4) (2 cores per cpu, 2 threads per core) family 6 model 142 stepping 11 microcode 0xde, cmov, cx8, fxsr, mmx, sse, sse2, sse3, ssse3, sse4.1, sse4.2, popcnt, avx, avx2, aes, clmul, erms, 3dnowpref, lzcnt, ht, tsc, tscinvbit, bmi1, bmi2, adx, fma

Memory: 4k page, system-wide physical 8007M (1049M free)
TotalPageFile size 10507M (AvailPageFile size 10M)
current process WorkingSet (physical memory assigned to process): 309M, peak: 327M
current process commit charge ("private bytes"): 355M, peak: 371M

vm_info: OpenJDK 64-Bit Server VM (11.0.30+7-LTS) for windows-amd64 JRE (11.0.30+7-LTS), built on Jan 15 2026 19:16:40 by "Administrator" with MS VC++ 16.10 / 16.11 (VS2019)

END.
